Archive member included to satisfy reference by file (symbol)

.\CortexM3\ARM_GCC_541\Debug\03-I2C_Master_Advanced_Complete.a(UART_Debug.o)
                              .\CortexM3\ARM_GCC_541\Debug\main.o (UART_Debug_Start)
.\CortexM3\ARM_GCC_541\Debug\03-I2C_Master_Advanced_Complete.a(I2C_Master.o)
                              .\CortexM3\ARM_GCC_541\Debug\I2C_Interface.o (I2C_Master_Start)
.\CortexM3\ARM_GCC_541\Debug\03-I2C_Master_Advanced_Complete.a(I2C_Master_INT.o)
                              .\CortexM3\ARM_GCC_541\Debug\03-I2C_Master_Advanced_Complete.a(I2C_Master.o) (I2C_Master_ISR)
.\CortexM3\ARM_GCC_541\Debug\03-I2C_Master_Advanced_Complete.a(I2C_Master_PM.o)
                              .\CortexM3\ARM_GCC_541\Debug\03-I2C_Master_Advanced_Complete.a(I2C_Master.o) (I2C_Master_backup)
.\CortexM3\ARM_GCC_541\Debug\03-I2C_Master_Advanced_Complete.a(I2C_Master_MASTER.o)
                              .\CortexM3\ARM_GCC_541\Debug\03-I2C_Master_Advanced_Complete.a(I2C_Master.o) (I2C_Master_mstrStatus)
.\CortexM3\ARM_GCC_541\Debug\03-I2C_Master_Advanced_Complete.a(UART_Debug_IntClock.o)
                              .\CortexM3\ARM_GCC_541\Debug\03-I2C_Master_Advanced_Complete.a(UART_Debug.o) (UART_Debug_IntClock_Start)
.\CortexM3\ARM_GCC_541\Debug\03-I2C_Master_Advanced_Complete.a(CyLib.o)
                              .\CortexM3\ARM_GCC_541\Debug\Cm3Start.o (CyHalt)
.\CortexM3\ARM_GCC_541\Debug\03-I2C_Master_Advanced_Complete.a(cyPm.o)
                              .\CortexM3\ARM_GCC_541\Debug\03-I2C_Master_Advanced_Complete.a(CyLib.o) (CyPmReadStatus)
.\CortexM3\ARM_GCC_541\Debug\03-I2C_Master_Advanced_Complete.a(CyBootAsmGnu.o)
                              .\CortexM3\ARM_GCC_541\Debug\cyfitter_cfg.o (CyDelayCycles)
.\CortexM3\ARM_GCC_541\Debug\03-I2C_Master_Advanced_Complete.a(CyFlash.o)
                              .\CortexM3\ARM_GCC_541\Debug\03-I2C_Master_Advanced_Complete.a(cyPm.o) (CyFlash_SetWaitCycles)
.\CortexM3\ARM_GCC_541\Debug\03-I2C_Master_Advanced_Complete.a(CySpc.o)
                              .\CortexM3\ARM_GCC_541\Debug\03-I2C_Master_Advanced_Complete.a(CyFlash.o) (CySpcStart)
d:/program files (x86)/cypress/psoc creator/4.3/psoc creator/import/gnu/arm/5.4.1/bin/../lib/gcc/arm-none-eabi/5.4.1/../../../../arm-none-eabi/lib/armv7-m\libg_nano.a(lib_a-errno.o)
                              .\CortexM3\ARM_GCC_541\Debug\Cm3Start.o (__errno)
d:/program files (x86)/cypress/psoc creator/4.3/psoc creator/import/gnu/arm/5.4.1/bin/../lib/gcc/arm-none-eabi/5.4.1/../../../../arm-none-eabi/lib/armv7-m\libg_nano.a(lib_a-exit.o)
                              d:/program files (x86)/cypress/psoc creator/4.3/psoc creator/import/gnu/arm/5.4.1/bin/../lib/gcc/arm-none-eabi/5.4.1/../../../../arm-none-eabi/lib/armv7-m/crt0.o (exit)
d:/program files (x86)/cypress/psoc creator/4.3/psoc creator/import/gnu/arm/5.4.1/bin/../lib/gcc/arm-none-eabi/5.4.1/../../../../arm-none-eabi/lib/armv7-m\libg_nano.a(lib_a-impure.o)
                              d:/program files (x86)/cypress/psoc creator/4.3/psoc creator/import/gnu/arm/5.4.1/bin/../lib/gcc/arm-none-eabi/5.4.1/../../../../arm-none-eabi/lib/armv7-m\libg_nano.a(lib_a-exit.o) (_global_impure_ptr)
d:/program files (x86)/cypress/psoc creator/4.3/psoc creator/import/gnu/arm/5.4.1/bin/../lib/gcc/arm-none-eabi/5.4.1/../../../../arm-none-eabi/lib/armv7-m\libg_nano.a(lib_a-init.o)
                              d:/program files (x86)/cypress/psoc creator/4.3/psoc creator/import/gnu/arm/5.4.1/bin/../lib/gcc/arm-none-eabi/5.4.1/../../../../arm-none-eabi/lib/armv7-m/crt0.o (__libc_init_array)
d:/program files (x86)/cypress/psoc creator/4.3/psoc creator/import/gnu/arm/5.4.1/bin/../lib/gcc/arm-none-eabi/5.4.1/../../../../arm-none-eabi/lib/armv7-m\libg_nano.a(lib_a-memcpy-stub.o)
                              .\CortexM3\ARM_GCC_541\Debug\cyfitter_cfg.o (memcpy)
d:/program files (x86)/cypress/psoc creator/4.3/psoc creator/import/gnu/arm/5.4.1/bin/../lib/gcc/arm-none-eabi/5.4.1/../../../../arm-none-eabi/lib/armv7-m\libg_nano.a(lib_a-memset.o)
                              d:/program files (x86)/cypress/psoc creator/4.3/psoc creator/import/gnu/arm/5.4.1/bin/../lib/gcc/arm-none-eabi/5.4.1/../../../../arm-none-eabi/lib/armv7-m/crt0.o (memset)
d:/program files (x86)/cypress/psoc creator/4.3/psoc creator/import/gnu/arm/5.4.1/bin/../lib/gcc/arm-none-eabi/5.4.1/../../../../arm-none-eabi/lib/armv7-m\libg_nano.a(lib_a-sprintf.o)
                              .\CortexM3\ARM_GCC_541\Debug\main.o (sprintf)
d:/program files (x86)/cypress/psoc creator/4.3/psoc creator/import/gnu/arm/5.4.1/bin/../lib/gcc/arm-none-eabi/5.4.1/../../../../arm-none-eabi/lib/armv7-m\libg_nano.a(lib_a-nano-svfprintf.o)
                              d:/program files (x86)/cypress/psoc creator/4.3/psoc creator/import/gnu/arm/5.4.1/bin/../lib/gcc/arm-none-eabi/5.4.1/../../../../arm-none-eabi/lib/armv7-m\libg_nano.a(lib_a-sprintf.o) (_svfprintf_r)
[...]
Memory Configuration

Name             Origin             Length             Attributes
rom              0x00000000         0x00040000         xr
ram              0x1fff8000         0x00010000         xrw
*default*        0x00000000         0xffffffff

Linker script and memory map

LOAD d:/program files (x86)/cypress/psoc creator/4.3/psoc creator/import/gnu/arm/5.4.1/bin/../lib/gcc/arm-none-eabi/5.4.1/armv7-m/crti.o
LOAD d:/program files (x86)/cypress/psoc creator/4.3/psoc creator/import/gnu/arm/5.4.1/bin/../lib/gcc/arm-none-eabi/5.4.1/armv7-m/crtbegin.o
LOAD d:/program files (x86)/cypress/psoc creator/4.3/psoc creator/import/gnu/arm/5.4.1/bin/../lib/gcc/arm-none-eabi/5.4.1/../../../../arm-none-eabi/lib/armv7-m/crt0.o
START GROUP
LOAD .\CortexM3\ARM_GCC_541\Debug\main.o
LOAD .\CortexM3\ARM_GCC_541\Debug\I2C_Interface.o
LOAD .\CortexM3\ARM_GCC_541\Debug\cyfitter_cfg.o
LOAD .\CortexM3\ARM_GCC_541\Debug\cymetadata.o
LOAD .\CortexM3\ARM_GCC_541\Debug\Cm3Start.o
LOAD .\CortexM3\ARM_GCC_541\Debug\03-I2C_Master_Advanced_Complete.a
LOAD D:\Program Files (x86)\Cypress\PSoC Creator\4.3\PSoC Creator\psoc\content\cycomponentlibrary\CyComponentLibrary.cylib\CortexM3\ARM_GCC_541\Debug\CyComponentLibrary.a
END GROUP
START GROUP
LOAD d:/program files (x86)/cypress/psoc creator/4.3/psoc creator/import/gnu/arm/5.4.1/bin/../lib/gcc/arm-none-eabi/5.4.1/armv7-m\libgcc.a
LOAD d:/program files (x86)/cypress/psoc creator/4.3/psoc creator/import/gnu/arm/5.4.1/bin/../lib/gcc/arm-none-eabi/5.4.1/../../../../arm-none-eabi/lib/armv7-m\libg_nano.a
LOAD d:/program files (x86)/cypress/psoc creator/4.3/psoc creator/import/gnu/arm/5.4.1/bin/../lib/gcc/arm-none-eabi/5.4.1/../../../../arm-none-eabi/lib/armv7-m\libc_nano.a
END GROUP
START GROUP
LOAD d:/program files (x86)/cypress/psoc creator/4.3/psoc creator/import/gnu/arm/5.4.1/bin/../lib/gcc/arm-none-eabi/5.4.1/armv7-m\libgcc.a
LOAD d:/program files (x86)/cypress/psoc creator/4.3/psoc creator/import/gnu/arm/5.4.1/bin/../lib/gcc/arm-none-eabi/5.4.1/../../../../arm-none-eabi/lib/armv7-m\libc_nano.a
END GROUP
LOAD d:/program files (x86)/cypress/psoc creator/4.3/psoc creator/import/gnu/arm/5.4.1/bin/../lib/gcc/arm-none-eabi/5.4.1/armv7-m/crtend.o
LOAD d:/program files (x86)/cypress/psoc creator/4.3/psoc creator/import/gnu/arm/5.4.1/bin/../lib/gcc/arm-none-eabi/5.4.1/armv7-m/crtn.o
START GROUP
LOAD d:/program files (x86)/cypress/psoc creator/4.3/psoc creator/import/gnu/arm/5.4.1/bin/../lib/gcc/arm-none-eabi/5.4.1/armv7-m\libgcc.a
LOAD d:/program files (x86)/cypress/psoc creator/4.3/psoc creator/import/gnu/arm/5.4.1/bin/../lib/gcc/arm-none-eabi/5.4.1/../../../../arm-none-eabi/lib/armv7-m\libc.a
LOAD d:/program files (x86)/cypress/psoc creator/4.3/psoc creator/import/gnu/arm/5.4.1/bin/../lib/gcc/arm-none-eabi/5.4.1/../../../../arm-none-eabi/lib/armv7-m\libnosys.a
END GROUP
                0x00000000                CY_APPL_ORIGIN = 0x0
                0x00000100                CY_FLASH_ROW_SIZE = 0x100
                0x00000020                CY_ECC_ROW_SIZE = 0x20
                0x00000000                CY_EE_IN_BTLDR = 0x0
                0x00000000                CY_APPL_LOADABLE = 0x0
                0x00000800                CY_EE_SIZE = 0x800
                0x00000001                CY_APPL_NUM = 0x1
                0x00000001                CY_APPL_MAX = 0x1
                0x00000040                CY_METADATA_SIZE = 0x40
                0x00000000                CY_APPL_LOADABLE = 0x0
                0x00000000                CY_CHECKSUM_EXCLUDE_SIZE = ALIGN (0x0, CY_FLASH_ROW_SIZE)
                [!provide]                PROVIDE (__cy_heap_start, _end)
                0x00000001                PROVIDE (__cy_region_num, ((__cy_regions_end - __cy_regions) / 0x10))
                0x20008000                PROVIDE (__cy_stack, (ORIGIN (ram) + LENGTH (ram)))
                [!provide]                PROVIDE (__cy_heap_end, (__cy_stack - 0x800))

.cybootloader   0x00000000        0x0
 *(.cybootloader)
                0x00000000                appl1_start = CY_APPL_ORIGIN?CY_APPL_ORIGIN:ALIGN (CY_FLASH_ROW_SIZE)
                0x0001ff00                appl2_start = (appl1_start + ALIGN ((((LENGTH (rom) - appl1_start) - (0x2 * CY_FLASH_ROW_SIZE)) / 0x2), CY_FLASH_ROW_SIZE))
                0x00000000                appl_start = (CY_APPL_NUM == 0x1)?appl1_start:appl2_start
                0x00000000                ecc_offset = ((appl_start / CY_FLASH_ROW_SIZE) * CY_ECC_ROW_SIZE)
                0x00000000                ee_offset = (CY_APPL_LOADABLE && ! (CY_EE_IN_BTLDR))?((CY_EE_SIZE / CY_APPL_MAX) * (CY_APPL_NUM - 0x1)):0x0
                0x00000800                ee_size = (CY_APPL_LOADABLE && ! (CY_EE_IN_BTLDR))?(CY_EE_SIZE / CY_APPL_MAX):CY_EE_SIZE
                [!provide]                PROVIDE (CY_ECC_OFFSET, ecc_offset)

.text           0x00000000     0x1658
 CREATE_OBJECT_SYMBOLS
                0x00000000                PROVIDE (__cy_interrupt_vector, RomVectors)
 *(.romvectors)
 .romvectors    0x00000000       0x10 .\CortexM3\ARM_GCC_541\Debug\Cm3Start.o
                0x00000000                RomVectors
                0x00000001                ASSERT ((. != __cy_interrupt_vector), No interrupt vector)
                0x00000001                ASSERT (CY_APPL_ORIGIN?(SIZEOF (.cybootloader) <= CY_APPL_ORIGIN):0x1, Wrong image location)
                0x00000010                PROVIDE (__cy_reset, Reset)
 *(.text.Reset)
 .text.Reset    0x00000010       0x18 .\CortexM3\ARM_GCC_541\Debug\Cm3Start.o
                0x00000010                Reset
                0x00000001                ASSERT ((. != __cy_reset), No reset code)
 *(.dma_init)
                0x00000001                ASSERT ((((appl_start + .) <= 0x10000) || 0x1), DMA Init must be within the first 64k of flash)
 *(.text .text.* .gnu.linkonce.t.*)
 .text          0x00000028       0x5c d:/program files (x86)/cypress/psoc creator/4.3/psoc creator/import/gnu/arm/5.4.1/bin/../lib/gcc/arm-none-eabi/5.4.1/armv7-m/crtbegin.o
 .text.main     0x00000084      0x260 .\CortexM3\ARM_GCC_541\Debug\main.o
                0x00000084                main
 .text.I2C_Peripheral_Start
                0x000002e4        0xc .\CortexM3\ARM_GCC_541\Debug\I2C_Interface.o
                0x000002e4                I2C_Peripheral_Start
 .text.I2C_Peripheral_ReadRegister
                0x000002f0       0x3c .\CortexM3\ARM_GCC_541\Debug\I2C_Interface.o
                0x000002f0                I2C_Peripheral_ReadRegister
 .text.I2C_Peripheral_WriteRegister
                0x0000032c       0x30 .\CortexM3\ARM_GCC_541\Debug\I2C_Interface.o
                0x0000032c                I2C_Peripheral_WriteRegister
 .text.I2C_Peripheral_IsDeviceConnected
                0x0000035c       0x18 .\CortexM3\ARM_GCC_541\Debug\I2C_Interface.o
                0x0000035c                I2C_Peripheral_IsDeviceConnected
 .text.CyClockStartupError
                0x00000374        0x4 .\CortexM3\ARM_GCC_541\Debug\cyfitter_cfg.o
 .text.cfg_write_bytes32
                0x00000378       0x34 .\CortexM3\ARM_GCC_541\Debug\cyfitter_cfg.o
 .text.AnalogSetDefault
                0x000003ac       0x28 .\CortexM3\ARM_GCC_541\Debug\cyfitter_cfg.o
 .text.CYMEMZERO
                0x000003d4        0xc .\CortexM3\ARM_GCC_541\Debug\cyfitter_cfg.o
 .text.ClockSetup
                0x000003e0       0xb8 .\CortexM3\ARM_GCC_541\Debug\cyfitter_cfg.o
 .text.CYCONFIGCPY
                0x00000498        0x8 .\CortexM3\ARM_GCC_541\Debug\cyfitter_cfg.o
 .text.cyfitter_cfg
                0x000004a0      0x100 .\CortexM3\ARM_GCC_541\Debug\cyfitter_cfg.o
                0x000004a0                cyfitter_cfg
 .text.IntDefaultHandler
                0x000005a0       0x10 .\CortexM3\ARM_GCC_541\Debug\Cm3Start.o
                0x000005a0                IntDefaultHandler
 .text._sbrk    0x000005b0       0x30 .\CortexM3\ARM_GCC_541\Debug\Cm3Start.o
                0x000005b0                _sbrk
 .text.Start_c  0x000005e0       0x4c .\CortexM3\ARM_GCC_541\Debug\Cm3Start.o
                0x000005e0                Start_c
 .text.initialize_psoc
                0x0000062c       0x68 .\CortexM3\ARM_GCC_541\Debug\Cm3Start.o
                0x0000062c                initialize_psoc
 .text.UART_Debug_Init
                0x00000694       0x24 .\CortexM3\ARM_GCC_541\Debug\03-I2C_Master_Advanced_Complete.a(UART_Debug.o)
                0x00000694                UART_Debug_Init
 .text.UART_Debug_Enable
                0x000006b8       0x38 .\CortexM3\ARM_GCC_541\Debug\03-I2C_Master_Advanced_Complete.a(UART_Debug.o)
                0x000006b8                UART_Debug_Enable
 .text.UART_Debug_Start
                0x000006f0       0x1c .\CortexM3\ARM_GCC_541\Debug\03-I2C_Master_Advanced_Complete.a(UART_Debug.o)
                0x000006f0                UART_Debug_Start
 .text.UART_Debug_PutChar
                0x0000070c       0x18 .\CortexM3\ARM_GCC_541\Debug\03-I2C_Master_Advanced_Complete.a(UART_Debug.o)
                0x0000070c                UART_Debug_PutChar
 .text.UART_Debug_PutString
                0x00000724       0x24 .\CortexM3\ARM_GCC_541\Debug\03-I2C_Master_Advanced_Complete.a(UART_Debug.o)
                0x00000724                UART_Debug_PutString
 .text.UART_Debug_PutArray
                0x00000748       0x28 .\CortexM3\ARM_GCC_541\Debug\03-I2C_Master_Advanced_Complete.a(UART_Debug.o)
                0x00000748                UART_Debug_PutArray
 .text.I2C_Master_Init
                0x00000770       0x68 .\CortexM3\ARM_GCC_541\Debug\03-I2C_Master_Advanced_Complete.a(I2C_Master.o)
                0x00000770                I2C_Master_Init
 .text.I2C_Master_Enable
                0x000007d8       0x24 .\CortexM3\ARM_GCC_541\Debug\03-I2C_Master_Advanced_Complete.a(I2C_Master.o)
                0x000007d8                I2C_Master_Enable
 .text.I2C_Master_Start
                0x000007fc       0x28 .\CortexM3\ARM_GCC_541\Debug\03-I2C_Master_Advanced_Complete.a(I2C_Master.o)
                0x000007fc                I2C_Master_Start
 .text.I2C_Master_ISR
                0x00000824      0x2d0 .\CortexM3\ARM_GCC_541\Debug\03-I2C_Master_Advanced_Complete.a(I2C_Master_INT.o)
                0x00000824                I2C_Master_ISR
 .text.I2C_Master_MasterSendStart
                0x00000af4       0x80 .\CortexM3\ARM_GCC_541\Debug\03-I2C_Master_Advanced_Complete.a(I2C_Master_MASTER.o)
                0x00000af4                I2C_Master_MasterSendStart
 .text.I2C_Master_MasterSendRestart
                0x00000b74       0x6c .\CortexM3\ARM_GCC_541\Debug\03-I2C_Master_Advanced_Complete.a(I2C_Master_MASTER.o)
                0x00000b74                I2C_Master_MasterSendRestart
 .text.I2C_Master_MasterSendStop
                0x00000be0       0x38 .\CortexM3\ARM_GCC_541\Debug\03-I2C_Master_Advanced_Complete.a(I2C_Master_MASTER.o)
                0x00000be0                I2C_Master_MasterSendStop
 .text.I2C_Master_MasterWriteByte
                0x00000c18       0x58 .\CortexM3\ARM_GCC_541\Debug\03-I2C_Master_Advanced_Complete.a(I2C_Master_MASTER.o)
                0x00000c18                I2C_Master_MasterWriteByte
 .text.I2C_Master_MasterReadByte
                0x00000c70       0x58 .\CortexM3\ARM_GCC_541\Debug\03-I2C_Master_Advanced_Complete.a(I2C_Master_MASTER.o)
                0x00000c70                I2C_Master_MasterReadByte
 .text.UART_Debug_IntClock_Start
                0x00000cc8       0x1c .\CortexM3\ARM_GCC_541\Debug\03-I2C_Master_Advanced_Complete.a(UART_Debug_IntClock.o)
                0x00000cc8                UART_Debug_IntClock_Start
 .text.CyHalt   0x00000ce4        0x4 .\CortexM3\ARM_GCC_541\Debug\03-I2C_Master_Advanced_Complete.a(CyLib.o)
                0x00000ce4                CyHalt
 .text.CyDelay  0x00000ce8       0x2c .\CortexM3\ARM_GCC_541\Debug\03-I2C_Master_Advanced_Complete.a(CyLib.o)
                0x00000ce8                CyDelay
 .text.CyIntSetVector
                0x00000d14       0x28 .\CortexM3\ARM_GCC_541\Debug\03-I2C_Master_Advanced_Complete.a(CyLib.o)
                0x00000d14                CyIntSetVector
 .text.CyIntSetPriority
                0x00000d3c       0x30 .\CortexM3\ARM_GCC_541\Debug\03-I2C_Master_Advanced_Complete.a(CyLib.o)
                0x00000d3c                CyIntSetPriority
 *fill*         0x00000d6c        0x4 
 .text          0x00000d70       0x20 .\CortexM3\ARM_GCC_541\Debug\03-I2C_Master_Advanced_Complete.a(CyBootAsmGnu.o)
                0x00000d70                CyDelayCycles
                0x00000d80                CyEnterCriticalSection
                0x00000d88                CyExitCriticalSection
 .text.__errno  0x00000d90        0xc d:/program files (x86)/cypress/psoc creator/4.3/psoc creator/import/gnu/arm/5.4.1/bin/../lib/gcc/arm-none-eabi/5.4.1/../../../../arm-none-eabi/lib/armv7-m\libg_nano.a(lib_a-errno.o)
                0x00000d90                __errno
 .text.__libc_init_array
                0x00000d9c       0x4c d:/program files (x86)/cypress/psoc creator/4.3/psoc creator/import/gnu/arm/5.4.1/bin/../lib/gcc/arm-none-eabi/5.4.1/../../../../arm-none-eabi/lib/armv7-m\libg_nano.a(lib_a-init.o)
                0x00000d9c                __libc_init_array
 .text.memcpy   0x00000de8       0x16 d:/program files (x86)/cypress/psoc creator/4.3/psoc creator/import/gnu/arm/5.4.1/bin/../lib/gcc/arm-none-eabi/5.4.1/../../../../arm-none-eabi/lib/armv7-m\libg_nano.a(lib_a-memcpy-stub.o)
                0x00000de8                memcpy
 .text.memset   0x00000dfe       0x10 d:/program files (x86)/cypress/psoc creator/4.3/psoc creator/import/gnu/arm/5.4.1/bin/../lib/gcc/arm-none-eabi/5.4.1/../../../../arm-none-eabi/lib/armv7-m\libg_nano.a(lib_a-memset.o)
                0x00000dfe                memset
 *fill*         0x00000e0e        0x2 
 .text.sprintf  0x00000e10       0x48 d:/program files (x86)/cypress/psoc creator/4.3/psoc creator/import/gnu/arm/5.4.1/bin/../lib/gcc/arm-none-eabi/5.4.1/../../../../arm-none-eabi/lib/armv7-m\libg_nano.a(lib_a-sprintf.o)
                0x00000e10                siprintf
                0x00000e10                sprintf
 .text.__ssputs_r
                0x00000e58       0xb2 d:/program files (x86)/cypress/psoc creator/4.3/psoc creator/import/gnu/arm/5.4.1/bin/../lib/gcc/arm-none-eabi/5.4.1/../../../../arm-none-eabi/lib/armv7-m\libg_nano.a(lib_a-nano-svfprintf.o)
                0x00000e58                __ssputs_r
 *fill*         0x00000f0a        0x2 
 .text._svfprintf_r
                0x00000f0c      0x1e8 d:/program files (x86)/cypress/psoc creator/4.3/psoc creator/import/gnu/arm/5.4.1/bin/../lib/gcc/arm-none-eabi/5.4.1/../../../../arm-none-eabi/lib/armv7-m\libg_nano.a(lib_a-nano-svfprintf.o)
                0x00000f0c                _svfiprintf_r
                0x00000f0c                _svfprintf_r
 .text._printf_common
                0x000010f4       0xec d:/program files (x86)/cypress/psoc creator/4.3/psoc creator/import/gnu/arm/5.4.1/bin/../lib/gcc/arm-none-eabi/5.4.1/../../../../arm-none-eabi/lib/armv7-m\libg_nano.a(lib_a-nano-vfprintf_i.o)
                0x000010f4                _printf_common
 .text._printf_i
                0x000011e0      0x24c d:/program files (x86)/cypress/psoc creator/4.3/psoc creator/import/gnu/arm/5.4.1/bin/../lib/gcc/arm-none-eabi/5.4.1/../../../../arm-none-eabi/lib/armv7-m\libg_nano.a(lib_a-nano-vfprintf_i.o)
                0x000011e0                _printf_i
 .text.memchr   0x0000142c       0x1c d:/program files (x86)/cypress/psoc creator/4.3/psoc creator/import/gnu/arm/5.4.1/bin/../lib/gcc/arm-none-eabi/5.4.1/../../../../arm-none-eabi/lib/armv7-m\libg_nano.a(lib_a-memchr-stub.o)
                0x0000142c                memchr
 .text.memmove  0x00001448       0x36 d:/program files (x86)/cypress/psoc creator/4.3/psoc creator/import/gnu/arm/5.4.1/bin/../lib/gcc/arm-none-eabi/5.4.1/../../../../arm-none-eabi/lib/armv7-m\libg_nano.a(lib_a-memmove.o)
                0x00001448                memmove
 *fill*         0x0000147e        0x2 
 .text._free_r  0x00001480       0x98 d:/program files (x86)/cypress/psoc creator/4.3/psoc creator/import/gnu/arm/5.4.1/bin/../lib/gcc/arm-none-eabi/5.4.1/../../../../arm-none-eabi/lib/armv7-m\libg_nano.a(lib_a-nano-freer.o)
                0x00001480                _free_r
 .text._malloc_r
                0x00001518       0xbc d:/program files (x86)/cypress/psoc creator/4.3/psoc creator/import/gnu/arm/5.4.1/bin/../lib/gcc/arm-none-eabi/5.4.1/../../../../arm-none-eabi/lib/armv7-m\libg_nano.a(lib_a-nano-mallocr.o)
                0x00001518                _malloc_r
 .text._realloc_r
                0x000015d4       0x4c d:/program files (x86)/cypress/psoc creator/4.3/psoc creator/import/gnu/arm/5.4.1/bin/../lib/gcc/arm-none-eabi/5.4.1/../../../../arm-none-eabi/lib/armv7-m\libg_nano.a(lib_a-nano-reallocr.o)
                0x000015d4                _realloc_r
 .text._sbrk_r  0x00001620       0x20 d:/program files (x86)/cypress/psoc creator/4.3/psoc creator/import/gnu/arm/5.4.1/bin/../lib/gcc/arm-none-eabi/5.4.1/../../../../arm-none-eabi/lib/armv7-m\libg_nano.a(lib_a-sbrkr.o)
                0x00001620                _sbrk_r
 .text.__malloc_lock
                0x00001640        0x2 d:/program files (x86)/cypress/psoc creator/4.3/psoc creator/import/gnu/arm/5.4.1/bin/../lib/gcc/arm-none-eabi/5.4.1/../../../../arm-none-eabi/lib/armv7-m\libg_nano.a(lib_a-mlock.o)
                0x00001640                __malloc_lock
 .text.__malloc_unlock
                0x00001642        0x2 d:/program files (x86)/cypress/psoc creator/4.3/psoc creator/import/gnu/arm/5.4.1/bin/../lib/gcc/arm-none-eabi/5.4.1/../../../../arm-none-eabi/lib/armv7-m\libg_nano.a(lib_a-mlock.o)
                0x00001642                __malloc_unlock
 .text._malloc_usable_size_r
                0x00001644       0x14 d:/program files (x86)/cypress/psoc creator/4.3/psoc creator/import/gnu/arm/5.4.1/bin/../lib/gcc/arm-none-eabi/5.4.1/../../../../arm-none-eabi/lib/armv7-m\libg_nano.a(lib_a-nano-msizer.o)
                0x00001644                _malloc_usable_size_r
 *(.plt)
 *(.gnu.warning)
 *(.glue_7t)
 .glue_7t       0x00001658        0x0 linker stubs
 *(.glue_7)
 .glue_7        0x00001658        0x0 linker stubs
 *(.vfp11_veneer)
 .vfp11_veneer  0x00001658        0x0 linker stubs
 *(.bootloader)
 *(.ARM.extab* .gnu.linkonce.armextab.*)
 *(.gcc_except_table)

.v4_bx          0x00001658        0x0
 .v4_bx         0x00001658        0x0 linker stubs

.iplt           0x00001658        0x0
 .iplt          0x00001658        0x0 d:/program files (x86)/cypress/psoc creator/4.3/psoc creator/import/gnu/arm/5.4.1/bin/../lib/gcc/arm-none-eabi/5.4.1/armv7-m/crtbegin.o

.eh_frame_hdr
 *(.eh_frame_hdr)

.eh_frame       0x00001658        0x4
 *(.eh_frame)
 .eh_frame      0x00001658        0x0 d:/program files (x86)/cypress/psoc creator/4.3/psoc creator/import/gnu/arm/5.4.1/bin/../lib/gcc/arm-none-eabi/5.4.1/armv7-m/crtbegin.o
 .eh_frame      0x00001658        0x4 d:/program files (x86)/cypress/psoc creator/4.3/psoc creator/import/gnu/arm/5.4.1/bin/../lib/gcc/arm-none-eabi/5.4.1/armv7-m/crtend.o
                [!provide]                PROVIDE (__exidx_start, .)

.ARM.exidx
 *(.ARM.exidx* .gnu.linkonce.armexidx.*)
                0x0000165c                __exidx_end = .

.rodata         0x0000165c      0x3e4
 *(.rodata .rodata.* .gnu.linkonce.r.*)
 .rodata.str1.4
                0x0000165c      0x324 .\CortexM3\ARM_GCC_541\Debug\main.o
                                0x321 (size before relaxing)
 .rodata        0x00001980       0x50 .\CortexM3\ARM_GCC_541\Debug\cyfitter_cfg.o
 .rodata.str1.1
                0x000019d0        0x2 d:/program files (x86)/cypress/psoc creator/4.3/psoc creator/import/gnu/arm/5.4.1/bin/../lib/gcc/arm-none-eabi/5.4.1/../../../../arm-none-eabi/lib/armv7-m\libg_nano.a(lib_a-impure.o)
 .rodata.str1.1
                0x000019d2       0x11 d:/program files (x86)/cypress/psoc creator/4.3/psoc creator/import/gnu/arm/5.4.1/bin/../lib/gcc/arm-none-eabi/5.4.1/../../../../arm-none-eabi/lib/armv7-m\libg_nano.a(lib_a-nano-svfprintf.o)
 .rodata.str1.1
                0x000019e3       0x22 d:/program files (x86)/cypress/psoc creator/4.3/psoc creator/import/gnu/arm/5.4.1/bin/../lib/gcc/arm-none-eabi/5.4.1/../../../../arm-none-eabi/lib/armv7-m\libg_nano.a(lib_a-nano-vfprintf_i.o)
                0x00001a08                . = ALIGN (0x4)
 *fill*         0x00001a05        0x3 
 *(.init)
 .init          0x00001a08        0x4 d:/program files (x86)/cypress/psoc creator/4.3/psoc creator/import/gnu/arm/5.4.1/bin/../lib/gcc/arm-none-eabi/5.4.1/armv7-m/crti.o
                0x00001a08                _init
 .init          0x00001a0c        0x8 d:/program files (x86)/cypress/psoc creator/4.3/psoc creator/import/gnu/arm/5.4.1/bin/../lib/gcc/arm-none-eabi/5.4.1/armv7-m/crtn.o
                0x00001a14                . = ALIGN (0x4)
                0x00001a14                __preinit_array_start = .
 *(.preinit_array)
                0x00001a14                __preinit_array_end = .
                0x00001a14                . = ALIGN (0x4)
                0x00001a14                __init_array_start = .
 *(SORT(.init_array.*))
 *(.init_array)
 .init_array    0x00001a14        0x4 d:/program files (x86)/cypress/psoc creator/4.3/psoc creator/import/gnu/arm/5.4.1/bin/../lib/gcc/arm-none-eabi/5.4.1/armv7-m/crtbegin.o
 .init_array    0x00001a18        0x4 .\CortexM3\ARM_GCC_541\Debug\Cm3Start.o
                0x00001a1c                __init_array_end = .
                0x00001a1c                . = ALIGN (0x4)
 *(.fini)
 .fini          0x00001a1c        0x4 d:/program files (x86)/cypress/psoc creator/4.3/psoc creator/import/gnu/arm/5.4.1/bin/../lib/gcc/arm-none-eabi/5.4.1/armv7-m/crti.o
                0x00001a1c                _fini
 .fini          0x00001a20        0x8 d:/program files (x86)/cypress/psoc creator/4.3/psoc creator/import/gnu/arm/5.4.1/bin/../lib/gcc/arm-none-eabi/5.4.1/armv7-m/crtn.o
                0x00001a28                . = ALIGN (0x4)
                0x00001a28                __fini_array_start = .
 *(.fini_array)
 .fini_array    0x00001a28        0x4 d:/program files (x86)/cypress/psoc creator/4.3/psoc creator/import/gnu/arm/5.4.1/bin/../lib/gcc/arm-none-eabi/5.4.1/armv7-m/crtbegin.o
 *(SORT(.fini_array.*))
                0x00001a2c                __fini_array_end = .
                0x00001a2c                . = ALIGN (0x4)
 *crtbegin.o(.ctors)
 *(EXCLUDE_FILE(*crtend.o) .ctors)
 *(SORT(.ctors.*))
 *crtend.o(.ctors)
                0x00001a2c                . = ALIGN (0x4)
 *crtbegin.o(.dtors)
 *(EXCLUDE_FILE(*crtend.o) .dtors)
 *(SORT(.dtors.*))
 *crtend.o(.dtors)
                0x00001a2c                . = ALIGN (0x4)
                0x00001a2c                __cy_regions = .
                0x00001a2c        0x4 LONG 0x1a40 __cy_region_init_ram
                0x00001a30        0x4 LONG 0x1fff80c8 __cy_region_start_data
                0x00001a34        0x4 LONG 0x80 __cy_region_init_size_ram
                0x00001a38        0x4 LONG 0x40 __cy_region_zero_size_ram
                0x00001a3c                __cy_regions_end = .
                0x00001a40                . = ALIGN (0x8)
 *fill*         0x00001a3c        0x4 
                0x00001a40                _etext = .

.cy_checksum_exclude
                0x00001a40        0x0
 *(.cy_checksum_exclude)

.ramvectors     0x1fff8000       0xc0
                0x1fff8000                __cy_region_start_ram = .
 *(.ramvectors)
 .ramvectors    0x1fff8000       0xc0 .\CortexM3\ARM_GCC_541\Debug\Cm3Start.o
                0x1fff8000                CyRamVectors

.noinit         0x1fff80c0        0x1
 *(.noinit)
 .noinit        0x1fff80c0        0x1 .\CortexM3\ARM_GCC_541\Debug\03-I2C_Master_Advanced_Complete.a(CyLib.o)
                0x1fff80c0                CyResetStatus

.data           0x1fff80c8       0x80 load address 0x00001a40
                0x1fff80c8                __cy_region_start_data = .
 *(.jcr)
 .jcr           0x1fff80c8        0x0 d:/program files (x86)/cypress/psoc creator/4.3/psoc creator/import/gnu/arm/5.4.1/bin/../lib/gcc/arm-none-eabi/5.4.1/armv7-m/crtbegin.o
 .jcr           0x1fff80c8        0x4 d:/program files (x86)/cypress/psoc creator/4.3/psoc creator/import/gnu/arm/5.4.1/bin/../lib/gcc/arm-none-eabi/5.4.1/armv7-m/crtend.o
 *(.got.plt)
 *(.got)
 *(.shdata)
 *(.data .data.* .gnu.linkonce.d.*)
 .data          0x1fff80cc        0x4 .\CortexM3\ARM_GCC_541\Debug\Cm3Start.o
 .data          0x1fff80d0       0x10 .\CortexM3\ARM_GCC_541\Debug\03-I2C_Master_Advanced_Complete.a(CyLib.o)
                0x1fff80d0                cydelay_32k_ms
                0x1fff80d4                cydelay_freq_khz
                0x1fff80d8                cydelay_freq_mhz
                0x1fff80dc                cydelay_freq_hz
 .data.impure_data
                0x1fff80e0       0x60 d:/program files (x86)/cypress/psoc creator/4.3/psoc creator/import/gnu/arm/5.4.1/bin/../lib/gcc/arm-none-eabi/5.4.1/../../../../arm-none-eabi/lib/armv7-m\libg_nano.a(lib_a-impure.o)
 .data._impure_ptr
                0x1fff8140        0x4 d:/program files (x86)/cypress/psoc creator/4.3/psoc creator/import/gnu/arm/5.4.1/bin/../lib/gcc/arm-none-eabi/5.4.1/../../../../arm-none-eabi/lib/armv7-m\libg_nano.a(lib_a-impure.o)
                0x1fff8140                _impure_ptr
                0x1fff8148                . = ALIGN (0x8)
 *fill*         0x1fff8144        0x4 
 *(.ram)
                0x1fff8148                _edata = .

.igot.plt       0x1fff8148        0x0 load address 0x00001ac0
 .igot.plt      0x1fff8148        0x0 d:/program files (x86)/cypress/psoc creator/4.3/psoc creator/import/gnu/arm/5.4.1/bin/../lib/gcc/arm-none-eabi/5.4.1/armv7-m/crtbegin.o

.bss            0x1fff8148       0x40 load address 0x00001ac0
                0x1fff8148                PROVIDE (__bss_start__, .)
 *(.shbss)
 *(.bss .bss.* .gnu.linkonce.b.*)
 .bss           0x1fff8148       0x1c d:/program files (x86)/cypress/psoc creator/4.3/psoc creator/import/gnu/arm/5.4.1/bin/../lib/gcc/arm-none-eabi/5.4.1/armv7-m/crtbegin.o
 .bss           0x1fff8164        0x2 .\CortexM3\ARM_GCC_541\Debug\03-I2C_Master_Advanced_Complete.a(UART_Debug.o)
                0x1fff8164                UART_Debug_initVar
 .bss           0x1fff8166        0x1 .\CortexM3\ARM_GCC_541\Debug\03-I2C_Master_Advanced_Complete.a(I2C_Master.o)
                0x1fff8166                I2C_Master_initVar
 *fill*         0x1fff8167        0x1 
 .bss.__malloc_sbrk_start
                0x1fff8168        0x4 d:/program files (x86)/cypress/psoc creator/4.3/psoc creator/import/gnu/arm/5.4.1/bin/../lib/gcc/arm-none-eabi/5.4.1/../../../../arm-none-eabi/lib/armv7-m\libg_nano.a(lib_a-nano-mallocr.o)
                0x1fff8168                __malloc_sbrk_start
 .bss.__malloc_free_list
                0x1fff816c        0x4 d:/program files (x86)/cypress/psoc creator/4.3/psoc creator/import/gnu/arm/5.4.1/bin/../lib/gcc/arm-none-eabi/5.4.1/../../../../arm-none-eabi/lib/armv7-m\libg_nano.a(lib_a-nano-mallocr.o)
                0x1fff816c                __malloc_free_list
 *(COMMON)
 COMMON         0x1fff8170        0x1 .\CortexM3\ARM_GCC_541\Debug\03-I2C_Master_Advanced_Complete.a(I2C_Master.o)
                0x1fff8170                I2C_Master_state
 *fill*         0x1fff8171        0x3 
 COMMON         0x1fff8174        0xf .\CortexM3\ARM_GCC_541\Debug\03-I2C_Master_Advanced_Complete.a(I2C_Master_MASTER.o)
                0x1fff8174                I2C_Master_mstrRdBufIndex
                0x1fff8175                I2C_Master_mstrWrBufIndex
                0x1fff8176                I2C_Master_mstrWrBufSize
                0x1fff8178                I2C_Master_mstrWrBufPtr
                0x1fff817c                I2C_Master_mstrRdBufPtr
                0x1fff8180                I2C_Master_mstrControl
                0x1fff8181                I2C_Master_mstrStatus
                0x1fff8182                I2C_Master_mstrRdBufSize
 *fill*         0x1fff8183        0x1 
 COMMON         0x1fff8184        0x4 d:/program files (x86)/cypress/psoc creator/4.3/psoc creator/import/gnu/arm/5.4.1/bin/../lib/gcc/arm-none-eabi/5.4.1/../../../../arm-none-eabi/lib/armv7-m\libg_nano.a(lib_a-reent.o)
                0x1fff8184                errno
                0x1fff8188                . = ALIGN (0x8)
 *(.ram.b)
                0x1fff8188                _end = .
                0x1fff8188                __end = .
                0x1fff8188                PROVIDE (end, .)
                0x1fff8188                PROVIDE (__bss_end__, .)
                0x00001a40                __cy_region_init_ram = LOADADDR (.data)
                0x00000080                __cy_region_init_size_ram = (_edata - ADDR (.data))
                0x00000040                __cy_region_zero_size_ram = (_end - _edata)

.heap           0x1fff8188       0x80 load address 0x00001ac0
                0x1fff8188                . = _end
                0x1fff8208                . = (. + 0x80)
 *fill*         0x1fff8188       0x80 
                0x1fff8208                __cy_heap_limit = .

.stack          0x20007800      0x800
                0x20007800                __cy_stack_limit = .
                0x20008000                . = (. + 0x800)
 *fill*         0x20007800      0x800 
                0x00000001                ASSERT ((__cy_stack_limit >= __cy_heap_limit), region RAM overflowed with stack)
                0x00000000                cy_checksum_exclude_size = (CY_APPL_LOADABLE == 0x1)?SIZEOF (.cy_checksum_exclude):0x0
                0x00000001                ASSERT ((cy_checksum_exclude_size <= CY_CHECKSUM_EXCLUDE_SIZE), CY_BOOT: Section .cy_checksum_exclude size exceedes specified limit.)

.cyloadermeta
 *(.cyloadermeta)

.cyloadablemeta
 *(.cyloadablemeta)

.cyconfigecc    0x80000000      0x37c
 *(.cyconfigecc)
 .cyconfigecc   0x80000000      0x37c .\CortexM3\ARM_GCC_541\Debug\cymetadata.o
                0x80000000                cy_meta_configecc

.cycustnvl      0x90000000        0x4
 *(.cycustnvl)
 .cycustnvl     0x90000000        0x4 .\CortexM3\ARM_GCC_541\Debug\cymetadata.o
                0x90000000                cy_meta_custnvl

.cywolatch      0x90100000        0x4
 *(.cywolatch)
 .cywolatch     0x90100000        0x4 .\CortexM3\ARM_GCC_541\Debug\cymetadata.o
                0x90100000                cy_meta_wonvl

.cyeeprom       0x90200000        0x0
 *(.cyeeprom)
                0x00000001                ASSERT ((. <= ((0x90200000 + ee_offset) + ee_size)), .cyeeprom data will not fit in EEPROM)

.cyflashprotect
                0x90400000      0x100
 *(.cyflashprotect)
 .cyflashprotect
                0x90400000      0x100 .\CortexM3\ARM_GCC_541\Debug\cymetadata.o
                0x90400000                cy_meta_flashprotect

.cymeta         0x90500000        0xc
 *(.cymeta)
 .cymeta        0x90500000        0xc .\CortexM3\ARM_GCC_541\Debug\cymetadata.o
                0x90500000                cy_metadata

.rel.dyn        0x00001ac0        0x0 load address 0x9050000c
 .rel.iplt      0x00001ac0        0x0 d:/program files (x86)/cypress/psoc creator/4.3/psoc creator/import/gnu/arm/5.4.1/bin/../lib/gcc/arm-none-eabi/5.4.1/armv7-m/crtbegin.o

.stab
 *(.stab)

.stabstr
 *(.stabstr)

.debug
 *(.debug)

.line
 *(.line)

.debug_srcinfo
 *(.debug_srcinfo)

.debug_sfnames
 *(.debug_sfnames)

.debug_aranges  0x00000000      0x7f8
 *(.debug_aranges)
 .debug_aranges
                0x00000000       0x20 .\CortexM3\ARM_GCC_541\Debug\main.o
 .debug_aranges
                0x00000020       0x50 .\CortexM3\ARM_GCC_541\Debug\I2C_Interface.o
 .debug_aranges
                0x00000070       0x58 .\CortexM3\ARM_GCC_541\Debug\cyfitter_cfg.o
 .debug_aranges
                0x000000c8       0x18 .\CortexM3\ARM_GCC_541\Debug\cymetadata.o
 .debug_aranges
                0x000000e0       0x48 .\CortexM3\ARM_GCC_541\Debug\Cm3Start.o
 .debug_aranges
                0x00000128       0xf0 .\CortexM3\ARM_GCC_541\Debug\03-I2C_Master_Advanced_Complete.a(UART_Debug.o)
 .debug_aranges
                0x00000218       0x38 .\CortexM3\ARM_GCC_541\Debug\03-I2C_Master_Advanced_Complete.a(I2C_Master.o)
 .debug_aranges
                0x00000250       0x20 .\CortexM3\ARM_GCC_541\Debug\03-I2C_Master_Advanced_Complete.a(I2C_Master_INT.o)
 .debug_aranges
                0x00000270       0x38 .\CortexM3\ARM_GCC_541\Debug\03-I2C_Master_Advanced_Complete.a(I2C_Master_PM.o)
 .debug_aranges
                0x000002a8       0x80 .\CortexM3\ARM_GCC_541\Debug\03-I2C_Master_Advanced_Complete.a(I2C_Master_MASTER.o)
 .debug_aranges
                0x00000328       0x70 .\CortexM3\ARM_GCC_541\Debug\03-I2C_Master_Advanced_Complete.a(UART_Debug_IntClock.o)
 .debug_aranges
                0x00000398      0x2a0 .\CortexM3\ARM_GCC_541\Debug\03-I2C_Master_Advanced_Complete.a(CyLib.o)
 .debug_aranges
                0x00000638       0x98 .\CortexM3\ARM_GCC_541\Debug\03-I2C_Master_Advanced_Complete.a(cyPm.o)
 .debug_aranges
                0x000006d0       0x20 .\CortexM3\ARM_GCC_541\Debug\03-I2C_Master_Advanced_Complete.a(CyBootAsmGnu.o)
 .debug_aranges
                0x000006f0       0x88 .\CortexM3\ARM_GCC_541\Debug\03-I2C_Master_Advanced_Complete.a(CyFlash.o)
 .debug_aranges
                0x00000778       0x80 .\CortexM3\ARM_GCC_541\Debug\03-I2C_Master_Advanced_Complete.a(CySpc.o)

.debug_pubnames
 *(.debug_pubnames)

.debug_info     0x00000000     0x5268
 *(.debug_info .gnu.linkonce.wi.*)
 .debug_info    0x00000000      0x74e .\CortexM3\ARM_GCC_541\Debug\main.o
 .debug_info    0x0000074e      0x3a7 .\CortexM3\ARM_GCC_541\Debug\I2C_Interface.o
 .debug_info    0x00000af5      0x583 .\CortexM3\ARM_GCC_541\Debug\cyfitter_cfg.o
 .debug_info    0x00001078      0x135 .\CortexM3\ARM_GCC_541\Debug\cymetadata.o
 .debug_info    0x000011ad      0x3bb .\CortexM3\ARM_GCC_541\Debug\Cm3Start.o
 .debug_info    0x00001568      0x60c .\CortexM3\ARM_GCC_541\Debug\03-I2C_Master_Advanced_Complete.a(UART_Debug.o)
 .debug_info    0x00001b74      0x2ad .\CortexM3\ARM_GCC_541\Debug\03-I2C_Master_Advanced_Complete.a(I2C_Master.o)
 .debug_info    0x00001e21      0x184 .\CortexM3\ARM_GCC_541\Debug\03-I2C_Master_Advanced_Complete.a(I2C_Master_INT.o)
 .debug_info    0x00001fa5      0x207 .\CortexM3\ARM_GCC_541\Debug\03-I2C_Master_Advanced_Complete.a(I2C_Master_PM.o)
 .debug_info    0x000021ac      0x407 .\CortexM3\ARM_GCC_541\Debug\03-I2C_Master_Advanced_Complete.a(I2C_Master_MASTER.o)
 .debug_info    0x000025b3      0x283 .\CortexM3\ARM_GCC_541\Debug\03-I2C_Master_Advanced_Complete.a(UART_Debug_IntClock.o)
 .debug_info    0x00002836     0x1374 .\CortexM3\ARM_GCC_541\Debug\03-I2C_Master_Advanced_Complete.a(CyLib.o)
 .debug_info    0x00003baa      0xa2a .\CortexM3\ARM_GCC_541\Debug\03-I2C_Master_Advanced_Complete.a(cyPm.o)
 .debug_info    0x000045d4       0xf7 .\CortexM3\ARM_GCC_541\Debug\03-I2C_Master_Advanced_Complete.a(CyBootAsmGnu.o)
 .debug_info    0x000046cb      0x64d .\CortexM3\ARM_GCC_541\Debug\03-I2C_Master_Advanced_Complete.a(CyFlash.o)
 .debug_info    0x00004d18      0x550 .\CortexM3\ARM_GCC_541\Debug\03-I2C_Master_Advanced_Complete.a(CySpc.o)

.debug_abbrev   0x00000000     0x1480
 *(.debug_abbrev)
 .debug_abbrev  0x00000000      0x14a .\CortexM3\ARM_GCC_541\Debug\main.o
 .debug_abbrev  0x0000014a       0xe5 .\CortexM3\ARM_GCC_541\Debug\I2C_Interface.o
 .debug_abbrev  0x0000022f      0x20d .\CortexM3\ARM_GCC_541\Debug\cyfitter_cfg.o
 .debug_abbrev  0x0000043c       0x66 .\CortexM3\ARM_GCC_541\Debug\cymetadata.o
 .debug_abbrev  0x000004a2      0x1e8 .\CortexM3\ARM_GCC_541\Debug\Cm3Start.o
 .debug_abbrev  0x0000068a      0x175 .\CortexM3\ARM_GCC_541\Debug\03-I2C_Master_Advanced_Complete.a(UART_Debug.o)
 .debug_abbrev  0x000007ff      0x10a .\CortexM3\ARM_GCC_541\Debug\03-I2C_Master_Advanced_Complete.a(I2C_Master.o)
 .debug_abbrev  0x00000909       0xb6 .\CortexM3\ARM_GCC_541\Debug\03-I2C_Master_Advanced_Complete.a(I2C_Master_INT.o)
 .debug_abbrev  0x000009bf       0xfe .\CortexM3\ARM_GCC_541\Debug\03-I2C_Master_Advanced_Complete.a(I2C_Master_PM.o)
 .debug_abbrev  0x00000abd      0x13c .\CortexM3\ARM_GCC_541\Debug\03-I2C_Master_Advanced_Complete.a(I2C_Master_MASTER.o)
 .debug_abbrev  0x00000bf9      0x139 .\CortexM3\ARM_GCC_541\Debug\03-I2C_Master_Advanced_Complete.a(UART_Debug_IntClock.o)
 .debug_abbrev  0x00000d32      0x254 .\CortexM3\ARM_GCC_541\Debug\03-I2C_Master_Advanced_Complete.a(CyLib.o)
 .debug_abbrev  0x00000f86      0x1ab .\CortexM3\ARM_GCC_541\Debug\03-I2C_Master_Advanced_Complete.a(cyPm.o)
 .debug_abbrev  0x00001131       0x14 .\CortexM3\ARM_GCC_541\Debug\03-I2C_Master_Advanced_Complete.a(CyBootAsmGnu.o)
 .debug_abbrev  0x00001145      0x1a7 .\CortexM3\ARM_GCC_541\Debug\03-I2C_Master_Advanced_Complete.a(CyFlash.o)
 .debug_abbrev  0x000012ec      0x194 .\CortexM3\ARM_GCC_541\Debug\03-I2C_Master_Advanced_Complete.a(CySpc.o)

.debug_line     0x00000000     0x2350
 *(.debug_line)
 .debug_line    0x00000000      0x271 .\CortexM3\ARM_GCC_541\Debug\main.o
 .debug_line    0x00000271      0x1ed .\CortexM3\ARM_GCC_541\Debug\I2C_Interface.o
 .debug_line    0x0000045e      0x1f2 .\CortexM3\ARM_GCC_541\Debug\cyfitter_cfg.o
 .debug_line    0x00000650      0x141 .\CortexM3\ARM_GCC_541\Debug\cymetadata.o
 .debug_line    0x00000791      0x234 .\CortexM3\ARM_GCC_541\Debug\Cm3Start.o
 .debug_line    0x000009c5      0x2c8 .\CortexM3\ARM_GCC_541\Debug\03-I2C_Master_Advanced_Complete.a(UART_Debug.o)
 .debug_line    0x00000c8d       0xee .\CortexM3\ARM_GCC_541\Debug\03-I2C_Master_Advanced_Complete.a(I2C_Master.o)
 .debug_line    0x00000d7b      0x122 .\CortexM3\ARM_GCC_541\Debug\03-I2C_Master_Advanced_Complete.a(I2C_Master_INT.o)
 .debug_line    0x00000e9d       0xc9 .\CortexM3\ARM_GCC_541\Debug\03-I2C_Master_Advanced_Complete.a(I2C_Master_PM.o)
 .debug_line    0x00000f66      0x20b .\CortexM3\ARM_GCC_541\Debug\03-I2C_Master_Advanced_Complete.a(I2C_Master_MASTER.o)
 .debug_line    0x00001171      0x182 .\CortexM3\ARM_GCC_541\Debug\03-I2C_Master_Advanced_Complete.a(UART_Debug_IntClock.o)
 .debug_line    0x000012f3      0x816 .\CortexM3\ARM_GCC_541\Debug\03-I2C_Master_Advanced_Complete.a(CyLib.o)
 .debug_line    0x00001b09      0x367 .\CortexM3\ARM_GCC_541\Debug\03-I2C_Master_Advanced_Complete.a(cyPm.o)
 .debug_line    0x00001e70       0x66 .\CortexM3\ARM_GCC_541\Debug\03-I2C_Master_Advanced_Complete.a(CyBootAsmGnu.o)
 .debug_line    0x00001ed6      0x21a .\CortexM3\ARM_GCC_541\Debug\03-I2C_Master_Advanced_Complete.a(CyFlash.o)
 .debug_line    0x000020f0      0x260 .\CortexM3\ARM_GCC_541\Debug\03-I2C_Master_Advanced_Complete.a(CySpc.o)

.debug_frame    0x00000000     0x185c
 *(.debug_frame)
 .debug_frame   0x00000000       0x2c .\CortexM3\ARM_GCC_541\Debug\main.o
 .debug_frame   0x0000002c       0xcc .\CortexM3\ARM_GCC_541\Debug\I2C_Interface.o
 .debug_frame   0x000000f8       0xe4 .\CortexM3\ARM_GCC_541\Debug\cyfitter_cfg.o
 .debug_frame   0x000001dc       0xb8 .\CortexM3\ARM_GCC_541\Debug\Cm3Start.o
 .debug_frame   0x00000294      0x250 .\CortexM3\ARM_GCC_541\Debug\03-I2C_Master_Advanced_Complete.a(UART_Debug.o)
 .debug_frame   0x000004e4       0x94 .\CortexM3\ARM_GCC_541\Debug\03-I2C_Master_Advanced_Complete.a(I2C_Master.o)
 .debug_frame   0x00000578       0x30 .\CortexM3\ARM_GCC_541\Debug\03-I2C_Master_Advanced_Complete.a(I2C_Master_INT.o)
 .debug_frame   0x000005a8       0x74 .\CortexM3\ARM_GCC_541\Debug\03-I2C_Master_Advanced_Complete.a(I2C_Master_PM.o)
 .debug_frame   0x0000061c      0x138 .\CortexM3\ARM_GCC_541\Debug\03-I2C_Master_Advanced_Complete.a(I2C_Master_MASTER.o)
 .debug_frame   0x00000754       0xe0 .\CortexM3\ARM_GCC_541\Debug\03-I2C_Master_Advanced_Complete.a(UART_Debug_IntClock.o)
 .debug_frame   0x00000834      0x738 .\CortexM3\ARM_GCC_541\Debug\03-I2C_Master_Advanced_Complete.a(CyLib.o)
 .debug_frame   0x00000f6c      0x1f8 .\CortexM3\ARM_GCC_541\Debug\03-I2C_Master_Advanced_Complete.a(cyPm.o)
 .debug_frame   0x00001164      0x194 .\CortexM3\ARM_GCC_541\Debug\03-I2C_Master_Advanced_Complete.a(CyFlash.o)
 .debug_frame   0x000012f8      0x180 .\CortexM3\ARM_GCC_541\Debug\03-I2C_Master_Advanced_Complete.a(CySpc.o)
 .debug_frame   0x00001478       0x20 d:/program files (x86)/cypress/psoc creator/4.3/psoc creator/import/gnu/arm/5.4.1/bin/../lib/gcc/arm-none-eabi/5.4.1/../../../../arm-none-eabi/lib/armv7-m\libg_nano.a(lib_a-errno.o)
 .debug_frame   0x00001498       0x28 d:/program files (x86)/cypress/psoc creator/4.3/psoc creator/import/gnu/arm/5.4.1/bin/../lib/gcc/arm-none-eabi/5.4.1/../../../../arm-none-eabi/lib/armv7-m\libg_nano.a(lib_a-exit.o)
 .debug_frame   0x000014c0       0x2c d:/program files (x86)/cypress/psoc creator/4.3/psoc creator/import/gnu/arm/5.4.1/bin/../lib/gcc/arm-none-eabi/5.4.1/../../../../arm-none-eabi/lib/armv7-m\libg_nano.a(lib_a-init.o)
 .debug_frame   0x000014ec       0x28 d:/program files (x86)/cypress/psoc creator/4.3/psoc creator/import/gnu/arm/5.4.1/bin/../lib/gcc/arm-none-eabi/5.4.1/../../../../arm-none-eabi/lib/armv7-m\libg_nano.a(lib_a-memcpy-stub.o)
 .debug_frame   0x00001514       0x20 d:/program files (x86)/cypress/psoc creator/4.3/psoc creator/import/gnu/arm/5.4.1/bin/../lib/gcc/arm-none-eabi/5.4.1/../../../../arm-none-eabi/lib/armv7-m\libg_nano.a(lib_a-memset.o)
 .debug_frame   0x00001534       0x70 d:/program files (x86)/cypress/psoc creator/4.3/psoc creator/import/gnu/arm/5.4.1/bin/../lib/gcc/arm-none-eabi/5.4.1/../../../../arm-none-eabi/lib/armv7-m\libg_nano.a(lib_a-sprintf.o)
 .debug_frame   0x000015a4       0x90 d:/program files (x86)/cypress/psoc creator/4.3/psoc creator/import/gnu/arm/5.4.1/bin/../lib/gcc/arm-none-eabi/5.4.1/../../../../arm-none-eabi/lib/armv7-m\libg_nano.a(lib_a-nano-svfprintf.o)
 .debug_frame   0x00001634       0x60 d:/program files (x86)/cypress/psoc creator/4.3/psoc creator/import/gnu/arm/5.4.1/bin/../lib/gcc/arm-none-eabi/5.4.1/../../../../arm-none-eabi/lib/armv7-m\libg_nano.a(lib_a-nano-vfprintf_i.o)
 .debug_frame   0x00001694       0x28 d:/program files (x86)/cypress/psoc creator/4.3/psoc creator/import/gnu/arm/5.4.1/bin/../lib/gcc/arm-none-eabi/5.4.1/../../../../arm-none-eabi/lib/armv7-m\libg_nano.a(lib_a-memchr-stub.o)
 .debug_frame   0x000016bc       0x28 d:/program files (x86)/cypress/psoc creator/4.3/psoc creator/import/gnu/arm/5.4.1/bin/../lib/gcc/arm-none-eabi/5.4.1/../../../../arm-none-eabi/lib/armv7-m\libg_nano.a(lib_a-memmove.o)
 .debug_frame   0x000016e4       0x38 d:/program files (x86)/cypress/psoc creator/4.3/psoc creator/import/gnu/arm/5.4.1/bin/../lib/gcc/arm-none-eabi/5.4.1/../../../../arm-none-eabi/lib/armv7-m\libg_nano.a(lib_a-nano-freer.o)
 .debug_frame   0x0000171c       0x2c d:/program files (x86)/cypress/psoc creator/4.3/psoc creator/import/gnu/arm/5.4.1/bin/../lib/gcc/arm-none-eabi/5.4.1/../../../../arm-none-eabi/lib/armv7-m\libg_nano.a(lib_a-nano-mallocr.o)
 .debug_frame   0x00001748       0x3c d:/program files (x86)/cypress/psoc creator/4.3/psoc creator/import/gnu/arm/5.4.1/bin/../lib/gcc/arm-none-eabi/5.4.1/../../../../arm-none-eabi/lib/armv7-m\libg_nano.a(lib_a-nano-reallocr.o)
 .debug_frame   0x00001784       0x2c d:/program files (x86)/cypress/psoc creator/4.3/psoc creator/import/gnu/arm/5.4.1/bin/../lib/gcc/arm-none-eabi/5.4.1/../../../../arm-none-eabi/lib/armv7-m\libg_nano.a(lib_a-sbrkr.o)
 .debug_frame   0x000017b0       0x30 d:/program files (x86)/cypress/psoc creator/4.3/psoc creator/import/gnu/arm/5.4.1/bin/../lib/gcc/arm-none-eabi/5.4.1/../../../../arm-none-eabi/lib/armv7-m\libg_nano.a(lib_a-mlock.o)
 .debug_frame   0x000017e0       0x20 d:/program files (x86)/cypress/psoc creator/4.3/psoc creator/import/gnu/arm/5.4.1/bin/../lib/gcc/arm-none-eabi/5.4.1/../../../../arm-none-eabi/lib/armv7-m\libg_nano.a(lib_a-nano-msizer.o)
 .debug_frame   0x00001800       0x5c d:/program files (x86)/cypress/psoc creator/4.3/psoc creator/import/gnu/arm/5.4.1/bin/../lib/gcc/arm-none-eabi/5.4.1/../../../../arm-none-eabi/lib/armv7-m\libg_nano.a(lib_a-reent.o)

.debug_str      0x00000000     0x1e55
 *(.debug_str)
 .debug_str     0x00000000      0x31f .\CortexM3\ARM_GCC_541\Debug\main.o
                                0x383 (size before relaxing)
 .debug_str     0x0000031f      0x13e .\CortexM3\ARM_GCC_541\Debug\I2C_Interface.o
                                0x3c5 (size before relaxing)
 .debug_str     0x0000045d      0x1b6 .\CortexM3\ARM_GCC_541\Debug\cyfitter_cfg.o
                                0x3ab (size before relaxing)
 .debug_str     0x00000613       0x75 .\CortexM3\ARM_GCC_541\Debug\cymetadata.o
                                0x24b (size before relaxing)
 .debug_str     0x00000688      0x144 .\CortexM3\ARM_GCC_541\Debug\Cm3Start.o
                                0x371 (size before relaxing)
 .debug_str     0x000007cc      0x354 .\CortexM3\ARM_GCC_541\Debug\03-I2C_Master_Advanced_Complete.a(UART_Debug.o)
                                0x596 (size before relaxing)
 .debug_str     0x00000b20      0x13f .\CortexM3\ARM_GCC_541\Debug\03-I2C_Master_Advanced_Complete.a(I2C_Master.o)
                                0x39c (size before relaxing)
 .debug_str     0x00000c5f       0xb7 .\CortexM3\ARM_GCC_541\Debug\03-I2C_Master_Advanced_Complete.a(I2C_Master_INT.o)
                                0x313 (size before relaxing)
 .debug_str     0x00000d16       0x79 .\CortexM3\ARM_GCC_541\Debug\03-I2C_Master_Advanced_Complete.a(I2C_Master_PM.o)
                                0x323 (size before relaxing)
 .debug_str     0x00000d8f      0x150 .\CortexM3\ARM_GCC_541\Debug\03-I2C_Master_Advanced_Complete.a(I2C_Master_MASTER.o)
                                0x4ac (size before relaxing)
 .debug_str     0x00000edf      0x1bf .\CortexM3\ARM_GCC_541\Debug\03-I2C_Master_Advanced_Complete.a(UART_Debug_IntClock.o)
                                0x3e5 (size before relaxing)
 .debug_str     0x0000109e      0x7eb .\CortexM3\ARM_GCC_541\Debug\03-I2C_Master_Advanced_Complete.a(CyLib.o)
                                0xaae (size before relaxing)
 .debug_str     0x00001889      0x365 .\CortexM3\ARM_GCC_541\Debug\03-I2C_Master_Advanced_Complete.a(cyPm.o)
                                0x79a (size before relaxing)
 .debug_str     0x00001bee      0x1bb .\CortexM3\ARM_GCC_541\Debug\03-I2C_Master_Advanced_Complete.a(CyFlash.o)
                                0x427 (size before relaxing)
 .debug_str     0x00001da9       0xac .\CortexM3\ARM_GCC_541\Debug\03-I2C_Master_Advanced_Complete.a(CySpc.o)
                                0x39f (size before relaxing)

.debug_loc      0x00000000     0x264d
 *(.debug_loc)
 .debug_loc     0x00000000      0x129 .\CortexM3\ARM_GCC_541\Debug\main.o
 .debug_loc     0x00000129      0x183 .\CortexM3\ARM_GCC_541\Debug\I2C_Interface.o
 .debug_loc     0x000002ac      0x289 .\CortexM3\ARM_GCC_541\Debug\cyfitter_cfg.o
 .debug_loc     0x00000535      0x144 .\CortexM3\ARM_GCC_541\Debug\Cm3Start.o
 .debug_loc     0x00000679      0x258 .\CortexM3\ARM_GCC_541\Debug\03-I2C_Master_Advanced_Complete.a(UART_Debug.o)
 .debug_loc     0x000008d1       0x39 .\CortexM3\ARM_GCC_541\Debug\03-I2C_Master_Advanced_Complete.a(I2C_Master.o)
 .debug_loc     0x0000090a       0x29 .\CortexM3\ARM_GCC_541\Debug\03-I2C_Master_Advanced_Complete.a(I2C_Master_INT.o)
 .debug_loc     0x00000933       0x13 .\CortexM3\ARM_GCC_541\Debug\03-I2C_Master_Advanced_Complete.a(I2C_Master_PM.o)
 .debug_loc     0x00000946      0x52f .\CortexM3\ARM_GCC_541\Debug\03-I2C_Master_Advanced_Complete.a(I2C_Master_MASTER.o)
 .debug_loc     0x00000e75      0x12c .\CortexM3\ARM_GCC_541\Debug\03-I2C_Master_Advanced_Complete.a(UART_Debug_IntClock.o)
 .debug_loc     0x00000fa1      0xa11 .\CortexM3\ARM_GCC_541\Debug\03-I2C_Master_Advanced_Complete.a(CyLib.o)
 .debug_loc     0x000019b2      0x1e4 .\CortexM3\ARM_GCC_541\Debug\03-I2C_Master_Advanced_Complete.a(cyPm.o)
 .debug_loc     0x00001b96      0x3b2 .\CortexM3\ARM_GCC_541\Debug\03-I2C_Master_Advanced_Complete.a(CyFlash.o)
 .debug_loc     0x00001f48      0x705 .\CortexM3\ARM_GCC_541\Debug\03-I2C_Master_Advanced_Complete.a(CySpc.o)

.debug_macinfo
 *(.debug_macinfo)

.debug_ranges   0x00000000      0x6e0
 *(.debug_ranges)
 .debug_ranges  0x00000000       0x10 .\CortexM3\ARM_GCC_541\Debug\main.o
 .debug_ranges  0x00000010       0x40 .\CortexM3\ARM_GCC_541\Debug\I2C_Interface.o
 .debug_ranges  0x00000050       0x48 .\CortexM3\ARM_GCC_541\Debug\cyfitter_cfg.o
 .debug_ranges  0x00000098       0x38 .\CortexM3\ARM_GCC_541\Debug\Cm3Start.o
 .debug_ranges  0x000000d0       0xe0 .\CortexM3\ARM_GCC_541\Debug\03-I2C_Master_Advanced_Complete.a(UART_Debug.o)
 .debug_ranges  0x000001b0       0x28 .\CortexM3\ARM_GCC_541\Debug\03-I2C_Master_Advanced_Complete.a(I2C_Master.o)
 .debug_ranges  0x000001d8       0x10 .\CortexM3\ARM_GCC_541\Debug\03-I2C_Master_Advanced_Complete.a(I2C_Master_INT.o)
 .debug_ranges  0x000001e8       0x28 .\CortexM3\ARM_GCC_541\Debug\03-I2C_Master_Advanced_Complete.a(I2C_Master_PM.o)
 .debug_ranges  0x00000210       0x70 .\CortexM3\ARM_GCC_541\Debug\03-I2C_Master_Advanced_Complete.a(I2C_Master_MASTER.o)
 .debug_ranges  0x00000280       0x60 .\CortexM3\ARM_GCC_541\Debug\03-I2C_Master_Advanced_Complete.a(UART_Debug_IntClock.o)
 .debug_ranges  0x000002e0      0x290 .\CortexM3\ARM_GCC_541\Debug\03-I2C_Master_Advanced_Complete.a(CyLib.o)
 .debug_ranges  0x00000570       0x88 .\CortexM3\ARM_GCC_541\Debug\03-I2C_Master_Advanced_Complete.a(cyPm.o)
 .debug_ranges  0x000005f8       0x78 .\CortexM3\ARM_GCC_541\Debug\03-I2C_Master_Advanced_Complete.a(CyFlash.o)
 .debug_ranges  0x00000670       0x70 .\CortexM3\ARM_GCC_541\Debug\03-I2C_Master_Advanced_Complete.a(CySpc.o)

.comment        0x00000000       0x6e
 .comment       0x00000000       0x6e .\CortexM3\ARM_GCC_541\Debug\main.o
                                 0x6f (size before relaxing)
 .comment       0x0000006e       0x6f .\CortexM3\ARM_GCC_541\Debug\I2C_Interface.o
 .comment       0x0000006e       0x6f .\CortexM3\ARM_GCC_541\Debug\cyfitter_cfg.o
 .comment       0x0000006e       0x6f .\CortexM3\ARM_GCC_541\Debug\cymetadata.o
 .comment       0x0000006e       0x6f .\CortexM3\ARM_GCC_541\Debug\Cm3Start.o
 .comment       0x0000006e       0x6f .\CortexM3\ARM_GCC_541\Debug\03-I2C_Master_Advanced_Complete.a(UART_Debug.o)
 .comment       0x0000006e       0x6f .\CortexM3\ARM_GCC_541\Debug\03-I2C_Master_Advanced_Complete.a(I2C_Master.o)
 .comment       0x0000006e       0x6f .\CortexM3\ARM_GCC_541\Debug\03-I2C_Master_Advanced_Complete.a(I2C_Master_INT.o)
 .comment       0x0000006e       0x6f .\CortexM3\ARM_GCC_541\Debug\03-I2C_Master_Advanced_Complete.a(I2C_Master_PM.o)
 .comment       0x0000006e       0x6f .\CortexM3\ARM_GCC_541\Debug\03-I2C_Master_Advanced_Complete.a(I2C_Master_MASTER.o)
 .comment       0x0000006e       0x6f .\CortexM3\ARM_GCC_541\Debug\03-I2C_Master_Advanced_Complete.a(UART_Debug_IntClock.o)
 .comment       0x0000006e       0x6f .\CortexM3\ARM_GCC_541\Debug\03-I2C_Master_Advanced_Complete.a(CyLib.o)
 .comment       0x0000006e       0x6f .\CortexM3\ARM_GCC_541\Debug\03-I2C_Master_Advanced_Complete.a(cyPm.o)
 .comment       0x0000006e       0x6f .\CortexM3\ARM_GCC_541\Debug\03-I2C_Master_Advanced_Complete.a(CyFlash.o)
 .comment       0x0000006e       0x6f .\CortexM3\ARM_GCC_541\Debug\03-I2C_Master_Advanced_Complete.a(CySpc.o)

.debug_weaknames
 *(.debug_weaknames)

.debug_funcnames
 *(.debug_funcnames)

.debug_typenames
 *(.debug_typenames)

.debug_varnames
 *(.debug_varnames)

.note.gnu.arm.ident
 *(.note.gnu.arm.ident)

.ARM.attributes
                0x00000000       0x29
 *(.ARM.attributes)
 .ARM.attributes
                0x00000000       0x1d d:/program files (x86)/cypress/psoc creator/4.3/psoc creator/import/gnu/arm/5.4.1/bin/../lib/gcc/arm-none-eabi/5.4.1/armv7-m/crti.o
 .ARM.attributes
                0x0000001d       0x2d d:/program files (x86)/cypress/psoc creator/4.3/psoc creator/import/gnu/arm/5.4.1/bin/../lib/gcc/arm-none-eabi/5.4.1/armv7-m/crtbegin.o
 .ARM.attributes
                0x0000004a       0x1b d:/program files (x86)/cypress/psoc creator/4.3/psoc creator/import/gnu/arm/5.4.1/bin/../lib/gcc/arm-none-eabi/5.4.1/../../../../arm-none-eabi/lib/armv7-m/crt0.o
 .ARM.attributes
                0x00000065       0x33 .\CortexM3\ARM_GCC_541\Debug\main.o
 .ARM.attributes
                0x00000098       0x33 .\CortexM3\ARM_GCC_541\Debug\I2C_Interface.o
 .ARM.attributes
                0x000000cb       0x33 .\CortexM3\ARM_GCC_541\Debug\cyfitter_cfg.o
 .ARM.attributes
                0x000000fe       0x33 .\CortexM3\ARM_GCC_541\Debug\cymetadata.o
 .ARM.attributes
                0x00000131       0x33 .\CortexM3\ARM_GCC_541\Debug\Cm3Start.o
 .ARM.attributes
                0x00000164       0x33 .\CortexM3\ARM_GCC_541\Debug\03-I2C_Master_Advanced_Complete.a(UART_Debug.o)
 .ARM.attributes
                0x00000197       0x33 .\CortexM3\ARM_GCC_541\Debug\03-I2C_Master_Advanced_Complete.a(I2C_Master.o)
 .ARM.attributes
                0x000001ca       0x33 .\CortexM3\ARM_GCC_541\Debug\03-I2C_Master_Advanced_Complete.a(I2C_Master_INT.o)
 .ARM.attributes
                0x000001fd       0x33 .\CortexM3\ARM_GCC_541\Debug\03-I2C_Master_Advanced_Complete.a(I2C_Master_PM.o)
 .ARM.attributes
                0x00000230       0x33 .\CortexM3\ARM_GCC_541\Debug\03-I2C_Master_Advanced_Complete.a(I2C_Master_MASTER.o)
 .ARM.attributes
                0x00000263       0x33 .\CortexM3\ARM_GCC_541\Debug\03-I2C_Master_Advanced_Complete.a(UART_Debug_IntClock.o)
 .ARM.attributes
                0x00000296       0x33 .\CortexM3\ARM_GCC_541\Debug\03-I2C_Master_Advanced_Complete.a(CyLib.o)
 .ARM.attributes
                0x000002c9       0x33 .\CortexM3\ARM_GCC_541\Debug\03-I2C_Master_Advanced_Complete.a(cyPm.o)
 .ARM.attributes
                0x000002fc       0x21 .\CortexM3\ARM_GCC_541\Debug\03-I2C_Master_Advanced_Complete.a(CyBootAsmGnu.o)
 .ARM.attributes
                0x0000031d       0x33 .\CortexM3\ARM_GCC_541\Debug\03-I2C_Master_Advanced_Complete.a(CyFlash.o)
 .ARM.attributes
                0x00000350       0x33 .\CortexM3\ARM_GCC_541\Debug\03-I2C_Master_Advanced_Complete.a(CySpc.o)
 .ARM.attributes
                0x00000383       0x2d d:/program files (x86)/cypress/psoc creator/4.3/psoc creator/import/gnu/arm/5.4.1/bin/../lib/gcc/arm-none-eabi/5.4.1/../../../../arm-none-eabi/lib/armv7-m\libg_nano.a(lib_a-errno.o)
 .ARM.attributes
                0x000003b0       0x2d d:/program files (x86)/cypress/psoc creator/4.3/psoc creator/import/gnu/arm/5.4.1/bin/../lib/gcc/arm-none-eabi/5.4.1/../../../../arm-none-eabi/lib/armv7-m\libg_nano.a(lib_a-exit.o)
 .ARM.attributes
                0x000003dd       0x2d d:/program files (x86)/cypress/psoc creator/4.3/psoc creator/import/gnu/arm/5.4.1/bin/../lib/gcc/arm-none-eabi/5.4.1/../../../../arm-none-eabi/lib/armv7-m\libg_nano.a(lib_a-impure.o)
 .ARM.attributes
                0x0000040a       0x2d d:/program files (x86)/cypress/psoc creator/4.3/psoc creator/import/gnu/arm/5.4.1/bin/../lib/gcc/arm-none-eabi/5.4.1/../../../../arm-none-eabi/lib/armv7-m\libg_nano.a(lib_a-init.o)
 .ARM.attributes
                0x00000437       0x2d d:/program files (x86)/cypress/psoc creator/4.3/psoc creator/import/gnu/arm/5.4.1/bin/../lib/gcc/arm-none-eabi/5.4.1/../../../../arm-none-eabi/lib/armv7-m\libg_nano.a(lib_a-memcpy-stub.o)
 .ARM.attributes
                0x00000464       0x2d d:/program files (x86)/cypress/psoc creator/4.3/psoc creator/import/gnu/arm/5.4.1/bin/../lib/gcc/arm-none-eabi/5.4.1/../../../../arm-none-eabi/lib/armv7-m\libg_nano.a(lib_a-memset.o)
 .ARM.attributes
                0x00000491       0x2d d:/program files (x86)/cypress/psoc creator/4.3/psoc creator/import/gnu/arm/5.4.1/bin/../lib/gcc/arm-none-eabi/5.4.1/../../../../arm-none-eabi/lib/armv7-m\libg_nano.a(lib_a-sprintf.o)
 .ARM.attributes
                0x000004be       0x2d d:/program files (x86)/cypress/psoc creator/4.3/psoc creator/import/gnu/arm/5.4.1/bin/../lib/gcc/arm-none-eabi/5.4.1/../../../../arm-none-eabi/lib/armv7-m\libg_nano.a(lib_a-nano-svfprintf.o)
 .ARM.attributes
                0x000004eb       0x2d d:/program files (x86)/cypress/psoc creator/4.3/psoc creator/import/gnu/arm/5.4.1/bin/../lib/gcc/arm-none-eabi/5.4.1/../../../../arm-none-eabi/lib/armv7-m\libg_nano.a(lib_a-nano-vfprintf_i.o)
 .ARM.attributes
                0x00000518       0x2d d:/program files (x86)/cypress/psoc creator/4.3/psoc creator/import/gnu/arm/5.4.1/bin/../lib/gcc/arm-none-eabi/5.4.1/../../../../arm-none-eabi/lib/armv7-m\libg_nano.a(lib_a-memchr-stub.o)
 .ARM.attributes
                0x00000545       0x2d d:/program files (x86)/cypress/psoc creator/4.3/psoc creator/import/gnu/arm/5.4.1/bin/../lib/gcc/arm-none-eabi/5.4.1/../../../../arm-none-eabi/lib/armv7-m\libg_nano.a(lib_a-memmove.o)
 .ARM.attributes
                0x00000572       0x2d d:/program files (x86)/cypress/psoc creator/4.3/psoc creator/import/gnu/arm/5.4.1/bin/../lib/gcc/arm-none-eabi/5.4.1/../../../../arm-none-eabi/lib/armv7-m\libg_nano.a(lib_a-nano-freer.o)
 .ARM.attributes
                0x0000059f       0x2d d:/program files (x86)/cypress/psoc creator/4.3/psoc creator/import/gnu/arm/5.4.1/bin/../lib/gcc/arm-none-eabi/5.4.1/../../../../arm-none-eabi/lib/armv7-m\libg_nano.a(lib_a-nano-mallocr.o)
 .ARM.attributes
                0x000005cc       0x2d d:/program files (x86)/cypress/psoc creator/4.3/psoc creator/import/gnu/arm/5.4.1/bin/../lib/gcc/arm-none-eabi/5.4.1/../../../../arm-none-eabi/lib/armv7-m\libg_nano.a(lib_a-nano-reallocr.o)
 .ARM.attributes
                0x000005f9       0x2d d:/program files (x86)/cypress/psoc creator/4.3/psoc creator/import/gnu/arm/5.4.1/bin/../lib/gcc/arm-none-eabi/5.4.1/../../../../arm-none-eabi/lib/armv7-m\libg_nano.a(lib_a-sbrkr.o)
 .ARM.attributes
                0x00000626       0x2d d:/program files (x86)/cypress/psoc creator/4.3/psoc creator/import/gnu/arm/5.4.1/bin/../lib/gcc/arm-none-eabi/5.4.1/../../../../arm-none-eabi/lib/armv7-m\libg_nano.a(lib_a-mlock.o)
 .ARM.attributes
                0x00000653       0x2d d:/program files (x86)/cypress/psoc creator/4.3/psoc creator/import/gnu/arm/5.4.1/bin/../lib/gcc/arm-none-eabi/5.4.1/../../../../arm-none-eabi/lib/armv7-m\libg_nano.a(lib_a-nano-msizer.o)
 .ARM.attributes
                0x00000680       0x2d d:/program files (x86)/cypress/psoc creator/4.3/psoc creator/import/gnu/arm/5.4.1/bin/../lib/gcc/arm-none-eabi/5.4.1/../../../../arm-none-eabi/lib/armv7-m\libg_nano.a(lib_a-reent.o)
 .ARM.attributes
                0x000006ad       0x2d d:/program files (x86)/cypress/psoc creator/4.3/psoc creator/import/gnu/arm/5.4.1/bin/../lib/gcc/arm-none-eabi/5.4.1/armv7-m/crtend.o
 .ARM.attributes
                0x000006da       0x1d d:/program files (x86)/cypress/psoc creator/4.3/psoc creator/import/gnu/arm/5.4.1/bin/../lib/gcc/arm-none-eabi/5.4.1/armv7-m/crtn.o

/DISCARD/
 *(.note.GNU-stack)
OUTPUT(D:\Cloud\OneDrive - Politecnico di Milano\PhD\Materiale Esercitazioni\LabCerveri1920\SecondoSemestre\Practical lessons\I2C\PSoC_03\03-I2C_Master_Advanced_Complete.cydsn\CortexM3\ARM_GCC_541\Debug\03-I2C_Master_Advanced_Complete.elf elf32-littlearm)
