Archive member included to satisfy reference by file (symbol)

.\CortexM3\ARM_GCC_541\Debug\AY1920_II_HW_05_PROJ_2.a(UART_Debug.o)
                              .\CortexM3\ARM_GCC_541\Debug\main.o (UART_Debug_Start)
.\CortexM3\ARM_GCC_541\Debug\AY1920_II_HW_05_PROJ_2.a(I2C_Master.o)
                              .\CortexM3\ARM_GCC_541\Debug\I2C_Interface.o (I2C_Master_Start)
.\CortexM3\ARM_GCC_541\Debug\AY1920_II_HW_05_PROJ_2.a(I2C_Master_INT.o)
                              .\CortexM3\ARM_GCC_541\Debug\AY1920_II_HW_05_PROJ_2.a(I2C_Master.o) (I2C_Master_ISR)
.\CortexM3\ARM_GCC_541\Debug\AY1920_II_HW_05_PROJ_2.a(I2C_Master_PM.o)
                              .\CortexM3\ARM_GCC_541\Debug\AY1920_II_HW_05_PROJ_2.a(I2C_Master.o) (I2C_Master_backup)
.\CortexM3\ARM_GCC_541\Debug\AY1920_II_HW_05_PROJ_2.a(I2C_Master_MASTER.o)
                              .\CortexM3\ARM_GCC_541\Debug\AY1920_II_HW_05_PROJ_2.a(I2C_Master.o) (I2C_Master_mstrStatus)
.\CortexM3\ARM_GCC_541\Debug\AY1920_II_HW_05_PROJ_2.a(UART_Debug_IntClock.o)
                              .\CortexM3\ARM_GCC_541\Debug\AY1920_II_HW_05_PROJ_2.a(UART_Debug.o) (UART_Debug_IntClock_Start)
.\CortexM3\ARM_GCC_541\Debug\AY1920_II_HW_05_PROJ_2.a(CyLib.o)
                              .\CortexM3\ARM_GCC_541\Debug\Cm3Start.o (CyHalt)
.\CortexM3\ARM_GCC_541\Debug\AY1920_II_HW_05_PROJ_2.a(cyPm.o)
                              .\CortexM3\ARM_GCC_541\Debug\AY1920_II_HW_05_PROJ_2.a(CyLib.o) (CyPmReadStatus)
.\CortexM3\ARM_GCC_541\Debug\AY1920_II_HW_05_PROJ_2.a(ISR_Timer.o)
                              .\CortexM3\ARM_GCC_541\Debug\InterruptRoutines.o (ISR_Timer_ReadStatusRegister)
.\CortexM3\ARM_GCC_541\Debug\AY1920_II_HW_05_PROJ_2.a(ISR_Acc.o)
                              .\CortexM3\ARM_GCC_541\Debug\main.o (ISR_Acc_StartEx)
.\CortexM3\ARM_GCC_541\Debug\AY1920_II_HW_05_PROJ_2.a(CyBootAsmGnu.o)
                              .\CortexM3\ARM_GCC_541\Debug\cyfitter_cfg.o (CyDelayCycles)
.\CortexM3\ARM_GCC_541\Debug\AY1920_II_HW_05_PROJ_2.a(CyFlash.o)
                              .\CortexM3\ARM_GCC_541\Debug\AY1920_II_HW_05_PROJ_2.a(cyPm.o) (CyFlash_SetWaitCycles)
.\CortexM3\ARM_GCC_541\Debug\AY1920_II_HW_05_PROJ_2.a(CySpc.o)
                              .\CortexM3\ARM_GCC_541\Debug\AY1920_II_HW_05_PROJ_2.a(CyFlash.o) (CySpcStart)
c:/program files (x86)/cypress/psoc creator/4.3/psoc creator/import/gnu/arm/5.4.1/bin/../lib/gcc/arm-none-eabi/5.4.1/../../../../arm-none-eabi/lib/armv7-m\libg_nano.a(lib_a-errno.o)
                              .\CortexM3\ARM_GCC_541\Debug\Cm3Start.o (__errno)
c:/program files (x86)/cypress/psoc creator/4.3/psoc creator/import/gnu/arm/5.4.1/bin/../lib/gcc/arm-none-eabi/5.4.1/../../../../arm-none-eabi/lib/armv7-m\libg_nano.a(lib_a-exit.o)
                              c:/program files (x86)/cypress/psoc creator/4.3/psoc creator/import/gnu/arm/5.4.1/bin/../lib/gcc/arm-none-eabi/5.4.1/../../../../arm-none-eabi/lib/armv7-m/crt0.o (exit)
c:/program files (x86)/cypress/psoc creator/4.3/psoc creator/import/gnu/arm/5.4.1/bin/../lib/gcc/arm-none-eabi/5.4.1/../../../../arm-none-eabi/lib/armv7-m\libg_nano.a(lib_a-impure.o)
                              c:/program files (x86)/cypress/psoc creator/4.3/psoc creator/import/gnu/arm/5.4.1/bin/../lib/gcc/arm-none-eabi/5.4.1/../../../../arm-none-eabi/lib/armv7-m\libg_nano.a(lib_a-exit.o) (_global_impure_ptr)
c:/program files (x86)/cypress/psoc creator/4.3/psoc creator/import/gnu/arm/5.4.1/bin/../lib/gcc/arm-none-eabi/5.4.1/../../../../arm-none-eabi/lib/armv7-m\libg_nano.a(lib_a-init.o)
                              c:/program files (x86)/cypress/psoc creator/4.3/psoc creator/import/gnu/arm/5.4.1/bin/../lib/gcc/arm-none-eabi/5.4.1/../../../../arm-none-eabi/lib/armv7-m/crt0.o (__libc_init_array)
c:/program files (x86)/cypress/psoc creator/4.3/psoc creator/import/gnu/arm/5.4.1/bin/../lib/gcc/arm-none-eabi/5.4.1/../../../../arm-none-eabi/lib/armv7-m\libg_nano.a(lib_a-memcpy-stub.o)
                              .\CortexM3\ARM_GCC_541\Debug\cyfitter_cfg.o (memcpy)
c:/program files (x86)/cypress/psoc creator/4.3/psoc creator/import/gnu/arm/5.4.1/bin/../lib/gcc/arm-none-eabi/5.4.1/../../../../arm-none-eabi/lib/armv7-m\libg_nano.a(lib_a-memset.o)
                              c:/program files (x86)/cypress/psoc creator/4.3/psoc creator/import/gnu/arm/5.4.1/bin/../lib/gcc/arm-none-eabi/5.4.1/../../../../arm-none-eabi/lib/armv7-m/crt0.o (memset)
c:/program files (x86)/cypress/psoc creator/4.3/psoc creator/import/gnu/arm/5.4.1/bin/../lib/gcc/arm-none-eabi/5.4.1/../../../../arm-none-eabi/lib/armv7-m\libg_nano.a(lib_a-sprintf.o)
                              .\CortexM3\ARM_GCC_541\Debug\main.o (sprintf)
c:/program files (x86)/cypress/psoc creator/4.3/psoc creator/import/gnu/arm/5.4.1/bin/../lib/gcc/arm-none-eabi/5.4.1/../../../../arm-none-eabi/lib/armv7-m\libg_nano.a(lib_a-nano-svfprintf.o)
[...]
Memory Configuration

Name             Origin             Length             Attributes
rom              0x00000000         0x00040000         xr
ram              0x1fff8000         0x00010000         xrw
*default*        0x00000000         0xffffffff

Linker script and memory map

LOAD c:/program files (x86)/cypress/psoc creator/4.3/psoc creator/import/gnu/arm/5.4.1/bin/../lib/gcc/arm-none-eabi/5.4.1/armv7-m/crti.o
LOAD c:/program files (x86)/cypress/psoc creator/4.3/psoc creator/import/gnu/arm/5.4.1/bin/../lib/gcc/arm-none-eabi/5.4.1/armv7-m/crtbegin.o
LOAD c:/program files (x86)/cypress/psoc creator/4.3/psoc creator/import/gnu/arm/5.4.1/bin/../lib/gcc/arm-none-eabi/5.4.1/../../../../arm-none-eabi/lib/armv7-m/crt0.o
START GROUP
LOAD .\CortexM3\ARM_GCC_541\Debug\main.o
LOAD .\CortexM3\ARM_GCC_541\Debug\I2C_Interface.o
LOAD .\CortexM3\ARM_GCC_541\Debug\InterruptRoutines.o
LOAD .\CortexM3\ARM_GCC_541\Debug\cyfitter_cfg.o
LOAD .\CortexM3\ARM_GCC_541\Debug\cymetadata.o
LOAD .\CortexM3\ARM_GCC_541\Debug\Cm3Start.o
LOAD .\CortexM3\ARM_GCC_541\Debug\AY1920_II_HW_05_PROJ_2.a
LOAD C:\Program Files (x86)\Cypress\PSoC Creator\4.3\PSoC Creator\psoc\content\cycomponentlibrary\CyComponentLibrary.cylib\CortexM3\ARM_GCC_541\Debug\CyComponentLibrary.a
END GROUP
START GROUP
LOAD c:/program files (x86)/cypress/psoc creator/4.3/psoc creator/import/gnu/arm/5.4.1/bin/../lib/gcc/arm-none-eabi/5.4.1/armv7-m\libgcc.a
LOAD c:/program files (x86)/cypress/psoc creator/4.3/psoc creator/import/gnu/arm/5.4.1/bin/../lib/gcc/arm-none-eabi/5.4.1/../../../../arm-none-eabi/lib/armv7-m\libg_nano.a
LOAD c:/program files (x86)/cypress/psoc creator/4.3/psoc creator/import/gnu/arm/5.4.1/bin/../lib/gcc/arm-none-eabi/5.4.1/../../../../arm-none-eabi/lib/armv7-m\libc_nano.a
END GROUP
START GROUP
LOAD c:/program files (x86)/cypress/psoc creator/4.3/psoc creator/import/gnu/arm/5.4.1/bin/../lib/gcc/arm-none-eabi/5.4.1/armv7-m\libgcc.a
LOAD c:/program files (x86)/cypress/psoc creator/4.3/psoc creator/import/gnu/arm/5.4.1/bin/../lib/gcc/arm-none-eabi/5.4.1/../../../../arm-none-eabi/lib/armv7-m\libc_nano.a
END GROUP
LOAD c:/program files (x86)/cypress/psoc creator/4.3/psoc creator/import/gnu/arm/5.4.1/bin/../lib/gcc/arm-none-eabi/5.4.1/armv7-m/crtend.o
LOAD c:/program files (x86)/cypress/psoc creator/4.3/psoc creator/import/gnu/arm/5.4.1/bin/../lib/gcc/arm-none-eabi/5.4.1/armv7-m/crtn.o
START GROUP
LOAD c:/program files (x86)/cypress/psoc creator/4.3/psoc creator/import/gnu/arm/5.4.1/bin/../lib/gcc/arm-none-eabi/5.4.1/armv7-m\libgcc.a
LOAD c:/program files (x86)/cypress/psoc creator/4.3/psoc creator/import/gnu/arm/5.4.1/bin/../lib/gcc/arm-none-eabi/5.4.1/../../../../arm-none-eabi/lib/armv7-m\libc.a
LOAD c:/program files (x86)/cypress/psoc creator/4.3/psoc creator/import/gnu/arm/5.4.1/bin/../lib/gcc/arm-none-eabi/5.4.1/../../../../arm-none-eabi/lib/armv7-m\libnosys.a
END GROUP
                0x00000000                CY_APPL_ORIGIN = 0x0
                0x00000100                CY_FLASH_ROW_SIZE = 0x100
                0x00000020                CY_ECC_ROW_SIZE = 0x20
                0x00000000                CY_EE_IN_BTLDR = 0x0
                0x00000000                CY_APPL_LOADABLE = 0x0
                0x00000800                CY_EE_SIZE = 0x800
                0x00000001                CY_APPL_NUM = 0x1
                0x00000001                CY_APPL_MAX = 0x1
                0x00000040                CY_METADATA_SIZE = 0x40
                0x00000000                CY_APPL_LOADABLE = 0x0
                0x00000000                CY_CHECKSUM_EXCLUDE_SIZE = ALIGN (0x0, CY_FLASH_ROW_SIZE)
                [!provide]                PROVIDE (__cy_heap_start, _end)
                0x00000001                PROVIDE (__cy_region_num, ((__cy_regions_end - __cy_regions) / 0x10))
                0x20008000                PROVIDE (__cy_stack, (ORIGIN (ram) + LENGTH (ram)))
                [!provide]                PROVIDE (__cy_heap_end, (__cy_stack - 0x800))

.cybootloader   0x00000000        0x0
 *(.cybootloader)
                0x00000000                appl1_start = CY_APPL_ORIGIN?CY_APPL_ORIGIN:ALIGN (CY_FLASH_ROW_SIZE)
                0x0001ff00                appl2_start = (appl1_start + ALIGN ((((LENGTH (rom) - appl1_start) - (0x2 * CY_FLASH_ROW_SIZE)) / 0x2), CY_FLASH_ROW_SIZE))
                0x00000000                appl_start = (CY_APPL_NUM == 0x1)?appl1_start:appl2_start
                0x00000000                ecc_offset = ((appl_start / CY_FLASH_ROW_SIZE) * CY_ECC_ROW_SIZE)
                0x00000000                ee_offset = (CY_APPL_LOADABLE && ! (CY_EE_IN_BTLDR))?((CY_EE_SIZE / CY_APPL_MAX) * (CY_APPL_NUM - 0x1)):0x0
                0x00000800                ee_size = (CY_APPL_LOADABLE && ! (CY_EE_IN_BTLDR))?(CY_EE_SIZE / CY_APPL_MAX):CY_EE_SIZE
                [!provide]                PROVIDE (CY_ECC_OFFSET, ecc_offset)

.text           0x00000000     0x16c0
 CREATE_OBJECT_SYMBOLS
                0x00000000                PROVIDE (__cy_interrupt_vector, RomVectors)
 *(.romvectors)
 .romvectors    0x00000000       0x10 .\CortexM3\ARM_GCC_541\Debug\Cm3Start.o
                0x00000000                RomVectors
                0x00000001                ASSERT ((. != __cy_interrupt_vector), No interrupt vector)
                0x00000001                ASSERT (CY_APPL_ORIGIN?(SIZEOF (.cybootloader) <= CY_APPL_ORIGIN):0x1, Wrong image location)
                0x00000010                PROVIDE (__cy_reset, Reset)
 *(.text.Reset)
 .text.Reset    0x00000010       0x18 .\CortexM3\ARM_GCC_541\Debug\Cm3Start.o
                0x00000010                Reset
                0x00000001                ASSERT ((. != __cy_reset), No reset code)
 *(.dma_init)
                0x00000001                ASSERT ((((appl_start + .) <= 0x10000) || 0x1), DMA Init must be within the first 64k of flash)
 *(.text .text.* .gnu.linkonce.t.*)
 .text          0x00000028       0x5c c:/program files (x86)/cypress/psoc creator/4.3/psoc creator/import/gnu/arm/5.4.1/bin/../lib/gcc/arm-none-eabi/5.4.1/armv7-m/crtbegin.o
 .text.main     0x00000084      0x1b8 .\CortexM3\ARM_GCC_541\Debug\main.o
                0x00000084                main
 .text.I2C_Peripheral_Start
                0x0000023c        0xc .\CortexM3\ARM_GCC_541\Debug\I2C_Interface.o
                0x0000023c                I2C_Peripheral_Start
 .text.I2C_Peripheral_ReadRegister
                0x00000248       0x40 .\CortexM3\ARM_GCC_541\Debug\I2C_Interface.o
                0x00000248                I2C_Peripheral_ReadRegister
 .text.I2C_Peripheral_WriteRegister
                0x00000288       0x30 .\CortexM3\ARM_GCC_541\Debug\I2C_Interface.o
                0x00000288                I2C_Peripheral_WriteRegister
 .text.I2C_Peripheral_IsDeviceConnected
                0x000002b8       0x18 .\CortexM3\ARM_GCC_541\Debug\I2C_Interface.o
                0x000002b8                I2C_Peripheral_IsDeviceConnected
 .text.ISR_ACC_CUSTOM
                0x000002d0       0x20 .\CortexM3\ARM_GCC_541\Debug\InterruptRoutines.o
                0x000002d0                ISR_ACC_CUSTOM
 .text.CyClockStartupError
                0x000002f0        0x4 .\CortexM3\ARM_GCC_541\Debug\cyfitter_cfg.o
 .text.cfg_write_bytes32
                0x000002f4       0x34 .\CortexM3\ARM_GCC_541\Debug\cyfitter_cfg.o
 .text.AnalogSetDefault
                0x00000328       0x28 .\CortexM3\ARM_GCC_541\Debug\cyfitter_cfg.o
 .text.CYMEMZERO
                0x00000350        0xc .\CortexM3\ARM_GCC_541\Debug\cyfitter_cfg.o
 .text.ClockSetup
                0x0000035c       0xcc .\CortexM3\ARM_GCC_541\Debug\cyfitter_cfg.o
 .text.CYCONFIGCPY
                0x00000428        0x8 .\CortexM3\ARM_GCC_541\Debug\cyfitter_cfg.o
 .text.cyfitter_cfg
                0x00000430       0xfc .\CortexM3\ARM_GCC_541\Debug\cyfitter_cfg.o
                0x00000430                cyfitter_cfg
 .text.IntDefaultHandler
                0x0000052c       0x10 .\CortexM3\ARM_GCC_541\Debug\Cm3Start.o
                0x0000052c                IntDefaultHandler
 .text._sbrk    0x0000053c       0x30 .\CortexM3\ARM_GCC_541\Debug\Cm3Start.o
                0x0000053c                _sbrk
 .text.Start_c  0x0000056c       0x4c .\CortexM3\ARM_GCC_541\Debug\Cm3Start.o
                0x0000056c                Start_c
 .text.initialize_psoc
                0x000005b8       0x68 .\CortexM3\ARM_GCC_541\Debug\Cm3Start.o
                0x000005b8                initialize_psoc
 .text.UART_Debug_Init
                0x00000620       0x18 .\CortexM3\ARM_GCC_541\Debug\AY1920_II_HW_05_PROJ_2.a(UART_Debug.o)
                0x00000620                UART_Debug_Init
 .text.UART_Debug_Enable
                0x00000638       0x24 .\CortexM3\ARM_GCC_541\Debug\AY1920_II_HW_05_PROJ_2.a(UART_Debug.o)
                0x00000638                UART_Debug_Enable
 .text.UART_Debug_Start
                0x0000065c       0x1c .\CortexM3\ARM_GCC_541\Debug\AY1920_II_HW_05_PROJ_2.a(UART_Debug.o)
                0x0000065c                UART_Debug_Start
 .text.UART_Debug_PutChar
                0x00000678       0x18 .\CortexM3\ARM_GCC_541\Debug\AY1920_II_HW_05_PROJ_2.a(UART_Debug.o)
                0x00000678                UART_Debug_PutChar
 .text.UART_Debug_PutString
                0x00000690       0x24 .\CortexM3\ARM_GCC_541\Debug\AY1920_II_HW_05_PROJ_2.a(UART_Debug.o)
                0x00000690                UART_Debug_PutString
 .text.I2C_Master_Init
                0x000006b4       0x68 .\CortexM3\ARM_GCC_541\Debug\AY1920_II_HW_05_PROJ_2.a(I2C_Master.o)
                0x000006b4                I2C_Master_Init
 .text.I2C_Master_Enable
                0x0000071c       0x24 .\CortexM3\ARM_GCC_541\Debug\AY1920_II_HW_05_PROJ_2.a(I2C_Master.o)
                0x0000071c                I2C_Master_Enable
 .text.I2C_Master_Start
                0x00000740       0x28 .\CortexM3\ARM_GCC_541\Debug\AY1920_II_HW_05_PROJ_2.a(I2C_Master.o)
                0x00000740                I2C_Master_Start
 .text.I2C_Master_ISR
                0x00000768      0x2d0 .\CortexM3\ARM_GCC_541\Debug\AY1920_II_HW_05_PROJ_2.a(I2C_Master_INT.o)
                0x00000768                I2C_Master_ISR
 .text.I2C_Master_MasterSendStart
                0x00000a38       0x80 .\CortexM3\ARM_GCC_541\Debug\AY1920_II_HW_05_PROJ_2.a(I2C_Master_MASTER.o)
                0x00000a38                I2C_Master_MasterSendStart
 .text.I2C_Master_MasterSendRestart
                0x00000ab8       0x6c .\CortexM3\ARM_GCC_541\Debug\AY1920_II_HW_05_PROJ_2.a(I2C_Master_MASTER.o)
                0x00000ab8                I2C_Master_MasterSendRestart
 .text.I2C_Master_MasterSendStop
                0x00000b24       0x38 .\CortexM3\ARM_GCC_541\Debug\AY1920_II_HW_05_PROJ_2.a(I2C_Master_MASTER.o)
                0x00000b24                I2C_Master_MasterSendStop
 .text.I2C_Master_MasterWriteByte
                0x00000b5c       0x58 .\CortexM3\ARM_GCC_541\Debug\AY1920_II_HW_05_PROJ_2.a(I2C_Master_MASTER.o)
                0x00000b5c                I2C_Master_MasterWriteByte
 .text.I2C_Master_MasterReadByte
                0x00000bb4       0x58 .\CortexM3\ARM_GCC_541\Debug\AY1920_II_HW_05_PROJ_2.a(I2C_Master_MASTER.o)
                0x00000bb4                I2C_Master_MasterReadByte
 .text.UART_Debug_IntClock_Start
                0x00000c0c       0x1c .\CortexM3\ARM_GCC_541\Debug\AY1920_II_HW_05_PROJ_2.a(UART_Debug_IntClock.o)
                0x00000c0c                UART_Debug_IntClock_Start
 .text.CyHalt   0x00000c28        0x4 .\CortexM3\ARM_GCC_541\Debug\AY1920_II_HW_05_PROJ_2.a(CyLib.o)
                0x00000c28                CyHalt
 .text.CyDelay  0x00000c2c       0x2c .\CortexM3\ARM_GCC_541\Debug\AY1920_II_HW_05_PROJ_2.a(CyLib.o)
                0x00000c2c                CyDelay
 .text.CyIntSetVector
                0x00000c58       0x28 .\CortexM3\ARM_GCC_541\Debug\AY1920_II_HW_05_PROJ_2.a(CyLib.o)
                0x00000c58                CyIntSetVector
 .text.CyIntSetPriority
                0x00000c80       0x30 .\CortexM3\ARM_GCC_541\Debug\AY1920_II_HW_05_PROJ_2.a(CyLib.o)
                0x00000c80                CyIntSetPriority
 .text.ISR_Timer_Enable
                0x00000cb0       0x28 .\CortexM3\ARM_GCC_541\Debug\AY1920_II_HW_05_PROJ_2.a(ISR_Timer.o)
                0x00000cb0                ISR_Timer_Enable
 .text.ISR_Timer_SetInterruptMode
                0x00000cd8        0xc .\CortexM3\ARM_GCC_541\Debug\AY1920_II_HW_05_PROJ_2.a(ISR_Timer.o)
                0x00000cd8                ISR_Timer_SetInterruptMode
 .text.ISR_Timer_ReadStatusRegister
                0x00000ce4        0xc .\CortexM3\ARM_GCC_541\Debug\AY1920_II_HW_05_PROJ_2.a(ISR_Timer.o)
                0x00000ce4                ISR_Timer_ReadStatusRegister
 .text.ISR_Timer_WritePeriod
                0x00000cf0        0xc .\CortexM3\ARM_GCC_541\Debug\AY1920_II_HW_05_PROJ_2.a(ISR_Timer.o)
                0x00000cf0                ISR_Timer_WritePeriod
 .text.ISR_Timer_WriteCounter
                0x00000cfc        0xc .\CortexM3\ARM_GCC_541\Debug\AY1920_II_HW_05_PROJ_2.a(ISR_Timer.o)
                0x00000cfc                ISR_Timer_WriteCounter
 .text.ISR_Timer_Init
                0x00000d08       0x64 .\CortexM3\ARM_GCC_541\Debug\AY1920_II_HW_05_PROJ_2.a(ISR_Timer.o)
                0x00000d08                ISR_Timer_Init
 .text.ISR_Timer_Start
                0x00000d6c       0x1c .\CortexM3\ARM_GCC_541\Debug\AY1920_II_HW_05_PROJ_2.a(ISR_Timer.o)
                0x00000d6c                ISR_Timer_Start
 .text.ISR_Acc_SetVector
                0x00000d88        0xc .\CortexM3\ARM_GCC_541\Debug\AY1920_II_HW_05_PROJ_2.a(ISR_Acc.o)
                0x00000d88                ISR_Acc_SetVector
 .text.ISR_Acc_SetPriority
                0x00000d94       0x10 .\CortexM3\ARM_GCC_541\Debug\AY1920_II_HW_05_PROJ_2.a(ISR_Acc.o)
                0x00000d94                ISR_Acc_SetPriority
 .text.ISR_Acc_Enable
                0x00000da4        0xc .\CortexM3\ARM_GCC_541\Debug\AY1920_II_HW_05_PROJ_2.a(ISR_Acc.o)
                0x00000da4                ISR_Acc_Enable
 .text.ISR_Acc_Disable
                0x00000db0        0xc .\CortexM3\ARM_GCC_541\Debug\AY1920_II_HW_05_PROJ_2.a(ISR_Acc.o)
                0x00000db0                ISR_Acc_Disable
 .text.ISR_Acc_StartEx
                0x00000dbc       0x1c .\CortexM3\ARM_GCC_541\Debug\AY1920_II_HW_05_PROJ_2.a(ISR_Acc.o)
                0x00000dbc                ISR_Acc_StartEx
 .text          0x00000dd8       0x20 .\CortexM3\ARM_GCC_541\Debug\AY1920_II_HW_05_PROJ_2.a(CyBootAsmGnu.o)
                0x00000dd8                CyDelayCycles
                0x00000de8                CyEnterCriticalSection
                0x00000df0                CyExitCriticalSection
 .text.__errno  0x00000df8        0xc c:/program files (x86)/cypress/psoc creator/4.3/psoc creator/import/gnu/arm/5.4.1/bin/../lib/gcc/arm-none-eabi/5.4.1/../../../../arm-none-eabi/lib/armv7-m\libg_nano.a(lib_a-errno.o)
                0x00000df8                __errno
 .text.__libc_init_array
                0x00000e04       0x4c c:/program files (x86)/cypress/psoc creator/4.3/psoc creator/import/gnu/arm/5.4.1/bin/../lib/gcc/arm-none-eabi/5.4.1/../../../../arm-none-eabi/lib/armv7-m\libg_nano.a(lib_a-init.o)
                0x00000e04                __libc_init_array
 .text.memcpy   0x00000e50       0x16 c:/program files (x86)/cypress/psoc creator/4.3/psoc creator/import/gnu/arm/5.4.1/bin/../lib/gcc/arm-none-eabi/5.4.1/../../../../arm-none-eabi/lib/armv7-m\libg_nano.a(lib_a-memcpy-stub.o)
                0x00000e50                memcpy
 .text.memset   0x00000e66       0x10 c:/program files (x86)/cypress/psoc creator/4.3/psoc creator/import/gnu/arm/5.4.1/bin/../lib/gcc/arm-none-eabi/5.4.1/../../../../arm-none-eabi/lib/armv7-m\libg_nano.a(lib_a-memset.o)
                0x00000e66                memset
 *fill*         0x00000e76        0x2 
 .text.sprintf  0x00000e78       0x48 c:/program files (x86)/cypress/psoc creator/4.3/psoc creator/import/gnu/arm/5.4.1/bin/../lib/gcc/arm-none-eabi/5.4.1/../../../../arm-none-eabi/lib/armv7-m\libg_nano.a(lib_a-sprintf.o)
                0x00000e78                siprintf
                0x00000e78                sprintf
 .text.__ssputs_r
                0x00000ec0       0xb2 c:/program files (x86)/cypress/psoc creator/4.3/psoc creator/import/gnu/arm/5.4.1/bin/../lib/gcc/arm-none-eabi/5.4.1/../../../../arm-none-eabi/lib/armv7-m\libg_nano.a(lib_a-nano-svfprintf.o)
                0x00000ec0                __ssputs_r
 *fill*         0x00000f72        0x2 
 .text._svfprintf_r
                0x00000f74      0x1e8 c:/program files (x86)/cypress/psoc creator/4.3/psoc creator/import/gnu/arm/5.4.1/bin/../lib/gcc/arm-none-eabi/5.4.1/../../../../arm-none-eabi/lib/armv7-m\libg_nano.a(lib_a-nano-svfprintf.o)
                0x00000f74                _svfiprintf_r
                0x00000f74                _svfprintf_r
 .text._printf_common
                0x0000115c       0xec c:/program files (x86)/cypress/psoc creator/4.3/psoc creator/import/gnu/arm/5.4.1/bin/../lib/gcc/arm-none-eabi/5.4.1/../../../../arm-none-eabi/lib/armv7-m\libg_nano.a(lib_a-nano-vfprintf_i.o)
                0x0000115c                _printf_common
 .text._printf_i
                0x00001248      0x24c c:/program files (x86)/cypress/psoc creator/4.3/psoc creator/import/gnu/arm/5.4.1/bin/../lib/gcc/arm-none-eabi/5.4.1/../../../../arm-none-eabi/lib/armv7-m\libg_nano.a(lib_a-nano-vfprintf_i.o)
                0x00001248                _printf_i
 .text.memchr   0x00001494       0x1c c:/program files (x86)/cypress/psoc creator/4.3/psoc creator/import/gnu/arm/5.4.1/bin/../lib/gcc/arm-none-eabi/5.4.1/../../../../arm-none-eabi/lib/armv7-m\libg_nano.a(lib_a-memchr-stub.o)
                0x00001494                memchr
 .text.memmove  0x000014b0       0x36 c:/program files (x86)/cypress/psoc creator/4.3/psoc creator/import/gnu/arm/5.4.1/bin/../lib/gcc/arm-none-eabi/5.4.1/../../../../arm-none-eabi/lib/armv7-m\libg_nano.a(lib_a-memmove.o)
                0x000014b0                memmove
 *fill*         0x000014e6        0x2 
 .text._free_r  0x000014e8       0x98 c:/program files (x86)/cypress/psoc creator/4.3/psoc creator/import/gnu/arm/5.4.1/bin/../lib/gcc/arm-none-eabi/5.4.1/../../../../arm-none-eabi/lib/armv7-m\libg_nano.a(lib_a-nano-freer.o)
                0x000014e8                _free_r
 .text._malloc_r
                0x00001580       0xbc c:/program files (x86)/cypress/psoc creator/4.3/psoc creator/import/gnu/arm/5.4.1/bin/../lib/gcc/arm-none-eabi/5.4.1/../../../../arm-none-eabi/lib/armv7-m\libg_nano.a(lib_a-nano-mallocr.o)
                0x00001580                _malloc_r
 .text._realloc_r
                0x0000163c       0x4c c:/program files (x86)/cypress/psoc creator/4.3/psoc creator/import/gnu/arm/5.4.1/bin/../lib/gcc/arm-none-eabi/5.4.1/../../../../arm-none-eabi/lib/armv7-m\libg_nano.a(lib_a-nano-reallocr.o)
                0x0000163c                _realloc_r
 .text._sbrk_r  0x00001688       0x20 c:/program files (x86)/cypress/psoc creator/4.3/psoc creator/import/gnu/arm/5.4.1/bin/../lib/gcc/arm-none-eabi/5.4.1/../../../../arm-none-eabi/lib/armv7-m\libg_nano.a(lib_a-sbrkr.o)
                0x00001688                _sbrk_r
 .text.__malloc_lock
                0x000016a8        0x2 c:/program files (x86)/cypress/psoc creator/4.3/psoc creator/import/gnu/arm/5.4.1/bin/../lib/gcc/arm-none-eabi/5.4.1/../../../../arm-none-eabi/lib/armv7-m\libg_nano.a(lib_a-mlock.o)
                0x000016a8                __malloc_lock
 .text.__malloc_unlock
                0x000016aa        0x2 c:/program files (x86)/cypress/psoc creator/4.3/psoc creator/import/gnu/arm/5.4.1/bin/../lib/gcc/arm-none-eabi/5.4.1/../../../../arm-none-eabi/lib/armv7-m\libg_nano.a(lib_a-mlock.o)
                0x000016aa                __malloc_unlock
 .text._malloc_usable_size_r
                0x000016ac       0x14 c:/program files (x86)/cypress/psoc creator/4.3/psoc creator/import/gnu/arm/5.4.1/bin/../lib/gcc/arm-none-eabi/5.4.1/../../../../arm-none-eabi/lib/armv7-m\libg_nano.a(lib_a-nano-msizer.o)
                0x000016ac                _malloc_usable_size_r
 *(.plt)
 *(.gnu.warning)
 *(.glue_7t)
 .glue_7t       0x000016c0        0x0 linker stubs
 *(.glue_7)
 .glue_7        0x000016c0        0x0 linker stubs
 *(.vfp11_veneer)
 .vfp11_veneer  0x000016c0        0x0 linker stubs
 *(.bootloader)
 *(.ARM.extab* .gnu.linkonce.armextab.*)
 *(.gcc_except_table)

.v4_bx          0x000016c0        0x0
 .v4_bx         0x000016c0        0x0 linker stubs

.iplt           0x000016c0        0x0
 .iplt          0x000016c0        0x0 c:/program files (x86)/cypress/psoc creator/4.3/psoc creator/import/gnu/arm/5.4.1/bin/../lib/gcc/arm-none-eabi/5.4.1/armv7-m/crtbegin.o

.eh_frame_hdr
 *(.eh_frame_hdr)

.eh_frame       0x000016c0        0x4
 *(.eh_frame)
 .eh_frame      0x000016c0        0x0 c:/program files (x86)/cypress/psoc creator/4.3/psoc creator/import/gnu/arm/5.4.1/bin/../lib/gcc/arm-none-eabi/5.4.1/armv7-m/crtbegin.o
 .eh_frame      0x000016c0        0x4 c:/program files (x86)/cypress/psoc creator/4.3/psoc creator/import/gnu/arm/5.4.1/bin/../lib/gcc/arm-none-eabi/5.4.1/armv7-m/crtend.o
                [!provide]                PROVIDE (__exidx_start, .)

.ARM.exidx
 *(.ARM.exidx* .gnu.linkonce.armexidx.*)
                0x000016c4                __exidx_end = .

.rodata         0x000016c4      0x32c
 *(.rodata .rodata.* .gnu.linkonce.r.*)
 .rodata.str1.4
                0x000016c4      0x278 .\CortexM3\ARM_GCC_541\Debug\main.o
                                0x275 (size before relaxing)
 .rodata        0x0000193c       0x46 .\CortexM3\ARM_GCC_541\Debug\cyfitter_cfg.o
 .rodata.str1.1
                0x00001982        0x2 c:/program files (x86)/cypress/psoc creator/4.3/psoc creator/import/gnu/arm/5.4.1/bin/../lib/gcc/arm-none-eabi/5.4.1/../../../../arm-none-eabi/lib/armv7-m\libg_nano.a(lib_a-impure.o)
 .rodata.str1.1
                0x00001984       0x11 c:/program files (x86)/cypress/psoc creator/4.3/psoc creator/import/gnu/arm/5.4.1/bin/../lib/gcc/arm-none-eabi/5.4.1/../../../../arm-none-eabi/lib/armv7-m\libg_nano.a(lib_a-nano-svfprintf.o)
 .rodata.str1.1
                0x00001995       0x22 c:/program files (x86)/cypress/psoc creator/4.3/psoc creator/import/gnu/arm/5.4.1/bin/../lib/gcc/arm-none-eabi/5.4.1/../../../../arm-none-eabi/lib/armv7-m\libg_nano.a(lib_a-nano-vfprintf_i.o)
                0x000019b8                . = ALIGN (0x4)
 *fill*         0x000019b7        0x1 
 *(.init)
 .init          0x000019b8        0x4 c:/program files (x86)/cypress/psoc creator/4.3/psoc creator/import/gnu/arm/5.4.1/bin/../lib/gcc/arm-none-eabi/5.4.1/armv7-m/crti.o
                0x000019b8                _init
 .init          0x000019bc        0x8 c:/program files (x86)/cypress/psoc creator/4.3/psoc creator/import/gnu/arm/5.4.1/bin/../lib/gcc/arm-none-eabi/5.4.1/armv7-m/crtn.o
                0x000019c4                . = ALIGN (0x4)
                0x000019c4                __preinit_array_start = .
 *(.preinit_array)
                0x000019c4                __preinit_array_end = .
                0x000019c4                . = ALIGN (0x4)
                0x000019c4                __init_array_start = .
 *(SORT(.init_array.*))
 *(.init_array)
 .init_array    0x000019c4        0x4 c:/program files (x86)/cypress/psoc creator/4.3/psoc creator/import/gnu/arm/5.4.1/bin/../lib/gcc/arm-none-eabi/5.4.1/armv7-m/crtbegin.o
 .init_array    0x000019c8        0x4 .\CortexM3\ARM_GCC_541\Debug\Cm3Start.o
                0x000019cc                __init_array_end = .
                0x000019cc                . = ALIGN (0x4)
 *(.fini)
 .fini          0x000019cc        0x4 c:/program files (x86)/cypress/psoc creator/4.3/psoc creator/import/gnu/arm/5.4.1/bin/../lib/gcc/arm-none-eabi/5.4.1/armv7-m/crti.o
                0x000019cc                _fini
 .fini          0x000019d0        0x8 c:/program files (x86)/cypress/psoc creator/4.3/psoc creator/import/gnu/arm/5.4.1/bin/../lib/gcc/arm-none-eabi/5.4.1/armv7-m/crtn.o
                0x000019d8                . = ALIGN (0x4)
                0x000019d8                __fini_array_start = .
 *(.fini_array)
 .fini_array    0x000019d8        0x4 c:/program files (x86)/cypress/psoc creator/4.3/psoc creator/import/gnu/arm/5.4.1/bin/../lib/gcc/arm-none-eabi/5.4.1/armv7-m/crtbegin.o
 *(SORT(.fini_array.*))
                0x000019dc                __fini_array_end = .
                0x000019dc                . = ALIGN (0x4)
 *crtbegin.o(.ctors)
 *(EXCLUDE_FILE(*crtend.o) .ctors)
 *(SORT(.ctors.*))
 *crtend.o(.ctors)
                0x000019dc                . = ALIGN (0x4)
 *crtbegin.o(.dtors)
 *(EXCLUDE_FILE(*crtend.o) .dtors)
 *(SORT(.dtors.*))
 *crtend.o(.dtors)
                0x000019dc                . = ALIGN (0x4)
                0x000019dc                __cy_regions = .
                0x000019dc        0x4 LONG 0x19f0 __cy_region_init_ram
                0x000019e0        0x4 LONG 0x1fff80c8 __cy_region_start_data
                0x000019e4        0x4 LONG 0x80 __cy_region_init_size_ram
                0x000019e8        0x4 LONG 0x40 __cy_region_zero_size_ram
                0x000019ec                __cy_regions_end = .
                0x000019f0                . = ALIGN (0x8)
 *fill*         0x000019ec        0x4 
                0x000019f0                _etext = .

.cy_checksum_exclude
                0x000019f0        0x0
 *(.cy_checksum_exclude)

.ramvectors     0x1fff8000       0xc0
                0x1fff8000                __cy_region_start_ram = .
 *(.ramvectors)
 .ramvectors    0x1fff8000       0xc0 .\CortexM3\ARM_GCC_541\Debug\Cm3Start.o
                0x1fff8000                CyRamVectors

.noinit         0x1fff80c0        0x1
 *(.noinit)
 .noinit        0x1fff80c0        0x1 .\CortexM3\ARM_GCC_541\Debug\AY1920_II_HW_05_PROJ_2.a(CyLib.o)
                0x1fff80c0                CyResetStatus

.data           0x1fff80c8       0x80 load address 0x000019f0
                0x1fff80c8                __cy_region_start_data = .
 *(.jcr)
 .jcr           0x1fff80c8        0x0 c:/program files (x86)/cypress/psoc creator/4.3/psoc creator/import/gnu/arm/5.4.1/bin/../lib/gcc/arm-none-eabi/5.4.1/armv7-m/crtbegin.o
 .jcr           0x1fff80c8        0x4 c:/program files (x86)/cypress/psoc creator/4.3/psoc creator/import/gnu/arm/5.4.1/bin/../lib/gcc/arm-none-eabi/5.4.1/armv7-m/crtend.o
 *(.got.plt)
 *(.got)
 *(.shdata)
 *(.data .data.* .gnu.linkonce.d.*)
 .data          0x1fff80cc        0x4 .\CortexM3\ARM_GCC_541\Debug\Cm3Start.o
 .data          0x1fff80d0       0x10 .\CortexM3\ARM_GCC_541\Debug\AY1920_II_HW_05_PROJ_2.a(CyLib.o)
                0x1fff80d0                cydelay_32k_ms
                0x1fff80d4                cydelay_freq_khz
                0x1fff80d8                cydelay_freq_mhz
                0x1fff80dc                cydelay_freq_hz
 .data.impure_data
                0x1fff80e0       0x60 c:/program files (x86)/cypress/psoc creator/4.3/psoc creator/import/gnu/arm/5.4.1/bin/../lib/gcc/arm-none-eabi/5.4.1/../../../../arm-none-eabi/lib/armv7-m\libg_nano.a(lib_a-impure.o)
 .data._impure_ptr
                0x1fff8140        0x4 c:/program files (x86)/cypress/psoc creator/4.3/psoc creator/import/gnu/arm/5.4.1/bin/../lib/gcc/arm-none-eabi/5.4.1/../../../../arm-none-eabi/lib/armv7-m\libg_nano.a(lib_a-impure.o)
                0x1fff8140                _impure_ptr
                0x1fff8148                . = ALIGN (0x8)
 *fill*         0x1fff8144        0x4 
 *(.ram)
                0x1fff8148                _edata = .

.igot.plt       0x1fff8148        0x0 load address 0x00001a70
 .igot.plt      0x1fff8148        0x0 c:/program files (x86)/cypress/psoc creator/4.3/psoc creator/import/gnu/arm/5.4.1/bin/../lib/gcc/arm-none-eabi/5.4.1/armv7-m/crtbegin.o

.bss            0x1fff8148       0x40 load address 0x00001a70
                0x1fff8148                PROVIDE (__bss_start__, .)
 *(.shbss)
 *(.bss .bss.* .gnu.linkonce.b.*)
 .bss           0x1fff8148       0x1c c:/program files (x86)/cypress/psoc creator/4.3/psoc creator/import/gnu/arm/5.4.1/bin/../lib/gcc/arm-none-eabi/5.4.1/armv7-m/crtbegin.o
 .bss           0x1fff8164        0x2 .\CortexM3\ARM_GCC_541\Debug\AY1920_II_HW_05_PROJ_2.a(UART_Debug.o)
                0x1fff8164                UART_Debug_initVar
 .bss           0x1fff8166        0x1 .\CortexM3\ARM_GCC_541\Debug\AY1920_II_HW_05_PROJ_2.a(I2C_Master.o)
                0x1fff8166                I2C_Master_initVar
 .bss           0x1fff8167        0x1 .\CortexM3\ARM_GCC_541\Debug\AY1920_II_HW_05_PROJ_2.a(ISR_Timer.o)
                0x1fff8167                ISR_Timer_initVar
 .bss.__malloc_sbrk_start
                0x1fff8168        0x4 c:/program files (x86)/cypress/psoc creator/4.3/psoc creator/import/gnu/arm/5.4.1/bin/../lib/gcc/arm-none-eabi/5.4.1/../../../../arm-none-eabi/lib/armv7-m\libg_nano.a(lib_a-nano-mallocr.o)
                0x1fff8168                __malloc_sbrk_start
 .bss.__malloc_free_list
                0x1fff816c        0x4 c:/program files (x86)/cypress/psoc creator/4.3/psoc creator/import/gnu/arm/5.4.1/bin/../lib/gcc/arm-none-eabi/5.4.1/../../../../arm-none-eabi/lib/armv7-m\libg_nano.a(lib_a-nano-mallocr.o)
                0x1fff816c                __malloc_free_list
 *(COMMON)
 COMMON         0x1fff8170        0x2 .\CortexM3\ARM_GCC_541\Debug\InterruptRoutines.o
                0x1fff8170                statusReg
                0x1fff8171                error
 COMMON         0x1fff8172        0x1 .\CortexM3\ARM_GCC_541\Debug\AY1920_II_HW_05_PROJ_2.a(I2C_Master.o)
                0x1fff8172                I2C_Master_state
 *fill*         0x1fff8173        0x1 
 COMMON         0x1fff8174        0xf .\CortexM3\ARM_GCC_541\Debug\AY1920_II_HW_05_PROJ_2.a(I2C_Master_MASTER.o)
                0x1fff8174                I2C_Master_mstrRdBufIndex
                0x1fff8175                I2C_Master_mstrWrBufIndex
                0x1fff8176                I2C_Master_mstrWrBufSize
                0x1fff8178                I2C_Master_mstrWrBufPtr
                0x1fff817c                I2C_Master_mstrRdBufPtr
                0x1fff8180                I2C_Master_mstrControl
                0x1fff8181                I2C_Master_mstrStatus
                0x1fff8182                I2C_Master_mstrRdBufSize
 *fill*         0x1fff8183        0x1 
 COMMON         0x1fff8184        0x4 c:/program files (x86)/cypress/psoc creator/4.3/psoc creator/import/gnu/arm/5.4.1/bin/../lib/gcc/arm-none-eabi/5.4.1/../../../../arm-none-eabi/lib/armv7-m\libg_nano.a(lib_a-reent.o)
                0x1fff8184                errno
                0x1fff8188                . = ALIGN (0x8)
 *(.ram.b)
                0x1fff8188                _end = .
                0x1fff8188                __end = .
                0x1fff8188                PROVIDE (end, .)
                0x1fff8188                PROVIDE (__bss_end__, .)
                0x000019f0                __cy_region_init_ram = LOADADDR (.data)
                0x00000080                __cy_region_init_size_ram = (_edata - ADDR (.data))
                0x00000040                __cy_region_zero_size_ram = (_end - _edata)

.heap           0x1fff8188       0x80 load address 0x00001a70
                0x1fff8188                . = _end
                0x1fff8208                . = (. + 0x80)
 *fill*         0x1fff8188       0x80 
                0x1fff8208                __cy_heap_limit = .

.stack          0x20007800      0x800
                0x20007800                __cy_stack_limit = .
                0x20008000                . = (. + 0x800)
 *fill*         0x20007800      0x800 
                0x00000001                ASSERT ((__cy_stack_limit >= __cy_heap_limit), region RAM overflowed with stack)
                0x00000000                cy_checksum_exclude_size = (CY_APPL_LOADABLE == 0x1)?SIZEOF (.cy_checksum_exclude):0x0
                0x00000001                ASSERT ((cy_checksum_exclude_size <= CY_CHECKSUM_EXCLUDE_SIZE), CY_BOOT: Section .cy_checksum_exclude size exceedes specified limit.)

.cyloadermeta
 *(.cyloadermeta)

.cyloadablemeta
 *(.cyloadablemeta)

.cyconfigecc    0x80000000      0x204
 *(.cyconfigecc)
 .cyconfigecc   0x80000000      0x204 .\CortexM3\ARM_GCC_541\Debug\cymetadata.o
                0x80000000                cy_meta_configecc

.cycustnvl      0x90000000        0x4
 *(.cycustnvl)
 .cycustnvl     0x90000000        0x4 .\CortexM3\ARM_GCC_541\Debug\cymetadata.o
                0x90000000                cy_meta_custnvl

.cywolatch      0x90100000        0x4
 *(.cywolatch)
 .cywolatch     0x90100000        0x4 .\CortexM3\ARM_GCC_541\Debug\cymetadata.o
                0x90100000                cy_meta_wonvl

.cyeeprom       0x90200000        0x0
 *(.cyeeprom)
                0x00000001                ASSERT ((. <= ((0x90200000 + ee_offset) + ee_size)), .cyeeprom data will not fit in EEPROM)

.cyflashprotect
                0x90400000      0x100
 *(.cyflashprotect)
 .cyflashprotect
                0x90400000      0x100 .\CortexM3\ARM_GCC_541\Debug\cymetadata.o
                0x90400000                cy_meta_flashprotect

.cymeta         0x90500000        0xc
 *(.cymeta)
 .cymeta        0x90500000        0xc .\CortexM3\ARM_GCC_541\Debug\cymetadata.o
                0x90500000                cy_metadata

.rel.dyn        0x00001a70        0x0 load address 0x9050000c
 .rel.iplt      0x00001a70        0x0 c:/program files (x86)/cypress/psoc creator/4.3/psoc creator/import/gnu/arm/5.4.1/bin/../lib/gcc/arm-none-eabi/5.4.1/armv7-m/crtbegin.o

.stab
 *(.stab)

.stabstr
 *(.stabstr)

.debug
 *(.debug)

.line
 *(.line)

.debug_srcinfo
 *(.debug_srcinfo)

.debug_sfnames
 *(.debug_sfnames)

.debug_aranges  0x00000000      0x8d0
 *(.debug_aranges)
 .debug_aranges
                0x00000000       0x20 .\CortexM3\ARM_GCC_541\Debug\main.o
 .debug_aranges
                0x00000020       0x50 .\CortexM3\ARM_GCC_541\Debug\I2C_Interface.o
 .debug_aranges
                0x00000070       0x20 .\CortexM3\ARM_GCC_541\Debug\InterruptRoutines.o
 .debug_aranges
                0x00000090       0x58 .\CortexM3\ARM_GCC_541\Debug\cyfitter_cfg.o
 .debug_aranges
                0x000000e8       0x18 .\CortexM3\ARM_GCC_541\Debug\cymetadata.o
 .debug_aranges
                0x00000100       0x48 .\CortexM3\ARM_GCC_541\Debug\Cm3Start.o
 .debug_aranges
                0x00000148       0xa0 .\CortexM3\ARM_GCC_541\Debug\AY1920_II_HW_05_PROJ_2.a(UART_Debug.o)
 .debug_aranges
                0x000001e8       0x38 .\CortexM3\ARM_GCC_541\Debug\AY1920_II_HW_05_PROJ_2.a(I2C_Master.o)
 .debug_aranges
                0x00000220       0x20 .\CortexM3\ARM_GCC_541\Debug\AY1920_II_HW_05_PROJ_2.a(I2C_Master_INT.o)
 .debug_aranges
                0x00000240       0x38 .\CortexM3\ARM_GCC_541\Debug\AY1920_II_HW_05_PROJ_2.a(I2C_Master_PM.o)
 .debug_aranges
                0x00000278       0x80 .\CortexM3\ARM_GCC_541\Debug\AY1920_II_HW_05_PROJ_2.a(I2C_Master_MASTER.o)
 .debug_aranges
                0x000002f8       0x70 .\CortexM3\ARM_GCC_541\Debug\AY1920_II_HW_05_PROJ_2.a(UART_Debug_IntClock.o)
 .debug_aranges
                0x00000368      0x2a0 .\CortexM3\ARM_GCC_541\Debug\AY1920_II_HW_05_PROJ_2.a(CyLib.o)
 .debug_aranges
                0x00000608       0x98 .\CortexM3\ARM_GCC_541\Debug\AY1920_II_HW_05_PROJ_2.a(cyPm.o)
 .debug_aranges
                0x000006a0       0x88 .\CortexM3\ARM_GCC_541\Debug\AY1920_II_HW_05_PROJ_2.a(ISR_Timer.o)
 .debug_aranges
                0x00000728       0x80 .\CortexM3\ARM_GCC_541\Debug\AY1920_II_HW_05_PROJ_2.a(ISR_Acc.o)
 .debug_aranges
                0x000007a8       0x20 .\CortexM3\ARM_GCC_541\Debug\AY1920_II_HW_05_PROJ_2.a(CyBootAsmGnu.o)
 .debug_aranges
                0x000007c8       0x88 .\CortexM3\ARM_GCC_541\Debug\AY1920_II_HW_05_PROJ_2.a(CyFlash.o)
 .debug_aranges
                0x00000850       0x80 .\CortexM3\ARM_GCC_541\Debug\AY1920_II_HW_05_PROJ_2.a(CySpc.o)

.debug_pubnames
 *(.debug_pubnames)

.debug_info     0x00000000     0x5696
 *(.debug_info .gnu.linkonce.wi.*)
 .debug_info    0x00000000      0x58f .\CortexM3\ARM_GCC_541\Debug\main.o
 .debug_info    0x0000058f      0x4c6 .\CortexM3\ARM_GCC_541\Debug\I2C_Interface.o
 .debug_info    0x00000a55      0x15b .\CortexM3\ARM_GCC_541\Debug\InterruptRoutines.o
 .debug_info    0x00000bb0      0x56f .\CortexM3\ARM_GCC_541\Debug\cyfitter_cfg.o
 .debug_info    0x0000111f      0x135 .\CortexM3\ARM_GCC_541\Debug\cymetadata.o
 .debug_info    0x00001254      0x3bb .\CortexM3\ARM_GCC_541\Debug\Cm3Start.o
 .debug_info    0x0000160f      0x45c .\CortexM3\ARM_GCC_541\Debug\AY1920_II_HW_05_PROJ_2.a(UART_Debug.o)
 .debug_info    0x00001a6b      0x2ad .\CortexM3\ARM_GCC_541\Debug\AY1920_II_HW_05_PROJ_2.a(I2C_Master.o)
 .debug_info    0x00001d18      0x184 .\CortexM3\ARM_GCC_541\Debug\AY1920_II_HW_05_PROJ_2.a(I2C_Master_INT.o)
 .debug_info    0x00001e9c      0x207 .\CortexM3\ARM_GCC_541\Debug\AY1920_II_HW_05_PROJ_2.a(I2C_Master_PM.o)
 .debug_info    0x000020a3      0x407 .\CortexM3\ARM_GCC_541\Debug\AY1920_II_HW_05_PROJ_2.a(I2C_Master_MASTER.o)
 .debug_info    0x000024aa      0x283 .\CortexM3\ARM_GCC_541\Debug\AY1920_II_HW_05_PROJ_2.a(UART_Debug_IntClock.o)
 .debug_info    0x0000272d     0x1374 .\CortexM3\ARM_GCC_541\Debug\AY1920_II_HW_05_PROJ_2.a(CyLib.o)
 .debug_info    0x00003aa1      0xa2a .\CortexM3\ARM_GCC_541\Debug\AY1920_II_HW_05_PROJ_2.a(cyPm.o)
 .debug_info    0x000044cb      0x293 .\CortexM3\ARM_GCC_541\Debug\AY1920_II_HW_05_PROJ_2.a(ISR_Timer.o)
 .debug_info    0x0000475e      0x2d2 .\CortexM3\ARM_GCC_541\Debug\AY1920_II_HW_05_PROJ_2.a(ISR_Acc.o)
 .debug_info    0x00004a30       0xc9 .\CortexM3\ARM_GCC_541\Debug\AY1920_II_HW_05_PROJ_2.a(CyBootAsmGnu.o)
 .debug_info    0x00004af9      0x64d .\CortexM3\ARM_GCC_541\Debug\AY1920_II_HW_05_PROJ_2.a(CyFlash.o)
 .debug_info    0x00005146      0x550 .\CortexM3\ARM_GCC_541\Debug\AY1920_II_HW_05_PROJ_2.a(CySpc.o)

.debug_abbrev   0x00000000     0x17b5
 *(.debug_abbrev)
 .debug_abbrev  0x00000000      0x110 .\CortexM3\ARM_GCC_541\Debug\main.o
 .debug_abbrev  0x00000110       0xf5 .\CortexM3\ARM_GCC_541\Debug\I2C_Interface.o
 .debug_abbrev  0x00000205       0xd2 .\CortexM3\ARM_GCC_541\Debug\InterruptRoutines.o
 .debug_abbrev  0x000002d7      0x20d .\CortexM3\ARM_GCC_541\Debug\cyfitter_cfg.o
 .debug_abbrev  0x000004e4       0x66 .\CortexM3\ARM_GCC_541\Debug\cymetadata.o
 .debug_abbrev  0x0000054a      0x1e8 .\CortexM3\ARM_GCC_541\Debug\Cm3Start.o
 .debug_abbrev  0x00000732      0x175 .\CortexM3\ARM_GCC_541\Debug\AY1920_II_HW_05_PROJ_2.a(UART_Debug.o)
 .debug_abbrev  0x000008a7      0x10a .\CortexM3\ARM_GCC_541\Debug\AY1920_II_HW_05_PROJ_2.a(I2C_Master.o)
 .debug_abbrev  0x000009b1       0xb6 .\CortexM3\ARM_GCC_541\Debug\AY1920_II_HW_05_PROJ_2.a(I2C_Master_INT.o)
 .debug_abbrev  0x00000a67       0xfe .\CortexM3\ARM_GCC_541\Debug\AY1920_II_HW_05_PROJ_2.a(I2C_Master_PM.o)
 .debug_abbrev  0x00000b65      0x13c .\CortexM3\ARM_GCC_541\Debug\AY1920_II_HW_05_PROJ_2.a(I2C_Master_MASTER.o)
 .debug_abbrev  0x00000ca1      0x139 .\CortexM3\ARM_GCC_541\Debug\AY1920_II_HW_05_PROJ_2.a(UART_Debug_IntClock.o)
 .debug_abbrev  0x00000dda      0x254 .\CortexM3\ARM_GCC_541\Debug\AY1920_II_HW_05_PROJ_2.a(CyLib.o)
 .debug_abbrev  0x0000102e      0x1ab .\CortexM3\ARM_GCC_541\Debug\AY1920_II_HW_05_PROJ_2.a(cyPm.o)
 .debug_abbrev  0x000011d9      0x11a .\CortexM3\ARM_GCC_541\Debug\AY1920_II_HW_05_PROJ_2.a(ISR_Timer.o)
 .debug_abbrev  0x000012f3      0x173 .\CortexM3\ARM_GCC_541\Debug\AY1920_II_HW_05_PROJ_2.a(ISR_Acc.o)
 .debug_abbrev  0x00001466       0x14 .\CortexM3\ARM_GCC_541\Debug\AY1920_II_HW_05_PROJ_2.a(CyBootAsmGnu.o)
 .debug_abbrev  0x0000147a      0x1a7 .\CortexM3\ARM_GCC_541\Debug\AY1920_II_HW_05_PROJ_2.a(CyFlash.o)
 .debug_abbrev  0x00001621      0x194 .\CortexM3\ARM_GCC_541\Debug\AY1920_II_HW_05_PROJ_2.a(CySpc.o)

.debug_line     0x00000000     0x26ca
 *(.debug_line)
 .debug_line    0x00000000      0x268 .\CortexM3\ARM_GCC_541\Debug\main.o
 .debug_line    0x00000268      0x209 .\CortexM3\ARM_GCC_541\Debug\I2C_Interface.o
 .debug_line    0x00000471      0x1a6 .\CortexM3\ARM_GCC_541\Debug\InterruptRoutines.o
 .debug_line    0x00000617      0x1f4 .\CortexM3\ARM_GCC_541\Debug\cyfitter_cfg.o
 .debug_line    0x0000080b      0x141 .\CortexM3\ARM_GCC_541\Debug\cymetadata.o
 .debug_line    0x0000094c      0x234 .\CortexM3\ARM_GCC_541\Debug\Cm3Start.o
 .debug_line    0x00000b80      0x1fc .\CortexM3\ARM_GCC_541\Debug\AY1920_II_HW_05_PROJ_2.a(UART_Debug.o)
 .debug_line    0x00000d7c       0xee .\CortexM3\ARM_GCC_541\Debug\AY1920_II_HW_05_PROJ_2.a(I2C_Master.o)
 .debug_line    0x00000e6a      0x122 .\CortexM3\ARM_GCC_541\Debug\AY1920_II_HW_05_PROJ_2.a(I2C_Master_INT.o)
 .debug_line    0x00000f8c       0xc9 .\CortexM3\ARM_GCC_541\Debug\AY1920_II_HW_05_PROJ_2.a(I2C_Master_PM.o)
 .debug_line    0x00001055      0x20b .\CortexM3\ARM_GCC_541\Debug\AY1920_II_HW_05_PROJ_2.a(I2C_Master_MASTER.o)
 .debug_line    0x00001260      0x182 .\CortexM3\ARM_GCC_541\Debug\AY1920_II_HW_05_PROJ_2.a(UART_Debug_IntClock.o)
 .debug_line    0x000013e2      0x816 .\CortexM3\ARM_GCC_541\Debug\AY1920_II_HW_05_PROJ_2.a(CyLib.o)
 .debug_line    0x00001bf8      0x367 .\CortexM3\ARM_GCC_541\Debug\AY1920_II_HW_05_PROJ_2.a(cyPm.o)
 .debug_line    0x00001f5f      0x157 .\CortexM3\ARM_GCC_541\Debug\AY1920_II_HW_05_PROJ_2.a(ISR_Timer.o)
 .debug_line    0x000020b6      0x134 .\CortexM3\ARM_GCC_541\Debug\AY1920_II_HW_05_PROJ_2.a(ISR_Acc.o)
 .debug_line    0x000021ea       0x66 .\CortexM3\ARM_GCC_541\Debug\AY1920_II_HW_05_PROJ_2.a(CyBootAsmGnu.o)
 .debug_line    0x00002250      0x21a .\CortexM3\ARM_GCC_541\Debug\AY1920_II_HW_05_PROJ_2.a(CyFlash.o)
 .debug_line    0x0000246a      0x260 .\CortexM3\ARM_GCC_541\Debug\AY1920_II_HW_05_PROJ_2.a(CySpc.o)

.debug_frame    0x00000000     0x1a0c
 *(.debug_frame)
 .debug_frame   0x00000000       0x2c .\CortexM3\ARM_GCC_541\Debug\main.o
 .debug_frame   0x0000002c       0xfc .\CortexM3\ARM_GCC_541\Debug\I2C_Interface.o
 .debug_frame   0x00000128       0x2c .\CortexM3\ARM_GCC_541\Debug\InterruptRoutines.o
 .debug_frame   0x00000154       0xe4 .\CortexM3\ARM_GCC_541\Debug\cyfitter_cfg.o
 .debug_frame   0x00000238       0xb8 .\CortexM3\ARM_GCC_541\Debug\Cm3Start.o
 .debug_frame   0x000002f0      0x198 .\CortexM3\ARM_GCC_541\Debug\AY1920_II_HW_05_PROJ_2.a(UART_Debug.o)
 .debug_frame   0x00000488       0x94 .\CortexM3\ARM_GCC_541\Debug\AY1920_II_HW_05_PROJ_2.a(I2C_Master.o)
 .debug_frame   0x0000051c       0x30 .\CortexM3\ARM_GCC_541\Debug\AY1920_II_HW_05_PROJ_2.a(I2C_Master_INT.o)
 .debug_frame   0x0000054c       0x74 .\CortexM3\ARM_GCC_541\Debug\AY1920_II_HW_05_PROJ_2.a(I2C_Master_PM.o)
 .debug_frame   0x000005c0      0x138 .\CortexM3\ARM_GCC_541\Debug\AY1920_II_HW_05_PROJ_2.a(I2C_Master_MASTER.o)
 .debug_frame   0x000006f8       0xe0 .\CortexM3\ARM_GCC_541\Debug\AY1920_II_HW_05_PROJ_2.a(UART_Debug_IntClock.o)
 .debug_frame   0x000007d8      0x738 .\CortexM3\ARM_GCC_541\Debug\AY1920_II_HW_05_PROJ_2.a(CyLib.o)
 .debug_frame   0x00000f10      0x1f8 .\CortexM3\ARM_GCC_541\Debug\AY1920_II_HW_05_PROJ_2.a(cyPm.o)
 .debug_frame   0x00001108      0x108 .\CortexM3\ARM_GCC_541\Debug\AY1920_II_HW_05_PROJ_2.a(ISR_Timer.o)
 .debug_frame   0x00001210      0x104 .\CortexM3\ARM_GCC_541\Debug\AY1920_II_HW_05_PROJ_2.a(ISR_Acc.o)
 .debug_frame   0x00001314      0x194 .\CortexM3\ARM_GCC_541\Debug\AY1920_II_HW_05_PROJ_2.a(CyFlash.o)
 .debug_frame   0x000014a8      0x180 .\CortexM3\ARM_GCC_541\Debug\AY1920_II_HW_05_PROJ_2.a(CySpc.o)
 .debug_frame   0x00001628       0x20 c:/program files (x86)/cypress/psoc creator/4.3/psoc creator/import/gnu/arm/5.4.1/bin/../lib/gcc/arm-none-eabi/5.4.1/../../../../arm-none-eabi/lib/armv7-m\libg_nano.a(lib_a-errno.o)
 .debug_frame   0x00001648       0x28 c:/program files (x86)/cypress/psoc creator/4.3/psoc creator/import/gnu/arm/5.4.1/bin/../lib/gcc/arm-none-eabi/5.4.1/../../../../arm-none-eabi/lib/armv7-m\libg_nano.a(lib_a-exit.o)
 .debug_frame   0x00001670       0x2c c:/program files (x86)/cypress/psoc creator/4.3/psoc creator/import/gnu/arm/5.4.1/bin/../lib/gcc/arm-none-eabi/5.4.1/../../../../arm-none-eabi/lib/armv7-m\libg_nano.a(lib_a-init.o)
 .debug_frame   0x0000169c       0x28 c:/program files (x86)/cypress/psoc creator/4.3/psoc creator/import/gnu/arm/5.4.1/bin/../lib/gcc/arm-none-eabi/5.4.1/../../../../arm-none-eabi/lib/armv7-m\libg_nano.a(lib_a-memcpy-stub.o)
 .debug_frame   0x000016c4       0x20 c:/program files (x86)/cypress/psoc creator/4.3/psoc creator/import/gnu/arm/5.4.1/bin/../lib/gcc/arm-none-eabi/5.4.1/../../../../arm-none-eabi/lib/armv7-m\libg_nano.a(lib_a-memset.o)
 .debug_frame   0x000016e4       0x70 c:/program files (x86)/cypress/psoc creator/4.3/psoc creator/import/gnu/arm/5.4.1/bin/../lib/gcc/arm-none-eabi/5.4.1/../../../../arm-none-eabi/lib/armv7-m\libg_nano.a(lib_a-sprintf.o)
 .debug_frame   0x00001754       0x90 c:/program files (x86)/cypress/psoc creator/4.3/psoc creator/import/gnu/arm/5.4.1/bin/../lib/gcc/arm-none-eabi/5.4.1/../../../../arm-none-eabi/lib/armv7-m\libg_nano.a(lib_a-nano-svfprintf.o)
 .debug_frame   0x000017e4       0x60 c:/program files (x86)/cypress/psoc creator/4.3/psoc creator/import/gnu/arm/5.4.1/bin/../lib/gcc/arm-none-eabi/5.4.1/../../../../arm-none-eabi/lib/armv7-m\libg_nano.a(lib_a-nano-vfprintf_i.o)
 .debug_frame   0x00001844       0x28 c:/program files (x86)/cypress/psoc creator/4.3/psoc creator/import/gnu/arm/5.4.1/bin/../lib/gcc/arm-none-eabi/5.4.1/../../../../arm-none-eabi/lib/armv7-m\libg_nano.a(lib_a-memchr-stub.o)
 .debug_frame   0x0000186c       0x28 c:/program files (x86)/cypress/psoc creator/4.3/psoc creator/import/gnu/arm/5.4.1/bin/../lib/gcc/arm-none-eabi/5.4.1/../../../../arm-none-eabi/lib/armv7-m\libg_nano.a(lib_a-memmove.o)
 .debug_frame   0x00001894       0x38 c:/program files (x86)/cypress/psoc creator/4.3/psoc creator/import/gnu/arm/5.4.1/bin/../lib/gcc/arm-none-eabi/5.4.1/../../../../arm-none-eabi/lib/armv7-m\libg_nano.a(lib_a-nano-freer.o)
 .debug_frame   0x000018cc       0x2c c:/program files (x86)/cypress/psoc creator/4.3/psoc creator/import/gnu/arm/5.4.1/bin/../lib/gcc/arm-none-eabi/5.4.1/../../../../arm-none-eabi/lib/armv7-m\libg_nano.a(lib_a-nano-mallocr.o)
 .debug_frame   0x000018f8       0x3c c:/program files (x86)/cypress/psoc creator/4.3/psoc creator/import/gnu/arm/5.4.1/bin/../lib/gcc/arm-none-eabi/5.4.1/../../../../arm-none-eabi/lib/armv7-m\libg_nano.a(lib_a-nano-reallocr.o)
 .debug_frame   0x00001934       0x2c c:/program files (x86)/cypress/psoc creator/4.3/psoc creator/import/gnu/arm/5.4.1/bin/../lib/gcc/arm-none-eabi/5.4.1/../../../../arm-none-eabi/lib/armv7-m\libg_nano.a(lib_a-sbrkr.o)
 .debug_frame   0x00001960       0x30 c:/program files (x86)/cypress/psoc creator/4.3/psoc creator/import/gnu/arm/5.4.1/bin/../lib/gcc/arm-none-eabi/5.4.1/../../../../arm-none-eabi/lib/armv7-m\libg_nano.a(lib_a-mlock.o)
 .debug_frame   0x00001990       0x20 c:/program files (x86)/cypress/psoc creator/4.3/psoc creator/import/gnu/arm/5.4.1/bin/../lib/gcc/arm-none-eabi/5.4.1/../../../../arm-none-eabi/lib/armv7-m\libg_nano.a(lib_a-nano-msizer.o)
 .debug_frame   0x000019b0       0x5c c:/program files (x86)/cypress/psoc creator/4.3/psoc creator/import/gnu/arm/5.4.1/bin/../lib/gcc/arm-none-eabi/5.4.1/../../../../arm-none-eabi/lib/armv7-m\libg_nano.a(lib_a-reent.o)

.debug_str      0x00000000     0x1fa7
 *(.debug_str)
 .debug_str     0x00000000      0x2b8 .\CortexM3\ARM_GCC_541\Debug\main.o
                                0x30e (size before relaxing)
 .debug_str     0x000002b8      0x146 .\CortexM3\ARM_GCC_541\Debug\I2C_Interface.o
                                0x39f (size before relaxing)
 .debug_str     0x000003fe       0x50 .\CortexM3\ARM_GCC_541\Debug\InterruptRoutines.o
                                0x25e (size before relaxing)
 .debug_str     0x0000044e      0x1b0 .\CortexM3\ARM_GCC_541\Debug\cyfitter_cfg.o
                                0x37d (size before relaxing)
 .debug_str     0x000005fe       0x75 .\CortexM3\ARM_GCC_541\Debug\cymetadata.o
                                0x21d (size before relaxing)
 .debug_str     0x00000673      0x144 .\CortexM3\ARM_GCC_541\Debug\Cm3Start.o
                                0x343 (size before relaxing)
 .debug_str     0x000007b7      0x264 .\CortexM3\ARM_GCC_541\Debug\AY1920_II_HW_05_PROJ_2.a(UART_Debug.o)
                                0x455 (size before relaxing)
 .debug_str     0x00000a1b      0x13f .\CortexM3\ARM_GCC_541\Debug\AY1920_II_HW_05_PROJ_2.a(I2C_Master.o)
                                0x36e (size before relaxing)
 .debug_str     0x00000b5a       0xb7 .\CortexM3\ARM_GCC_541\Debug\AY1920_II_HW_05_PROJ_2.a(I2C_Master_INT.o)
                                0x2e5 (size before relaxing)
 .debug_str     0x00000c11       0x79 .\CortexM3\ARM_GCC_541\Debug\AY1920_II_HW_05_PROJ_2.a(I2C_Master_PM.o)
                                0x2f5 (size before relaxing)
 .debug_str     0x00000c8a      0x150 .\CortexM3\ARM_GCC_541\Debug\AY1920_II_HW_05_PROJ_2.a(I2C_Master_MASTER.o)
                                0x47e (size before relaxing)
 .debug_str     0x00000dda      0x1bf .\CortexM3\ARM_GCC_541\Debug\AY1920_II_HW_05_PROJ_2.a(UART_Debug_IntClock.o)
                                0x3b7 (size before relaxing)
 .debug_str     0x00000f99      0x7eb .\CortexM3\ARM_GCC_541\Debug\AY1920_II_HW_05_PROJ_2.a(CyLib.o)
                                0xa80 (size before relaxing)
 .debug_str     0x00001784      0x365 .\CortexM3\ARM_GCC_541\Debug\AY1920_II_HW_05_PROJ_2.a(cyPm.o)
                                0x76c (size before relaxing)
 .debug_str     0x00001ae9      0x165 .\CortexM3\ARM_GCC_541\Debug\AY1920_II_HW_05_PROJ_2.a(ISR_Timer.o)
                                0x36e (size before relaxing)
 .debug_str     0x00001c4e       0xf2 .\CortexM3\ARM_GCC_541\Debug\AY1920_II_HW_05_PROJ_2.a(ISR_Acc.o)
                                0x2fb (size before relaxing)
 .debug_str     0x00001d40      0x1bb .\CortexM3\ARM_GCC_541\Debug\AY1920_II_HW_05_PROJ_2.a(CyFlash.o)
                                0x3f9 (size before relaxing)
 .debug_str     0x00001efb       0xac .\CortexM3\ARM_GCC_541\Debug\AY1920_II_HW_05_PROJ_2.a(CySpc.o)
                                0x371 (size before relaxing)

.debug_loc      0x00000000     0x274f
 *(.debug_loc)
 .debug_loc     0x00000000       0xc1 .\CortexM3\ARM_GCC_541\Debug\main.o
 .debug_loc     0x000000c1      0x328 .\CortexM3\ARM_GCC_541\Debug\I2C_Interface.o
 .debug_loc     0x000003e9      0x259 .\CortexM3\ARM_GCC_541\Debug\cyfitter_cfg.o
 .debug_loc     0x00000642      0x144 .\CortexM3\ARM_GCC_541\Debug\Cm3Start.o
 .debug_loc     0x00000786      0x1f7 .\CortexM3\ARM_GCC_541\Debug\AY1920_II_HW_05_PROJ_2.a(UART_Debug.o)
 .debug_loc     0x0000097d       0x39 .\CortexM3\ARM_GCC_541\Debug\AY1920_II_HW_05_PROJ_2.a(I2C_Master.o)
 .debug_loc     0x000009b6       0x29 .\CortexM3\ARM_GCC_541\Debug\AY1920_II_HW_05_PROJ_2.a(I2C_Master_INT.o)
 .debug_loc     0x000009df       0x13 .\CortexM3\ARM_GCC_541\Debug\AY1920_II_HW_05_PROJ_2.a(I2C_Master_PM.o)
 .debug_loc     0x000009f2      0x52f .\CortexM3\ARM_GCC_541\Debug\AY1920_II_HW_05_PROJ_2.a(I2C_Master_MASTER.o)
 .debug_loc     0x00000f21      0x12c .\CortexM3\ARM_GCC_541\Debug\AY1920_II_HW_05_PROJ_2.a(UART_Debug_IntClock.o)
 .debug_loc     0x0000104d      0xa11 .\CortexM3\ARM_GCC_541\Debug\AY1920_II_HW_05_PROJ_2.a(CyLib.o)
 .debug_loc     0x00001a5e      0x1e4 .\CortexM3\ARM_GCC_541\Debug\AY1920_II_HW_05_PROJ_2.a(cyPm.o)
 .debug_loc     0x00001c42       0x56 .\CortexM3\ARM_GCC_541\Debug\AY1920_II_HW_05_PROJ_2.a(ISR_Acc.o)
 .debug_loc     0x00001c98      0x3b2 .\CortexM3\ARM_GCC_541\Debug\AY1920_II_HW_05_PROJ_2.a(CyFlash.o)
 .debug_loc     0x0000204a      0x705 .\CortexM3\ARM_GCC_541\Debug\AY1920_II_HW_05_PROJ_2.a(CySpc.o)

.debug_macinfo
 *(.debug_macinfo)

.debug_ranges   0x00000000      0x7a0
 *(.debug_ranges)
 .debug_ranges  0x00000000       0x10 .\CortexM3\ARM_GCC_541\Debug\main.o
 .debug_ranges  0x00000010       0x58 .\CortexM3\ARM_GCC_541\Debug\I2C_Interface.o
 .debug_ranges  0x00000068       0x10 .\CortexM3\ARM_GCC_541\Debug\InterruptRoutines.o
 .debug_ranges  0x00000078       0x48 .\CortexM3\ARM_GCC_541\Debug\cyfitter_cfg.o
 .debug_ranges  0x000000c0       0x38 .\CortexM3\ARM_GCC_541\Debug\Cm3Start.o
 .debug_ranges  0x000000f8       0x90 .\CortexM3\ARM_GCC_541\Debug\AY1920_II_HW_05_PROJ_2.a(UART_Debug.o)
 .debug_ranges  0x00000188       0x28 .\CortexM3\ARM_GCC_541\Debug\AY1920_II_HW_05_PROJ_2.a(I2C_Master.o)
 .debug_ranges  0x000001b0       0x10 .\CortexM3\ARM_GCC_541\Debug\AY1920_II_HW_05_PROJ_2.a(I2C_Master_INT.o)
 .debug_ranges  0x000001c0       0x28 .\CortexM3\ARM_GCC_541\Debug\AY1920_II_HW_05_PROJ_2.a(I2C_Master_PM.o)
 .debug_ranges  0x000001e8       0x70 .\CortexM3\ARM_GCC_541\Debug\AY1920_II_HW_05_PROJ_2.a(I2C_Master_MASTER.o)
 .debug_ranges  0x00000258       0x60 .\CortexM3\ARM_GCC_541\Debug\AY1920_II_HW_05_PROJ_2.a(UART_Debug_IntClock.o)
 .debug_ranges  0x000002b8      0x290 .\CortexM3\ARM_GCC_541\Debug\AY1920_II_HW_05_PROJ_2.a(CyLib.o)
 .debug_ranges  0x00000548       0x88 .\CortexM3\ARM_GCC_541\Debug\AY1920_II_HW_05_PROJ_2.a(cyPm.o)
 .debug_ranges  0x000005d0       0x78 .\CortexM3\ARM_GCC_541\Debug\AY1920_II_HW_05_PROJ_2.a(ISR_Timer.o)
 .debug_ranges  0x00000648       0x70 .\CortexM3\ARM_GCC_541\Debug\AY1920_II_HW_05_PROJ_2.a(ISR_Acc.o)
 .debug_ranges  0x000006b8       0x78 .\CortexM3\ARM_GCC_541\Debug\AY1920_II_HW_05_PROJ_2.a(CyFlash.o)
 .debug_ranges  0x00000730       0x70 .\CortexM3\ARM_GCC_541\Debug\AY1920_II_HW_05_PROJ_2.a(CySpc.o)

.comment        0x00000000       0x6e
 .comment       0x00000000       0x6e .\CortexM3\ARM_GCC_541\Debug\main.o
                                 0x6f (size before relaxing)
 .comment       0x0000006e       0x6f .\CortexM3\ARM_GCC_541\Debug\I2C_Interface.o
 .comment       0x0000006e       0x6f .\CortexM3\ARM_GCC_541\Debug\InterruptRoutines.o
 .comment       0x0000006e       0x6f .\CortexM3\ARM_GCC_541\Debug\cyfitter_cfg.o
 .comment       0x0000006e       0x6f .\CortexM3\ARM_GCC_541\Debug\cymetadata.o
 .comment       0x0000006e       0x6f .\CortexM3\ARM_GCC_541\Debug\Cm3Start.o
 .comment       0x0000006e       0x6f .\CortexM3\ARM_GCC_541\Debug\AY1920_II_HW_05_PROJ_2.a(UART_Debug.o)
 .comment       0x0000006e       0x6f .\CortexM3\ARM_GCC_541\Debug\AY1920_II_HW_05_PROJ_2.a(I2C_Master.o)
 .comment       0x0000006e       0x6f .\CortexM3\ARM_GCC_541\Debug\AY1920_II_HW_05_PROJ_2.a(I2C_Master_INT.o)
 .comment       0x0000006e       0x6f .\CortexM3\ARM_GCC_541\Debug\AY1920_II_HW_05_PROJ_2.a(I2C_Master_PM.o)
 .comment       0x0000006e       0x6f .\CortexM3\ARM_GCC_541\Debug\AY1920_II_HW_05_PROJ_2.a(I2C_Master_MASTER.o)
 .comment       0x0000006e       0x6f .\CortexM3\ARM_GCC_541\Debug\AY1920_II_HW_05_PROJ_2.a(UART_Debug_IntClock.o)
 .comment       0x0000006e       0x6f .\CortexM3\ARM_GCC_541\Debug\AY1920_II_HW_05_PROJ_2.a(CyLib.o)
 .comment       0x0000006e       0x6f .\CortexM3\ARM_GCC_541\Debug\AY1920_II_HW_05_PROJ_2.a(cyPm.o)
 .comment       0x0000006e       0x6f .\CortexM3\ARM_GCC_541\Debug\AY1920_II_HW_05_PROJ_2.a(ISR_Timer.o)
 .comment       0x0000006e       0x6f .\CortexM3\ARM_GCC_541\Debug\AY1920_II_HW_05_PROJ_2.a(ISR_Acc.o)
 .comment       0x0000006e       0x6f .\CortexM3\ARM_GCC_541\Debug\AY1920_II_HW_05_PROJ_2.a(CyFlash.o)
 .comment       0x0000006e       0x6f .\CortexM3\ARM_GCC_541\Debug\AY1920_II_HW_05_PROJ_2.a(CySpc.o)

.debug_weaknames
 *(.debug_weaknames)

.debug_funcnames
 *(.debug_funcnames)

.debug_typenames
 *(.debug_typenames)

.debug_varnames
 *(.debug_varnames)

.note.gnu.arm.ident
 *(.note.gnu.arm.ident)

.ARM.attributes
                0x00000000       0x29
 *(.ARM.attributes)
 .ARM.attributes
                0x00000000       0x1d c:/program files (x86)/cypress/psoc creator/4.3/psoc creator/import/gnu/arm/5.4.1/bin/../lib/gcc/arm-none-eabi/5.4.1/armv7-m/crti.o
 .ARM.attributes
                0x0000001d       0x2d c:/program files (x86)/cypress/psoc creator/4.3/psoc creator/import/gnu/arm/5.4.1/bin/../lib/gcc/arm-none-eabi/5.4.1/armv7-m/crtbegin.o
 .ARM.attributes
                0x0000004a       0x1b c:/program files (x86)/cypress/psoc creator/4.3/psoc creator/import/gnu/arm/5.4.1/bin/../lib/gcc/arm-none-eabi/5.4.1/../../../../arm-none-eabi/lib/armv7-m/crt0.o
 .ARM.attributes
                0x00000065       0x33 .\CortexM3\ARM_GCC_541\Debug\main.o
 .ARM.attributes
                0x00000098       0x33 .\CortexM3\ARM_GCC_541\Debug\I2C_Interface.o
 .ARM.attributes
                0x000000cb       0x33 .\CortexM3\ARM_GCC_541\Debug\InterruptRoutines.o
 .ARM.attributes
                0x000000fe       0x33 .\CortexM3\ARM_GCC_541\Debug\cyfitter_cfg.o
 .ARM.attributes
                0x00000131       0x33 .\CortexM3\ARM_GCC_541\Debug\cymetadata.o
 .ARM.attributes
                0x00000164       0x33 .\CortexM3\ARM_GCC_541\Debug\Cm3Start.o
 .ARM.attributes
                0x00000197       0x33 .\CortexM3\ARM_GCC_541\Debug\AY1920_II_HW_05_PROJ_2.a(UART_Debug.o)
 .ARM.attributes
                0x000001ca       0x33 .\CortexM3\ARM_GCC_541\Debug\AY1920_II_HW_05_PROJ_2.a(I2C_Master.o)
 .ARM.attributes
                0x000001fd       0x33 .\CortexM3\ARM_GCC_541\Debug\AY1920_II_HW_05_PROJ_2.a(I2C_Master_INT.o)
 .ARM.attributes
                0x00000230       0x33 .\CortexM3\ARM_GCC_541\Debug\AY1920_II_HW_05_PROJ_2.a(I2C_Master_PM.o)
 .ARM.attributes
                0x00000263       0x33 .\CortexM3\ARM_GCC_541\Debug\AY1920_II_HW_05_PROJ_2.a(I2C_Master_MASTER.o)
 .ARM.attributes
                0x00000296       0x33 .\CortexM3\ARM_GCC_541\Debug\AY1920_II_HW_05_PROJ_2.a(UART_Debug_IntClock.o)
 .ARM.attributes
                0x000002c9       0x33 .\CortexM3\ARM_GCC_541\Debug\AY1920_II_HW_05_PROJ_2.a(CyLib.o)
 .ARM.attributes
                0x000002fc       0x33 .\CortexM3\ARM_GCC_541\Debug\AY1920_II_HW_05_PROJ_2.a(cyPm.o)
 .ARM.attributes
                0x0000032f       0x33 .\CortexM3\ARM_GCC_541\Debug\AY1920_II_HW_05_PROJ_2.a(ISR_Timer.o)
 .ARM.attributes
                0x00000362       0x33 .\CortexM3\ARM_GCC_541\Debug\AY1920_II_HW_05_PROJ_2.a(ISR_Acc.o)
 .ARM.attributes
                0x00000395       0x21 .\CortexM3\ARM_GCC_541\Debug\AY1920_II_HW_05_PROJ_2.a(CyBootAsmGnu.o)
 .ARM.attributes
                0x000003b6       0x33 .\CortexM3\ARM_GCC_541\Debug\AY1920_II_HW_05_PROJ_2.a(CyFlash.o)
 .ARM.attributes
                0x000003e9       0x33 .\CortexM3\ARM_GCC_541\Debug\AY1920_II_HW_05_PROJ_2.a(CySpc.o)
 .ARM.attributes
                0x0000041c       0x2d c:/program files (x86)/cypress/psoc creator/4.3/psoc creator/import/gnu/arm/5.4.1/bin/../lib/gcc/arm-none-eabi/5.4.1/../../../../arm-none-eabi/lib/armv7-m\libg_nano.a(lib_a-errno.o)
 .ARM.attributes
                0x00000449       0x2d c:/program files (x86)/cypress/psoc creator/4.3/psoc creator/import/gnu/arm/5.4.1/bin/../lib/gcc/arm-none-eabi/5.4.1/../../../../arm-none-eabi/lib/armv7-m\libg_nano.a(lib_a-exit.o)
 .ARM.attributes
                0x00000476       0x2d c:/program files (x86)/cypress/psoc creator/4.3/psoc creator/import/gnu/arm/5.4.1/bin/../lib/gcc/arm-none-eabi/5.4.1/../../../../arm-none-eabi/lib/armv7-m\libg_nano.a(lib_a-impure.o)
 .ARM.attributes
                0x000004a3       0x2d c:/program files (x86)/cypress/psoc creator/4.3/psoc creator/import/gnu/arm/5.4.1/bin/../lib/gcc/arm-none-eabi/5.4.1/../../../../arm-none-eabi/lib/armv7-m\libg_nano.a(lib_a-init.o)
 .ARM.attributes
                0x000004d0       0x2d c:/program files (x86)/cypress/psoc creator/4.3/psoc creator/import/gnu/arm/5.4.1/bin/../lib/gcc/arm-none-eabi/5.4.1/../../../../arm-none-eabi/lib/armv7-m\libg_nano.a(lib_a-memcpy-stub.o)
 .ARM.attributes
                0x000004fd       0x2d c:/program files (x86)/cypress/psoc creator/4.3/psoc creator/import/gnu/arm/5.4.1/bin/../lib/gcc/arm-none-eabi/5.4.1/../../../../arm-none-eabi/lib/armv7-m\libg_nano.a(lib_a-memset.o)
 .ARM.attributes
                0x0000052a       0x2d c:/program files (x86)/cypress/psoc creator/4.3/psoc creator/import/gnu/arm/5.4.1/bin/../lib/gcc/arm-none-eabi/5.4.1/../../../../arm-none-eabi/lib/armv7-m\libg_nano.a(lib_a-sprintf.o)
 .ARM.attributes
                0x00000557       0x2d c:/program files (x86)/cypress/psoc creator/4.3/psoc creator/import/gnu/arm/5.4.1/bin/../lib/gcc/arm-none-eabi/5.4.1/../../../../arm-none-eabi/lib/armv7-m\libg_nano.a(lib_a-nano-svfprintf.o)
 .ARM.attributes
                0x00000584       0x2d c:/program files (x86)/cypress/psoc creator/4.3/psoc creator/import/gnu/arm/5.4.1/bin/../lib/gcc/arm-none-eabi/5.4.1/../../../../arm-none-eabi/lib/armv7-m\libg_nano.a(lib_a-nano-vfprintf_i.o)
 .ARM.attributes
                0x000005b1       0x2d c:/program files (x86)/cypress/psoc creator/4.3/psoc creator/import/gnu/arm/5.4.1/bin/../lib/gcc/arm-none-eabi/5.4.1/../../../../arm-none-eabi/lib/armv7-m\libg_nano.a(lib_a-memchr-stub.o)
 .ARM.attributes
                0x000005de       0x2d c:/program files (x86)/cypress/psoc creator/4.3/psoc creator/import/gnu/arm/5.4.1/bin/../lib/gcc/arm-none-eabi/5.4.1/../../../../arm-none-eabi/lib/armv7-m\libg_nano.a(lib_a-memmove.o)
 .ARM.attributes
                0x0000060b       0x2d c:/program files (x86)/cypress/psoc creator/4.3/psoc creator/import/gnu/arm/5.4.1/bin/../lib/gcc/arm-none-eabi/5.4.1/../../../../arm-none-eabi/lib/armv7-m\libg_nano.a(lib_a-nano-freer.o)
 .ARM.attributes
                0x00000638       0x2d c:/program files (x86)/cypress/psoc creator/4.3/psoc creator/import/gnu/arm/5.4.1/bin/../lib/gcc/arm-none-eabi/5.4.1/../../../../arm-none-eabi/lib/armv7-m\libg_nano.a(lib_a-nano-mallocr.o)
 .ARM.attributes
                0x00000665       0x2d c:/program files (x86)/cypress/psoc creator/4.3/psoc creator/import/gnu/arm/5.4.1/bin/../lib/gcc/arm-none-eabi/5.4.1/../../../../arm-none-eabi/lib/armv7-m\libg_nano.a(lib_a-nano-reallocr.o)
 .ARM.attributes
                0x00000692       0x2d c:/program files (x86)/cypress/psoc creator/4.3/psoc creator/import/gnu/arm/5.4.1/bin/../lib/gcc/arm-none-eabi/5.4.1/../../../../arm-none-eabi/lib/armv7-m\libg_nano.a(lib_a-sbrkr.o)
 .ARM.attributes
                0x000006bf       0x2d c:/program files (x86)/cypress/psoc creator/4.3/psoc creator/import/gnu/arm/5.4.1/bin/../lib/gcc/arm-none-eabi/5.4.1/../../../../arm-none-eabi/lib/armv7-m\libg_nano.a(lib_a-mlock.o)
 .ARM.attributes
                0x000006ec       0x2d c:/program files (x86)/cypress/psoc creator/4.3/psoc creator/import/gnu/arm/5.4.1/bin/../lib/gcc/arm-none-eabi/5.4.1/../../../../arm-none-eabi/lib/armv7-m\libg_nano.a(lib_a-nano-msizer.o)
 .ARM.attributes
                0x00000719       0x2d c:/program files (x86)/cypress/psoc creator/4.3/psoc creator/import/gnu/arm/5.4.1/bin/../lib/gcc/arm-none-eabi/5.4.1/../../../../arm-none-eabi/lib/armv7-m\libg_nano.a(lib_a-reent.o)
 .ARM.attributes
                0x00000746       0x2d c:/program files (x86)/cypress/psoc creator/4.3/psoc creator/import/gnu/arm/5.4.1/bin/../lib/gcc/arm-none-eabi/5.4.1/armv7-m/crtend.o
 .ARM.attributes
                0x00000773       0x1d c:/program files (x86)/cypress/psoc creator/4.3/psoc creator/import/gnu/arm/5.4.1/bin/../lib/gcc/arm-none-eabi/5.4.1/armv7-m/crtn.o

/DISCARD/
 *(.note.GNU-stack)
OUTPUT(C:\Users\Lory\Desktop\psoc_assignment_git\PSoC_5_Assignment\AY1920_II_HW_05_GUALNIERA_LORENZO\AY1920_II_HW_05_PROJ_2.cydsn\CortexM3\ARM_GCC_541\Debug\AY1920_II_HW_05_PROJ_2.elf elf32-littlearm)
