Archive member included to satisfy reference by file (symbol)

.\CortexM3\ARM_GCC_541\Debug\AY1920_II_HW_05_PROJ_2.a(UART_Debug.o)
                              .\CortexM3\ARM_GCC_541\Debug\main.o (UART_Debug_Start)
.\CortexM3\ARM_GCC_541\Debug\AY1920_II_HW_05_PROJ_2.a(I2C_Master.o)
                              .\CortexM3\ARM_GCC_541\Debug\I2C_Interface.o (I2C_Master_Start)
.\CortexM3\ARM_GCC_541\Debug\AY1920_II_HW_05_PROJ_2.a(I2C_Master_INT.o)
                              .\CortexM3\ARM_GCC_541\Debug\AY1920_II_HW_05_PROJ_2.a(I2C_Master.o) (I2C_Master_ISR)
.\CortexM3\ARM_GCC_541\Debug\AY1920_II_HW_05_PROJ_2.a(I2C_Master_PM.o)
                              .\CortexM3\ARM_GCC_541\Debug\AY1920_II_HW_05_PROJ_2.a(I2C_Master.o) (I2C_Master_backup)
.\CortexM3\ARM_GCC_541\Debug\AY1920_II_HW_05_PROJ_2.a(I2C_Master_MASTER.o)
                              .\CortexM3\ARM_GCC_541\Debug\AY1920_II_HW_05_PROJ_2.a(I2C_Master.o) (I2C_Master_mstrStatus)
.\CortexM3\ARM_GCC_541\Debug\AY1920_II_HW_05_PROJ_2.a(UART_Debug_IntClock.o)
                              .\CortexM3\ARM_GCC_541\Debug\AY1920_II_HW_05_PROJ_2.a(UART_Debug.o) (UART_Debug_IntClock_Start)
.\CortexM3\ARM_GCC_541\Debug\AY1920_II_HW_05_PROJ_2.a(CyLib.o)
                              .\CortexM3\ARM_GCC_541\Debug\Cm3Start.o (CyHalt)
.\CortexM3\ARM_GCC_541\Debug\AY1920_II_HW_05_PROJ_2.a(cyPm.o)
                              .\CortexM3\ARM_GCC_541\Debug\AY1920_II_HW_05_PROJ_2.a(CyLib.o) (CyPmReadStatus)
.\CortexM3\ARM_GCC_541\Debug\AY1920_II_HW_05_PROJ_2.a(ISR_Timer.o)
                              .\CortexM3\ARM_GCC_541\Debug\InterruptRoutines.o (ISR_Timer_ReadStatusRegister)
.\CortexM3\ARM_GCC_541\Debug\AY1920_II_HW_05_PROJ_2.a(ISR_Acc.o)
                              .\CortexM3\ARM_GCC_541\Debug\main.o (ISR_Acc_StartEx)
.\CortexM3\ARM_GCC_541\Debug\AY1920_II_HW_05_PROJ_2.a(CyBootAsmGnu.o)
                              .\CortexM3\ARM_GCC_541\Debug\cyfitter_cfg.o (CyDelayCycles)
.\CortexM3\ARM_GCC_541\Debug\AY1920_II_HW_05_PROJ_2.a(CyFlash.o)
                              .\CortexM3\ARM_GCC_541\Debug\AY1920_II_HW_05_PROJ_2.a(cyPm.o) (CyFlash_SetWaitCycles)
.\CortexM3\ARM_GCC_541\Debug\AY1920_II_HW_05_PROJ_2.a(CySpc.o)
                              .\CortexM3\ARM_GCC_541\Debug\AY1920_II_HW_05_PROJ_2.a(CyFlash.o) (CySpcStart)
c:/program files (x86)/cypress/psoc creator/4.3/psoc creator/import/gnu/arm/5.4.1/bin/../lib/gcc/arm-none-eabi/5.4.1/armv7-m\libgcc.a(_arm_addsubsf3.o)
                              .\CortexM3\ARM_GCC_541\Debug\AccelUtils.o (__aeabi_fadd)
c:/program files (x86)/cypress/psoc creator/4.3/psoc creator/import/gnu/arm/5.4.1/bin/../lib/gcc/arm-none-eabi/5.4.1/armv7-m\libgcc.a(_arm_muldivsf3.o)
                              .\CortexM3\ARM_GCC_541\Debug\AccelUtils.o (__aeabi_fmul)
c:/program files (x86)/cypress/psoc creator/4.3/psoc creator/import/gnu/arm/5.4.1/bin/../lib/gcc/arm-none-eabi/5.4.1/armv7-m\libgcc.a(_arm_fixsfsi.o)
                              .\CortexM3\ARM_GCC_541\Debug\AccelUtils.o (__aeabi_f2iz)
c:/program files (x86)/cypress/psoc creator/4.3/psoc creator/import/gnu/arm/5.4.1/bin/../lib/gcc/arm-none-eabi/5.4.1/../../../../arm-none-eabi/lib/armv7-m\libg_nano.a(lib_a-errno.o)
                              .\CortexM3\ARM_GCC_541\Debug\Cm3Start.o (__errno)
c:/program files (x86)/cypress/psoc creator/4.3/psoc creator/import/gnu/arm/5.4.1/bin/../lib/gcc/arm-none-eabi/5.4.1/../../../../arm-none-eabi/lib/armv7-m\libg_nano.a(lib_a-exit.o)
                              c:/program files (x86)/cypress/psoc creator/4.3/psoc creator/import/gnu/arm/5.4.1/bin/../lib/gcc/arm-none-eabi/5.4.1/../../../../arm-none-eabi/lib/armv7-m/crt0.o (exit)
c:/program files (x86)/cypress/psoc creator/4.3/psoc creator/import/gnu/arm/5.4.1/bin/../lib/gcc/arm-none-eabi/5.4.1/../../../../arm-none-eabi/lib/armv7-m\libg_nano.a(lib_a-impure.o)
                              c:/program files (x86)/cypress/psoc creator/4.3/psoc creator/import/gnu/arm/5.4.1/bin/../lib/gcc/arm-none-eabi/5.4.1/../../../../arm-none-eabi/lib/armv7-m\libg_nano.a(lib_a-exit.o) (_global_impure_ptr)
c:/program files (x86)/cypress/psoc creator/4.3/psoc creator/import/gnu/arm/5.4.1/bin/../lib/gcc/arm-none-eabi/5.4.1/../../../../arm-none-eabi/lib/armv7-m\libg_nano.a(lib_a-init.o)
                              c:/program files (x86)/cypress/psoc creator/4.3/psoc creator/import/gnu/arm/5.4.1/bin/../lib/gcc/arm-none-eabi/5.4.1/../../../../arm-none-eabi/lib/armv7-m/crt0.o (__libc_init_array)
c:/program files (x86)/cypress/psoc creator/4.3/psoc creator/import/gnu/arm/5.4.1/bin/../lib/gcc/arm-none-eabi/5.4.1/../../../../arm-none-eabi/lib/armv7-m\libg_nano.a(lib_a-memcpy-stub.o)
                              .\CortexM3\ARM_GCC_541\Debug\cyfitter_cfg.o (memcpy)
c:/program files (x86)/cypress/psoc creator/4.3/psoc creator/import/gnu/arm/5.4.1/bin/../lib/gcc/arm-none-eabi/5.4.1/../../../../arm-none-eabi/lib/armv7-m\libg_nano.a(lib_a-memset.o)
[...]
Memory Configuration

Name             Origin             Length             Attributes
rom              0x00000000         0x00040000         xr
ram              0x1fff8000         0x00010000         xrw
*default*        0x00000000         0xffffffff

Linker script and memory map

LOAD c:/program files (x86)/cypress/psoc creator/4.3/psoc creator/import/gnu/arm/5.4.1/bin/../lib/gcc/arm-none-eabi/5.4.1/armv7-m/crti.o
LOAD c:/program files (x86)/cypress/psoc creator/4.3/psoc creator/import/gnu/arm/5.4.1/bin/../lib/gcc/arm-none-eabi/5.4.1/armv7-m/crtbegin.o
LOAD c:/program files (x86)/cypress/psoc creator/4.3/psoc creator/import/gnu/arm/5.4.1/bin/../lib/gcc/arm-none-eabi/5.4.1/../../../../arm-none-eabi/lib/armv7-m/crt0.o
START GROUP
LOAD .\CortexM3\ARM_GCC_541\Debug\main.o
LOAD .\CortexM3\ARM_GCC_541\Debug\I2C_Interface.o
LOAD .\CortexM3\ARM_GCC_541\Debug\InterruptRoutines.o
LOAD .\CortexM3\ARM_GCC_541\Debug\AccelUtils.o
LOAD .\CortexM3\ARM_GCC_541\Debug\cyfitter_cfg.o
LOAD .\CortexM3\ARM_GCC_541\Debug\cymetadata.o
LOAD .\CortexM3\ARM_GCC_541\Debug\Cm3Start.o
LOAD .\CortexM3\ARM_GCC_541\Debug\AY1920_II_HW_05_PROJ_2.a
LOAD C:\Program Files (x86)\Cypress\PSoC Creator\4.3\PSoC Creator\psoc\content\cycomponentlibrary\CyComponentLibrary.cylib\CortexM3\ARM_GCC_541\Debug\CyComponentLibrary.a
END GROUP
START GROUP
LOAD c:/program files (x86)/cypress/psoc creator/4.3/psoc creator/import/gnu/arm/5.4.1/bin/../lib/gcc/arm-none-eabi/5.4.1/armv7-m\libgcc.a
LOAD c:/program files (x86)/cypress/psoc creator/4.3/psoc creator/import/gnu/arm/5.4.1/bin/../lib/gcc/arm-none-eabi/5.4.1/../../../../arm-none-eabi/lib/armv7-m\libg_nano.a
LOAD c:/program files (x86)/cypress/psoc creator/4.3/psoc creator/import/gnu/arm/5.4.1/bin/../lib/gcc/arm-none-eabi/5.4.1/../../../../arm-none-eabi/lib/armv7-m\libc_nano.a
END GROUP
START GROUP
LOAD c:/program files (x86)/cypress/psoc creator/4.3/psoc creator/import/gnu/arm/5.4.1/bin/../lib/gcc/arm-none-eabi/5.4.1/armv7-m\libgcc.a
LOAD c:/program files (x86)/cypress/psoc creator/4.3/psoc creator/import/gnu/arm/5.4.1/bin/../lib/gcc/arm-none-eabi/5.4.1/../../../../arm-none-eabi/lib/armv7-m\libc_nano.a
END GROUP
LOAD c:/program files (x86)/cypress/psoc creator/4.3/psoc creator/import/gnu/arm/5.4.1/bin/../lib/gcc/arm-none-eabi/5.4.1/armv7-m/crtend.o
LOAD c:/program files (x86)/cypress/psoc creator/4.3/psoc creator/import/gnu/arm/5.4.1/bin/../lib/gcc/arm-none-eabi/5.4.1/armv7-m/crtn.o
START GROUP
LOAD c:/program files (x86)/cypress/psoc creator/4.3/psoc creator/import/gnu/arm/5.4.1/bin/../lib/gcc/arm-none-eabi/5.4.1/armv7-m\libgcc.a
LOAD c:/program files (x86)/cypress/psoc creator/4.3/psoc creator/import/gnu/arm/5.4.1/bin/../lib/gcc/arm-none-eabi/5.4.1/../../../../arm-none-eabi/lib/armv7-m\libc.a
LOAD c:/program files (x86)/cypress/psoc creator/4.3/psoc creator/import/gnu/arm/5.4.1/bin/../lib/gcc/arm-none-eabi/5.4.1/../../../../arm-none-eabi/lib/armv7-m\libnosys.a
END GROUP
                0x00000000                CY_APPL_ORIGIN = 0x0
                0x00000100                CY_FLASH_ROW_SIZE = 0x100
                0x00000020                CY_ECC_ROW_SIZE = 0x20
                0x00000000                CY_EE_IN_BTLDR = 0x0
                0x00000000                CY_APPL_LOADABLE = 0x0
                0x00000800                CY_EE_SIZE = 0x800
                0x00000001                CY_APPL_NUM = 0x1
                0x00000001                CY_APPL_MAX = 0x1
                0x00000040                CY_METADATA_SIZE = 0x40
                0x00000000                CY_APPL_LOADABLE = 0x0
                0x00000000                CY_CHECKSUM_EXCLUDE_SIZE = ALIGN (0x0, CY_FLASH_ROW_SIZE)
                [!provide]                PROVIDE (__cy_heap_start, _end)
                0x00000001                PROVIDE (__cy_region_num, ((__cy_regions_end - __cy_regions) / 0x10))
                0x20008000                PROVIDE (__cy_stack, (ORIGIN (ram) + LENGTH (ram)))
                [!provide]                PROVIDE (__cy_heap_end, (__cy_stack - 0x800))

.cybootloader   0x00000000        0x0
 *(.cybootloader)
                0x00000000                appl1_start = CY_APPL_ORIGIN?CY_APPL_ORIGIN:ALIGN (CY_FLASH_ROW_SIZE)
                0x0001ff00                appl2_start = (appl1_start + ALIGN ((((LENGTH (rom) - appl1_start) - (0x2 * CY_FLASH_ROW_SIZE)) / 0x2), CY_FLASH_ROW_SIZE))
                0x00000000                appl_start = (CY_APPL_NUM == 0x1)?appl1_start:appl2_start
                0x00000000                ecc_offset = ((appl_start / CY_FLASH_ROW_SIZE) * CY_ECC_ROW_SIZE)
                0x00000000                ee_offset = (CY_APPL_LOADABLE && ! (CY_EE_IN_BTLDR))?((CY_EE_SIZE / CY_APPL_MAX) * (CY_APPL_NUM - 0x1)):0x0
                0x00000800                ee_size = (CY_APPL_LOADABLE && ! (CY_EE_IN_BTLDR))?(CY_EE_SIZE / CY_APPL_MAX):CY_EE_SIZE
                [!provide]                PROVIDE (CY_ECC_OFFSET, ecc_offset)

.text           0x00000000     0x1d48
 CREATE_OBJECT_SYMBOLS
                0x00000000                PROVIDE (__cy_interrupt_vector, RomVectors)
 *(.romvectors)
 .romvectors    0x00000000       0x10 .\CortexM3\ARM_GCC_541\Debug\Cm3Start.o
                0x00000000                RomVectors
                0x00000001                ASSERT ((. != __cy_interrupt_vector), No interrupt vector)
                0x00000001                ASSERT (CY_APPL_ORIGIN?(SIZEOF (.cybootloader) <= CY_APPL_ORIGIN):0x1, Wrong image location)
                0x00000010                PROVIDE (__cy_reset, Reset)
 *(.text.Reset)
 .text.Reset    0x00000010       0x18 .\CortexM3\ARM_GCC_541\Debug\Cm3Start.o
                0x00000010                Reset
                0x00000001                ASSERT ((. != __cy_reset), No reset code)
 *(.dma_init)
                0x00000001                ASSERT ((((appl_start + .) <= 0x10000) || 0x1), DMA Init must be within the first 64k of flash)
 *(.text .text.* .gnu.linkonce.t.*)
 .text          0x00000028       0x5c c:/program files (x86)/cypress/psoc creator/4.3/psoc creator/import/gnu/arm/5.4.1/bin/../lib/gcc/arm-none-eabi/5.4.1/armv7-m/crtbegin.o
 .text.main     0x00000084      0x1b8 .\CortexM3\ARM_GCC_541\Debug\main.o
                0x00000084                main
 .text.I2C_Peripheral_Start
                0x0000023c        0xc .\CortexM3\ARM_GCC_541\Debug\I2C_Interface.o
                0x0000023c                I2C_Peripheral_Start
 .text.I2C_Peripheral_ReadRegister
                0x00000248       0x40 .\CortexM3\ARM_GCC_541\Debug\I2C_Interface.o
                0x00000248                I2C_Peripheral_ReadRegister
 .text.I2C_Peripheral_ReadRegisterMulti
                0x00000288       0x64 .\CortexM3\ARM_GCC_541\Debug\I2C_Interface.o
                0x00000288                I2C_Peripheral_ReadRegisterMulti
 .text.I2C_Peripheral_WriteRegister
                0x000002ec       0x30 .\CortexM3\ARM_GCC_541\Debug\I2C_Interface.o
                0x000002ec                I2C_Peripheral_WriteRegister
 .text.I2C_Peripheral_IsDeviceConnected
                0x0000031c       0x18 .\CortexM3\ARM_GCC_541\Debug\I2C_Interface.o
                0x0000031c                I2C_Peripheral_IsDeviceConnected
 .text.ISR_ACC_CUSTOM
                0x00000334       0xd0 .\CortexM3\ARM_GCC_541\Debug\InterruptRoutines.o
                0x00000334                ISR_ACC_CUSTOM
 .text.MinMaxScaler
                0x00000404       0x48 .\CortexM3\ARM_GCC_541\Debug\AccelUtils.o
                0x00000404                MinMaxScaler
 .text.RightAdjustVal
                0x0000044c       0x20 .\CortexM3\ARM_GCC_541\Debug\AccelUtils.o
                0x0000044c                RightAdjustVal
 .text.CyClockStartupError
                0x0000046c        0x4 .\CortexM3\ARM_GCC_541\Debug\cyfitter_cfg.o
 .text.cfg_write_bytes32
                0x00000470       0x34 .\CortexM3\ARM_GCC_541\Debug\cyfitter_cfg.o
 .text.AnalogSetDefault
                0x000004a4       0x28 .\CortexM3\ARM_GCC_541\Debug\cyfitter_cfg.o
 .text.CYMEMZERO
                0x000004cc        0xc .\CortexM3\ARM_GCC_541\Debug\cyfitter_cfg.o
 .text.ClockSetup
                0x000004d8       0xcc .\CortexM3\ARM_GCC_541\Debug\cyfitter_cfg.o
 .text.CYCONFIGCPY
                0x000005a4        0x8 .\CortexM3\ARM_GCC_541\Debug\cyfitter_cfg.o
 .text.cyfitter_cfg
                0x000005ac       0xfc .\CortexM3\ARM_GCC_541\Debug\cyfitter_cfg.o
                0x000005ac                cyfitter_cfg
 .text.IntDefaultHandler
                0x000006a8       0x10 .\CortexM3\ARM_GCC_541\Debug\Cm3Start.o
                0x000006a8                IntDefaultHandler
 .text._sbrk    0x000006b8       0x30 .\CortexM3\ARM_GCC_541\Debug\Cm3Start.o
                0x000006b8                _sbrk
 .text.Start_c  0x000006e8       0x4c .\CortexM3\ARM_GCC_541\Debug\Cm3Start.o
                0x000006e8                Start_c
 .text.initialize_psoc
                0x00000734       0x68 .\CortexM3\ARM_GCC_541\Debug\Cm3Start.o
                0x00000734                initialize_psoc
 .text.UART_Debug_Init
                0x0000079c       0x18 .\CortexM3\ARM_GCC_541\Debug\AY1920_II_HW_05_PROJ_2.a(UART_Debug.o)
                0x0000079c                UART_Debug_Init
 .text.UART_Debug_Enable
                0x000007b4       0x24 .\CortexM3\ARM_GCC_541\Debug\AY1920_II_HW_05_PROJ_2.a(UART_Debug.o)
                0x000007b4                UART_Debug_Enable
 .text.UART_Debug_Start
                0x000007d8       0x1c .\CortexM3\ARM_GCC_541\Debug\AY1920_II_HW_05_PROJ_2.a(UART_Debug.o)
                0x000007d8                UART_Debug_Start
 .text.UART_Debug_PutChar
                0x000007f4       0x18 .\CortexM3\ARM_GCC_541\Debug\AY1920_II_HW_05_PROJ_2.a(UART_Debug.o)
                0x000007f4                UART_Debug_PutChar
 .text.UART_Debug_PutString
                0x0000080c       0x24 .\CortexM3\ARM_GCC_541\Debug\AY1920_II_HW_05_PROJ_2.a(UART_Debug.o)
                0x0000080c                UART_Debug_PutString
 .text.I2C_Master_Init
                0x00000830       0x68 .\CortexM3\ARM_GCC_541\Debug\AY1920_II_HW_05_PROJ_2.a(I2C_Master.o)
                0x00000830                I2C_Master_Init
 .text.I2C_Master_Enable
                0x00000898       0x24 .\CortexM3\ARM_GCC_541\Debug\AY1920_II_HW_05_PROJ_2.a(I2C_Master.o)
                0x00000898                I2C_Master_Enable
 .text.I2C_Master_Start
                0x000008bc       0x28 .\CortexM3\ARM_GCC_541\Debug\AY1920_II_HW_05_PROJ_2.a(I2C_Master.o)
                0x000008bc                I2C_Master_Start
 .text.I2C_Master_ISR
                0x000008e4      0x2d0 .\CortexM3\ARM_GCC_541\Debug\AY1920_II_HW_05_PROJ_2.a(I2C_Master_INT.o)
                0x000008e4                I2C_Master_ISR
 .text.I2C_Master_MasterSendStart
                0x00000bb4       0x80 .\CortexM3\ARM_GCC_541\Debug\AY1920_II_HW_05_PROJ_2.a(I2C_Master_MASTER.o)
                0x00000bb4                I2C_Master_MasterSendStart
 .text.I2C_Master_MasterSendRestart
                0x00000c34       0x6c .\CortexM3\ARM_GCC_541\Debug\AY1920_II_HW_05_PROJ_2.a(I2C_Master_MASTER.o)
                0x00000c34                I2C_Master_MasterSendRestart
 .text.I2C_Master_MasterSendStop
                0x00000ca0       0x38 .\CortexM3\ARM_GCC_541\Debug\AY1920_II_HW_05_PROJ_2.a(I2C_Master_MASTER.o)
                0x00000ca0                I2C_Master_MasterSendStop
 .text.I2C_Master_MasterWriteByte
                0x00000cd8       0x58 .\CortexM3\ARM_GCC_541\Debug\AY1920_II_HW_05_PROJ_2.a(I2C_Master_MASTER.o)
                0x00000cd8                I2C_Master_MasterWriteByte
 .text.I2C_Master_MasterReadByte
                0x00000d30       0x58 .\CortexM3\ARM_GCC_541\Debug\AY1920_II_HW_05_PROJ_2.a(I2C_Master_MASTER.o)
                0x00000d30                I2C_Master_MasterReadByte
 .text.UART_Debug_IntClock_Start
                0x00000d88       0x1c .\CortexM3\ARM_GCC_541\Debug\AY1920_II_HW_05_PROJ_2.a(UART_Debug_IntClock.o)
                0x00000d88                UART_Debug_IntClock_Start
 .text.CyHalt   0x00000da4        0x4 .\CortexM3\ARM_GCC_541\Debug\AY1920_II_HW_05_PROJ_2.a(CyLib.o)
                0x00000da4                CyHalt
 .text.CyDelay  0x00000da8       0x2c .\CortexM3\ARM_GCC_541\Debug\AY1920_II_HW_05_PROJ_2.a(CyLib.o)
                0x00000da8                CyDelay
 .text.CyIntSetVector
                0x00000dd4       0x28 .\CortexM3\ARM_GCC_541\Debug\AY1920_II_HW_05_PROJ_2.a(CyLib.o)
                0x00000dd4                CyIntSetVector
 .text.CyIntSetPriority
                0x00000dfc       0x30 .\CortexM3\ARM_GCC_541\Debug\AY1920_II_HW_05_PROJ_2.a(CyLib.o)
                0x00000dfc                CyIntSetPriority
 .text.ISR_Timer_Enable
                0x00000e2c       0x28 .\CortexM3\ARM_GCC_541\Debug\AY1920_II_HW_05_PROJ_2.a(ISR_Timer.o)
                0x00000e2c                ISR_Timer_Enable
 .text.ISR_Timer_SetInterruptMode
                0x00000e54        0xc .\CortexM3\ARM_GCC_541\Debug\AY1920_II_HW_05_PROJ_2.a(ISR_Timer.o)
                0x00000e54                ISR_Timer_SetInterruptMode
 .text.ISR_Timer_ReadStatusRegister
                0x00000e60        0xc .\CortexM3\ARM_GCC_541\Debug\AY1920_II_HW_05_PROJ_2.a(ISR_Timer.o)
                0x00000e60                ISR_Timer_ReadStatusRegister
 .text.ISR_Timer_WritePeriod
                0x00000e6c        0xc .\CortexM3\ARM_GCC_541\Debug\AY1920_II_HW_05_PROJ_2.a(ISR_Timer.o)
                0x00000e6c                ISR_Timer_WritePeriod
 .text.ISR_Timer_WriteCounter
                0x00000e78        0xc .\CortexM3\ARM_GCC_541\Debug\AY1920_II_HW_05_PROJ_2.a(ISR_Timer.o)
                0x00000e78                ISR_Timer_WriteCounter
 .text.ISR_Timer_Init
                0x00000e84       0x64 .\CortexM3\ARM_GCC_541\Debug\AY1920_II_HW_05_PROJ_2.a(ISR_Timer.o)
                0x00000e84                ISR_Timer_Init
 .text.ISR_Timer_Start
                0x00000ee8       0x1c .\CortexM3\ARM_GCC_541\Debug\AY1920_II_HW_05_PROJ_2.a(ISR_Timer.o)
                0x00000ee8                ISR_Timer_Start
 .text.ISR_Acc_SetVector
                0x00000f04        0xc .\CortexM3\ARM_GCC_541\Debug\AY1920_II_HW_05_PROJ_2.a(ISR_Acc.o)
                0x00000f04                ISR_Acc_SetVector
 .text.ISR_Acc_SetPriority
                0x00000f10       0x10 .\CortexM3\ARM_GCC_541\Debug\AY1920_II_HW_05_PROJ_2.a(ISR_Acc.o)
                0x00000f10                ISR_Acc_SetPriority
 .text.ISR_Acc_Enable
                0x00000f20        0xc .\CortexM3\ARM_GCC_541\Debug\AY1920_II_HW_05_PROJ_2.a(ISR_Acc.o)
                0x00000f20                ISR_Acc_Enable
 .text.ISR_Acc_Disable
                0x00000f2c        0xc .\CortexM3\ARM_GCC_541\Debug\AY1920_II_HW_05_PROJ_2.a(ISR_Acc.o)
                0x00000f2c                ISR_Acc_Disable
 .text.ISR_Acc_StartEx
                0x00000f38       0x1c .\CortexM3\ARM_GCC_541\Debug\AY1920_II_HW_05_PROJ_2.a(ISR_Acc.o)
                0x00000f38                ISR_Acc_StartEx
 *fill*         0x00000f54        0x4 
 .text          0x00000f58       0x20 .\CortexM3\ARM_GCC_541\Debug\AY1920_II_HW_05_PROJ_2.a(CyBootAsmGnu.o)
                0x00000f58                CyDelayCycles
                0x00000f68                CyEnterCriticalSection
                0x00000f70                CyExitCriticalSection
 .text          0x00000f78      0x21c c:/program files (x86)/cypress/psoc creator/4.3/psoc creator/import/gnu/arm/5.4.1/bin/../lib/gcc/arm-none-eabi/5.4.1/armv7-m\libgcc.a(_arm_addsubsf3.o)
                0x00000f78                __aeabi_frsub
                0x00000f80                __subsf3
                0x00000f80                __aeabi_fsub
                0x00000f84                __aeabi_fadd
                0x00000f84                __addsf3
                0x000010e4                __aeabi_ui2f
                0x000010e4                __floatunsisf
                0x000010ec                __aeabi_i2f
                0x000010ec                __floatsisf
                0x00001108                __aeabi_ul2f
                0x00001108                __floatundisf
                0x00001118                __aeabi_l2f
                0x00001118                __floatdisf
 .text          0x00001194      0x2a0 c:/program files (x86)/cypress/psoc creator/4.3/psoc creator/import/gnu/arm/5.4.1/bin/../lib/gcc/arm-none-eabi/5.4.1/armv7-m\libgcc.a(_arm_muldivsf3.o)
                0x00001194                __mulsf3
                0x00001194                __aeabi_fmul
                0x000012fc                __aeabi_fdiv
                0x000012fc                __divsf3
 .text          0x00001434       0x4c c:/program files (x86)/cypress/psoc creator/4.3/psoc creator/import/gnu/arm/5.4.1/bin/../lib/gcc/arm-none-eabi/5.4.1/armv7-m\libgcc.a(_arm_fixsfsi.o)
                0x00001434                __aeabi_f2iz
                0x00001434                __fixsfsi
 .text.__errno  0x00001480        0xc c:/program files (x86)/cypress/psoc creator/4.3/psoc creator/import/gnu/arm/5.4.1/bin/../lib/gcc/arm-none-eabi/5.4.1/../../../../arm-none-eabi/lib/armv7-m\libg_nano.a(lib_a-errno.o)
                0x00001480                __errno
 .text.__libc_init_array
                0x0000148c       0x4c c:/program files (x86)/cypress/psoc creator/4.3/psoc creator/import/gnu/arm/5.4.1/bin/../lib/gcc/arm-none-eabi/5.4.1/../../../../arm-none-eabi/lib/armv7-m\libg_nano.a(lib_a-init.o)
                0x0000148c                __libc_init_array
 .text.memcpy   0x000014d8       0x16 c:/program files (x86)/cypress/psoc creator/4.3/psoc creator/import/gnu/arm/5.4.1/bin/../lib/gcc/arm-none-eabi/5.4.1/../../../../arm-none-eabi/lib/armv7-m\libg_nano.a(lib_a-memcpy-stub.o)
                0x000014d8                memcpy
 .text.memset   0x000014ee       0x10 c:/program files (x86)/cypress/psoc creator/4.3/psoc creator/import/gnu/arm/5.4.1/bin/../lib/gcc/arm-none-eabi/5.4.1/../../../../arm-none-eabi/lib/armv7-m\libg_nano.a(lib_a-memset.o)
                0x000014ee                memset
 *fill*         0x000014fe        0x2 
 .text.sprintf  0x00001500       0x48 c:/program files (x86)/cypress/psoc creator/4.3/psoc creator/import/gnu/arm/5.4.1/bin/../lib/gcc/arm-none-eabi/5.4.1/../../../../arm-none-eabi/lib/armv7-m\libg_nano.a(lib_a-sprintf.o)
                0x00001500                siprintf
                0x00001500                sprintf
 .text.__ssputs_r
                0x00001548       0xb2 c:/program files (x86)/cypress/psoc creator/4.3/psoc creator/import/gnu/arm/5.4.1/bin/../lib/gcc/arm-none-eabi/5.4.1/../../../../arm-none-eabi/lib/armv7-m\libg_nano.a(lib_a-nano-svfprintf.o)
                0x00001548                __ssputs_r
 *fill*         0x000015fa        0x2 
 .text._svfprintf_r
                0x000015fc      0x1e8 c:/program files (x86)/cypress/psoc creator/4.3/psoc creator/import/gnu/arm/5.4.1/bin/../lib/gcc/arm-none-eabi/5.4.1/../../../../arm-none-eabi/lib/armv7-m\libg_nano.a(lib_a-nano-svfprintf.o)
                0x000015fc                _svfiprintf_r
                0x000015fc                _svfprintf_r
 .text._printf_common
                0x000017e4       0xec c:/program files (x86)/cypress/psoc creator/4.3/psoc creator/import/gnu/arm/5.4.1/bin/../lib/gcc/arm-none-eabi/5.4.1/../../../../arm-none-eabi/lib/armv7-m\libg_nano.a(lib_a-nano-vfprintf_i.o)
                0x000017e4                _printf_common
 .text._printf_i
                0x000018d0      0x24c c:/program files (x86)/cypress/psoc creator/4.3/psoc creator/import/gnu/arm/5.4.1/bin/../lib/gcc/arm-none-eabi/5.4.1/../../../../arm-none-eabi/lib/armv7-m\libg_nano.a(lib_a-nano-vfprintf_i.o)
                0x000018d0                _printf_i
 .text.memchr   0x00001b1c       0x1c c:/program files (x86)/cypress/psoc creator/4.3/psoc creator/import/gnu/arm/5.4.1/bin/../lib/gcc/arm-none-eabi/5.4.1/../../../../arm-none-eabi/lib/armv7-m\libg_nano.a(lib_a-memchr-stub.o)
                0x00001b1c                memchr
 .text.memmove  0x00001b38       0x36 c:/program files (x86)/cypress/psoc creator/4.3/psoc creator/import/gnu/arm/5.4.1/bin/../lib/gcc/arm-none-eabi/5.4.1/../../../../arm-none-eabi/lib/armv7-m\libg_nano.a(lib_a-memmove.o)
                0x00001b38                memmove
 *fill*         0x00001b6e        0x2 
 .text._free_r  0x00001b70       0x98 c:/program files (x86)/cypress/psoc creator/4.3/psoc creator/import/gnu/arm/5.4.1/bin/../lib/gcc/arm-none-eabi/5.4.1/../../../../arm-none-eabi/lib/armv7-m\libg_nano.a(lib_a-nano-freer.o)
                0x00001b70                _free_r
 .text._malloc_r
                0x00001c08       0xbc c:/program files (x86)/cypress/psoc creator/4.3/psoc creator/import/gnu/arm/5.4.1/bin/../lib/gcc/arm-none-eabi/5.4.1/../../../../arm-none-eabi/lib/armv7-m\libg_nano.a(lib_a-nano-mallocr.o)
                0x00001c08                _malloc_r
 .text._realloc_r
                0x00001cc4       0x4c c:/program files (x86)/cypress/psoc creator/4.3/psoc creator/import/gnu/arm/5.4.1/bin/../lib/gcc/arm-none-eabi/5.4.1/../../../../arm-none-eabi/lib/armv7-m\libg_nano.a(lib_a-nano-reallocr.o)
                0x00001cc4                _realloc_r
 .text._sbrk_r  0x00001d10       0x20 c:/program files (x86)/cypress/psoc creator/4.3/psoc creator/import/gnu/arm/5.4.1/bin/../lib/gcc/arm-none-eabi/5.4.1/../../../../arm-none-eabi/lib/armv7-m\libg_nano.a(lib_a-sbrkr.o)
                0x00001d10                _sbrk_r
 .text.__malloc_lock
                0x00001d30        0x2 c:/program files (x86)/cypress/psoc creator/4.3/psoc creator/import/gnu/arm/5.4.1/bin/../lib/gcc/arm-none-eabi/5.4.1/../../../../arm-none-eabi/lib/armv7-m\libg_nano.a(lib_a-mlock.o)
                0x00001d30                __malloc_lock
 .text.__malloc_unlock
                0x00001d32        0x2 c:/program files (x86)/cypress/psoc creator/4.3/psoc creator/import/gnu/arm/5.4.1/bin/../lib/gcc/arm-none-eabi/5.4.1/../../../../arm-none-eabi/lib/armv7-m\libg_nano.a(lib_a-mlock.o)
                0x00001d32                __malloc_unlock
 .text._malloc_usable_size_r
                0x00001d34       0x14 c:/program files (x86)/cypress/psoc creator/4.3/psoc creator/import/gnu/arm/5.4.1/bin/../lib/gcc/arm-none-eabi/5.4.1/../../../../arm-none-eabi/lib/armv7-m\libg_nano.a(lib_a-nano-msizer.o)
                0x00001d34                _malloc_usable_size_r
 *(.plt)
 *(.gnu.warning)
 *(.glue_7t)
 .glue_7t       0x00001d48        0x0 linker stubs
 *(.glue_7)
 .glue_7        0x00001d48        0x0 linker stubs
 *(.vfp11_veneer)
 .vfp11_veneer  0x00001d48        0x0 linker stubs
 *(.bootloader)
 *(.ARM.extab* .gnu.linkonce.armextab.*)
 *(.gcc_except_table)

.v4_bx          0x00001d48        0x0
 .v4_bx         0x00001d48        0x0 linker stubs

.iplt           0x00001d48        0x0
 .iplt          0x00001d48        0x0 c:/program files (x86)/cypress/psoc creator/4.3/psoc creator/import/gnu/arm/5.4.1/bin/../lib/gcc/arm-none-eabi/5.4.1/armv7-m/crtbegin.o

.eh_frame_hdr
 *(.eh_frame_hdr)

.eh_frame       0x00001d48        0x4
 *(.eh_frame)
 .eh_frame      0x00001d48        0x0 c:/program files (x86)/cypress/psoc creator/4.3/psoc creator/import/gnu/arm/5.4.1/bin/../lib/gcc/arm-none-eabi/5.4.1/armv7-m/crtbegin.o
 .eh_frame      0x00001d48        0x4 c:/program files (x86)/cypress/psoc creator/4.3/psoc creator/import/gnu/arm/5.4.1/bin/../lib/gcc/arm-none-eabi/5.4.1/armv7-m/crtend.o
                [!provide]                PROVIDE (__exidx_start, .)

.ARM.exidx
 *(.ARM.exidx* .gnu.linkonce.armexidx.*)
                0x00001d4c                __exidx_end = .

.rodata         0x00001d4c      0x32c
 *(.rodata .rodata.* .gnu.linkonce.r.*)
 .rodata.str1.4
                0x00001d4c      0x278 .\CortexM3\ARM_GCC_541\Debug\main.o
                                0x275 (size before relaxing)
 .rodata        0x00001fc4       0x46 .\CortexM3\ARM_GCC_541\Debug\cyfitter_cfg.o
 .rodata.str1.1
                0x0000200a        0x2 c:/program files (x86)/cypress/psoc creator/4.3/psoc creator/import/gnu/arm/5.4.1/bin/../lib/gcc/arm-none-eabi/5.4.1/../../../../arm-none-eabi/lib/armv7-m\libg_nano.a(lib_a-impure.o)
 .rodata.str1.1
                0x0000200c       0x11 c:/program files (x86)/cypress/psoc creator/4.3/psoc creator/import/gnu/arm/5.4.1/bin/../lib/gcc/arm-none-eabi/5.4.1/../../../../arm-none-eabi/lib/armv7-m\libg_nano.a(lib_a-nano-svfprintf.o)
 .rodata.str1.1
                0x0000201d       0x22 c:/program files (x86)/cypress/psoc creator/4.3/psoc creator/import/gnu/arm/5.4.1/bin/../lib/gcc/arm-none-eabi/5.4.1/../../../../arm-none-eabi/lib/armv7-m\libg_nano.a(lib_a-nano-vfprintf_i.o)
                0x00002040                . = ALIGN (0x4)
 *fill*         0x0000203f        0x1 
 *(.init)
 .init          0x00002040        0x4 c:/program files (x86)/cypress/psoc creator/4.3/psoc creator/import/gnu/arm/5.4.1/bin/../lib/gcc/arm-none-eabi/5.4.1/armv7-m/crti.o
                0x00002040                _init
 .init          0x00002044        0x8 c:/program files (x86)/cypress/psoc creator/4.3/psoc creator/import/gnu/arm/5.4.1/bin/../lib/gcc/arm-none-eabi/5.4.1/armv7-m/crtn.o
                0x0000204c                . = ALIGN (0x4)
                0x0000204c                __preinit_array_start = .
 *(.preinit_array)
                0x0000204c                __preinit_array_end = .
                0x0000204c                . = ALIGN (0x4)
                0x0000204c                __init_array_start = .
 *(SORT(.init_array.*))
 *(.init_array)
 .init_array    0x0000204c        0x4 c:/program files (x86)/cypress/psoc creator/4.3/psoc creator/import/gnu/arm/5.4.1/bin/../lib/gcc/arm-none-eabi/5.4.1/armv7-m/crtbegin.o
 .init_array    0x00002050        0x4 .\CortexM3\ARM_GCC_541\Debug\Cm3Start.o
                0x00002054                __init_array_end = .
                0x00002054                . = ALIGN (0x4)
 *(.fini)
 .fini          0x00002054        0x4 c:/program files (x86)/cypress/psoc creator/4.3/psoc creator/import/gnu/arm/5.4.1/bin/../lib/gcc/arm-none-eabi/5.4.1/armv7-m/crti.o
                0x00002054                _fini
 .fini          0x00002058        0x8 c:/program files (x86)/cypress/psoc creator/4.3/psoc creator/import/gnu/arm/5.4.1/bin/../lib/gcc/arm-none-eabi/5.4.1/armv7-m/crtn.o
                0x00002060                . = ALIGN (0x4)
                0x00002060                __fini_array_start = .
 *(.fini_array)
 .fini_array    0x00002060        0x4 c:/program files (x86)/cypress/psoc creator/4.3/psoc creator/import/gnu/arm/5.4.1/bin/../lib/gcc/arm-none-eabi/5.4.1/armv7-m/crtbegin.o
 *(SORT(.fini_array.*))
                0x00002064                __fini_array_end = .
                0x00002064                . = ALIGN (0x4)
 *crtbegin.o(.ctors)
 *(EXCLUDE_FILE(*crtend.o) .ctors)
 *(SORT(.ctors.*))
 *crtend.o(.ctors)
                0x00002064                . = ALIGN (0x4)
 *crtbegin.o(.dtors)
 *(EXCLUDE_FILE(*crtend.o) .dtors)
 *(SORT(.dtors.*))
 *crtend.o(.dtors)
                0x00002064                . = ALIGN (0x4)
                0x00002064                __cy_regions = .
                0x00002064        0x4 LONG 0x2078 __cy_region_init_ram
                0x00002068        0x4 LONG 0x1fff80c8 __cy_region_start_data
                0x0000206c        0x4 LONG 0x80 __cy_region_init_size_ram
                0x00002070        0x4 LONG 0x50 __cy_region_zero_size_ram
                0x00002074                __cy_regions_end = .
                0x00002078                . = ALIGN (0x8)
 *fill*         0x00002074        0x4 
                0x00002078                _etext = .

.cy_checksum_exclude
                0x00002078        0x0
 *(.cy_checksum_exclude)

.ramvectors     0x1fff8000       0xc0
                0x1fff8000                __cy_region_start_ram = .
 *(.ramvectors)
 .ramvectors    0x1fff8000       0xc0 .\CortexM3\ARM_GCC_541\Debug\Cm3Start.o
                0x1fff8000                CyRamVectors

.noinit         0x1fff80c0        0x1
 *(.noinit)
 .noinit        0x1fff80c0        0x1 .\CortexM3\ARM_GCC_541\Debug\AY1920_II_HW_05_PROJ_2.a(CyLib.o)
                0x1fff80c0                CyResetStatus

.data           0x1fff80c8       0x80 load address 0x00002078
                0x1fff80c8                __cy_region_start_data = .
 *(.jcr)
 .jcr           0x1fff80c8        0x0 c:/program files (x86)/cypress/psoc creator/4.3/psoc creator/import/gnu/arm/5.4.1/bin/../lib/gcc/arm-none-eabi/5.4.1/armv7-m/crtbegin.o
 .jcr           0x1fff80c8        0x4 c:/program files (x86)/cypress/psoc creator/4.3/psoc creator/import/gnu/arm/5.4.1/bin/../lib/gcc/arm-none-eabi/5.4.1/armv7-m/crtend.o
 *(.got.plt)
 *(.got)
 *(.shdata)
 *(.data .data.* .gnu.linkonce.d.*)
 .data          0x1fff80cc        0x4 .\CortexM3\ARM_GCC_541\Debug\Cm3Start.o
 .data          0x1fff80d0       0x10 .\CortexM3\ARM_GCC_541\Debug\AY1920_II_HW_05_PROJ_2.a(CyLib.o)
                0x1fff80d0                cydelay_32k_ms
                0x1fff80d4                cydelay_freq_khz
                0x1fff80d8                cydelay_freq_mhz
                0x1fff80dc                cydelay_freq_hz
 .data.impure_data
                0x1fff80e0       0x60 c:/program files (x86)/cypress/psoc creator/4.3/psoc creator/import/gnu/arm/5.4.1/bin/../lib/gcc/arm-none-eabi/5.4.1/../../../../arm-none-eabi/lib/armv7-m\libg_nano.a(lib_a-impure.o)
 .data._impure_ptr
                0x1fff8140        0x4 c:/program files (x86)/cypress/psoc creator/4.3/psoc creator/import/gnu/arm/5.4.1/bin/../lib/gcc/arm-none-eabi/5.4.1/../../../../arm-none-eabi/lib/armv7-m\libg_nano.a(lib_a-impure.o)
                0x1fff8140                _impure_ptr
                0x1fff8148                . = ALIGN (0x8)
 *fill*         0x1fff8144        0x4 
 *(.ram)
                0x1fff8148                _edata = .

.igot.plt       0x1fff8148        0x0 load address 0x000020f8
 .igot.plt      0x1fff8148        0x0 c:/program files (x86)/cypress/psoc creator/4.3/psoc creator/import/gnu/arm/5.4.1/bin/../lib/gcc/arm-none-eabi/5.4.1/armv7-m/crtbegin.o

.bss            0x1fff8148       0x50 load address 0x000020f8
                0x1fff8148                PROVIDE (__bss_start__, .)
 *(.shbss)
 *(.bss .bss.* .gnu.linkonce.b.*)
 .bss           0x1fff8148       0x1c c:/program files (x86)/cypress/psoc creator/4.3/psoc creator/import/gnu/arm/5.4.1/bin/../lib/gcc/arm-none-eabi/5.4.1/armv7-m/crtbegin.o
 .bss           0x1fff8164        0x2 .\CortexM3\ARM_GCC_541\Debug\AY1920_II_HW_05_PROJ_2.a(UART_Debug.o)
                0x1fff8164                UART_Debug_initVar
 .bss           0x1fff8166        0x1 .\CortexM3\ARM_GCC_541\Debug\AY1920_II_HW_05_PROJ_2.a(I2C_Master.o)
                0x1fff8166                I2C_Master_initVar
 .bss           0x1fff8167        0x1 .\CortexM3\ARM_GCC_541\Debug\AY1920_II_HW_05_PROJ_2.a(ISR_Timer.o)
                0x1fff8167                ISR_Timer_initVar
 .bss.__malloc_sbrk_start
                0x1fff8168        0x4 c:/program files (x86)/cypress/psoc creator/4.3/psoc creator/import/gnu/arm/5.4.1/bin/../lib/gcc/arm-none-eabi/5.4.1/../../../../arm-none-eabi/lib/armv7-m\libg_nano.a(lib_a-nano-mallocr.o)
                0x1fff8168                __malloc_sbrk_start
 .bss.__malloc_free_list
                0x1fff816c        0x4 c:/program files (x86)/cypress/psoc creator/4.3/psoc creator/import/gnu/arm/5.4.1/bin/../lib/gcc/arm-none-eabi/5.4.1/../../../../arm-none-eabi/lib/armv7-m\libg_nano.a(lib_a-nano-mallocr.o)
                0x1fff816c                __malloc_free_list
 *(COMMON)
 COMMON         0x1fff8170        0xd .\CortexM3\ARM_GCC_541\Debug\InterruptRoutines.o
                0x1fff8170                tempBuffer
                0x1fff8172                statusReg
                0x1fff8174                dataBuffer
                0x1fff817c                error
 COMMON         0x1fff817d        0x1 .\CortexM3\ARM_GCC_541\Debug\AY1920_II_HW_05_PROJ_2.a(I2C_Master.o)
                0x1fff817d                I2C_Master_state
 *fill*         0x1fff817e        0x2 
 COMMON         0x1fff8180        0xf .\CortexM3\ARM_GCC_541\Debug\AY1920_II_HW_05_PROJ_2.a(I2C_Master_MASTER.o)
                0x1fff8180                I2C_Master_mstrRdBufIndex
                0x1fff8181                I2C_Master_mstrWrBufIndex
                0x1fff8182                I2C_Master_mstrWrBufSize
                0x1fff8184                I2C_Master_mstrWrBufPtr
                0x1fff8188                I2C_Master_mstrRdBufPtr
                0x1fff818c                I2C_Master_mstrControl
                0x1fff818d                I2C_Master_mstrStatus
                0x1fff818e                I2C_Master_mstrRdBufSize
 *fill*         0x1fff818f        0x1 
 COMMON         0x1fff8190        0x4 c:/program files (x86)/cypress/psoc creator/4.3/psoc creator/import/gnu/arm/5.4.1/bin/../lib/gcc/arm-none-eabi/5.4.1/../../../../arm-none-eabi/lib/armv7-m\libg_nano.a(lib_a-reent.o)
                0x1fff8190                errno
                0x1fff8198                . = ALIGN (0x8)
 *fill*         0x1fff8194        0x4 
 *(.ram.b)
                0x1fff8198                _end = .
                0x1fff8198                __end = .
                0x1fff8198                PROVIDE (end, .)
                0x1fff8198                PROVIDE (__bss_end__, .)
                0x00002078                __cy_region_init_ram = LOADADDR (.data)
                0x00000080                __cy_region_init_size_ram = (_edata - ADDR (.data))
                0x00000050                __cy_region_zero_size_ram = (_end - _edata)

.heap           0x1fff8198       0x80 load address 0x000020f8
                0x1fff8198                . = _end
                0x1fff8218                . = (. + 0x80)
 *fill*         0x1fff8198       0x80 
                0x1fff8218                __cy_heap_limit = .

.stack          0x20007800      0x800
                0x20007800                __cy_stack_limit = .
                0x20008000                . = (. + 0x800)
 *fill*         0x20007800      0x800 
                0x00000001                ASSERT ((__cy_stack_limit >= __cy_heap_limit), region RAM overflowed with stack)
                0x00000000                cy_checksum_exclude_size = (CY_APPL_LOADABLE == 0x1)?SIZEOF (.cy_checksum_exclude):0x0
                0x00000001                ASSERT ((cy_checksum_exclude_size <= CY_CHECKSUM_EXCLUDE_SIZE), CY_BOOT: Section .cy_checksum_exclude size exceedes specified limit.)

.cyloadermeta
 *(.cyloadermeta)

.cyloadablemeta
 *(.cyloadablemeta)

.cyconfigecc    0x80000000      0x204
 *(.cyconfigecc)
 .cyconfigecc   0x80000000      0x204 .\CortexM3\ARM_GCC_541\Debug\cymetadata.o
                0x80000000                cy_meta_configecc

.cycustnvl      0x90000000        0x4
 *(.cycustnvl)
 .cycustnvl     0x90000000        0x4 .\CortexM3\ARM_GCC_541\Debug\cymetadata.o
                0x90000000                cy_meta_custnvl

.cywolatch      0x90100000        0x4
 *(.cywolatch)
 .cywolatch     0x90100000        0x4 .\CortexM3\ARM_GCC_541\Debug\cymetadata.o
                0x90100000                cy_meta_wonvl

.cyeeprom       0x90200000        0x0
 *(.cyeeprom)
                0x00000001                ASSERT ((. <= ((0x90200000 + ee_offset) + ee_size)), .cyeeprom data will not fit in EEPROM)

.cyflashprotect
                0x90400000      0x100
 *(.cyflashprotect)
 .cyflashprotect
                0x90400000      0x100 .\CortexM3\ARM_GCC_541\Debug\cymetadata.o
                0x90400000                cy_meta_flashprotect

.cymeta         0x90500000        0xc
 *(.cymeta)
 .cymeta        0x90500000        0xc .\CortexM3\ARM_GCC_541\Debug\cymetadata.o
                0x90500000                cy_metadata

.rel.dyn        0x000020f8        0x0 load address 0x9050000c
 .rel.iplt      0x000020f8        0x0 c:/program files (x86)/cypress/psoc creator/4.3/psoc creator/import/gnu/arm/5.4.1/bin/../lib/gcc/arm-none-eabi/5.4.1/armv7-m/crtbegin.o

.stab
 *(.stab)

.stabstr
 *(.stabstr)

.debug
 *(.debug)

.line
 *(.line)

.debug_srcinfo
 *(.debug_srcinfo)

.debug_sfnames
 *(.debug_sfnames)

.debug_aranges  0x00000000      0x8f8
 *(.debug_aranges)
 .debug_aranges
                0x00000000       0x20 .\CortexM3\ARM_GCC_541\Debug\main.o
 .debug_aranges
                0x00000020       0x50 .\CortexM3\ARM_GCC_541\Debug\I2C_Interface.o
 .debug_aranges
                0x00000070       0x20 .\CortexM3\ARM_GCC_541\Debug\InterruptRoutines.o
 .debug_aranges
                0x00000090       0x28 .\CortexM3\ARM_GCC_541\Debug\AccelUtils.o
 .debug_aranges
                0x000000b8       0x58 .\CortexM3\ARM_GCC_541\Debug\cyfitter_cfg.o
 .debug_aranges
                0x00000110       0x18 .\CortexM3\ARM_GCC_541\Debug\cymetadata.o
 .debug_aranges
                0x00000128       0x48 .\CortexM3\ARM_GCC_541\Debug\Cm3Start.o
 .debug_aranges
                0x00000170       0xa0 .\CortexM3\ARM_GCC_541\Debug\AY1920_II_HW_05_PROJ_2.a(UART_Debug.o)
 .debug_aranges
                0x00000210       0x38 .\CortexM3\ARM_GCC_541\Debug\AY1920_II_HW_05_PROJ_2.a(I2C_Master.o)
 .debug_aranges
                0x00000248       0x20 .\CortexM3\ARM_GCC_541\Debug\AY1920_II_HW_05_PROJ_2.a(I2C_Master_INT.o)
 .debug_aranges
                0x00000268       0x38 .\CortexM3\ARM_GCC_541\Debug\AY1920_II_HW_05_PROJ_2.a(I2C_Master_PM.o)
 .debug_aranges
                0x000002a0       0x80 .\CortexM3\ARM_GCC_541\Debug\AY1920_II_HW_05_PROJ_2.a(I2C_Master_MASTER.o)
 .debug_aranges
                0x00000320       0x70 .\CortexM3\ARM_GCC_541\Debug\AY1920_II_HW_05_PROJ_2.a(UART_Debug_IntClock.o)
 .debug_aranges
                0x00000390      0x2a0 .\CortexM3\ARM_GCC_541\Debug\AY1920_II_HW_05_PROJ_2.a(CyLib.o)
 .debug_aranges
                0x00000630       0x98 .\CortexM3\ARM_GCC_541\Debug\AY1920_II_HW_05_PROJ_2.a(cyPm.o)
 .debug_aranges
                0x000006c8       0x88 .\CortexM3\ARM_GCC_541\Debug\AY1920_II_HW_05_PROJ_2.a(ISR_Timer.o)
 .debug_aranges
                0x00000750       0x80 .\CortexM3\ARM_GCC_541\Debug\AY1920_II_HW_05_PROJ_2.a(ISR_Acc.o)
 .debug_aranges
                0x000007d0       0x20 .\CortexM3\ARM_GCC_541\Debug\AY1920_II_HW_05_PROJ_2.a(CyBootAsmGnu.o)
 .debug_aranges
                0x000007f0       0x88 .\CortexM3\ARM_GCC_541\Debug\AY1920_II_HW_05_PROJ_2.a(CyFlash.o)
 .debug_aranges
                0x00000878       0x80 .\CortexM3\ARM_GCC_541\Debug\AY1920_II_HW_05_PROJ_2.a(CySpc.o)

.debug_pubnames
 *(.debug_pubnames)

.debug_info     0x00000000     0x5a6b
 *(.debug_info .gnu.linkonce.wi.*)
 .debug_info    0x00000000      0x58f .\CortexM3\ARM_GCC_541\Debug\main.o
 .debug_info    0x0000058f      0x4c6 .\CortexM3\ARM_GCC_541\Debug\I2C_Interface.o
 .debug_info    0x00000a55      0x36b .\CortexM3\ARM_GCC_541\Debug\InterruptRoutines.o
 .debug_info    0x00000dc0      0x1c5 .\CortexM3\ARM_GCC_541\Debug\AccelUtils.o
 .debug_info    0x00000f85      0x56f .\CortexM3\ARM_GCC_541\Debug\cyfitter_cfg.o
 .debug_info    0x000014f4      0x135 .\CortexM3\ARM_GCC_541\Debug\cymetadata.o
 .debug_info    0x00001629      0x3bb .\CortexM3\ARM_GCC_541\Debug\Cm3Start.o
 .debug_info    0x000019e4      0x45c .\CortexM3\ARM_GCC_541\Debug\AY1920_II_HW_05_PROJ_2.a(UART_Debug.o)
 .debug_info    0x00001e40      0x2ad .\CortexM3\ARM_GCC_541\Debug\AY1920_II_HW_05_PROJ_2.a(I2C_Master.o)
 .debug_info    0x000020ed      0x184 .\CortexM3\ARM_GCC_541\Debug\AY1920_II_HW_05_PROJ_2.a(I2C_Master_INT.o)
 .debug_info    0x00002271      0x207 .\CortexM3\ARM_GCC_541\Debug\AY1920_II_HW_05_PROJ_2.a(I2C_Master_PM.o)
 .debug_info    0x00002478      0x407 .\CortexM3\ARM_GCC_541\Debug\AY1920_II_HW_05_PROJ_2.a(I2C_Master_MASTER.o)
 .debug_info    0x0000287f      0x283 .\CortexM3\ARM_GCC_541\Debug\AY1920_II_HW_05_PROJ_2.a(UART_Debug_IntClock.o)
 .debug_info    0x00002b02     0x1374 .\CortexM3\ARM_GCC_541\Debug\AY1920_II_HW_05_PROJ_2.a(CyLib.o)
 .debug_info    0x00003e76      0xa2a .\CortexM3\ARM_GCC_541\Debug\AY1920_II_HW_05_PROJ_2.a(cyPm.o)
 .debug_info    0x000048a0      0x293 .\CortexM3\ARM_GCC_541\Debug\AY1920_II_HW_05_PROJ_2.a(ISR_Timer.o)
 .debug_info    0x00004b33      0x2d2 .\CortexM3\ARM_GCC_541\Debug\AY1920_II_HW_05_PROJ_2.a(ISR_Acc.o)
 .debug_info    0x00004e05       0xc9 .\CortexM3\ARM_GCC_541\Debug\AY1920_II_HW_05_PROJ_2.a(CyBootAsmGnu.o)
 .debug_info    0x00004ece      0x64d .\CortexM3\ARM_GCC_541\Debug\AY1920_II_HW_05_PROJ_2.a(CyFlash.o)
 .debug_info    0x0000551b      0x550 .\CortexM3\ARM_GCC_541\Debug\AY1920_II_HW_05_PROJ_2.a(CySpc.o)

.debug_abbrev   0x00000000     0x18ba
 *(.debug_abbrev)
 .debug_abbrev  0x00000000      0x110 .\CortexM3\ARM_GCC_541\Debug\main.o
 .debug_abbrev  0x00000110       0xf5 .\CortexM3\ARM_GCC_541\Debug\I2C_Interface.o
 .debug_abbrev  0x00000205      0x10b .\CortexM3\ARM_GCC_541\Debug\InterruptRoutines.o
 .debug_abbrev  0x00000310       0xcc .\CortexM3\ARM_GCC_541\Debug\AccelUtils.o
 .debug_abbrev  0x000003dc      0x20d .\CortexM3\ARM_GCC_541\Debug\cyfitter_cfg.o
 .debug_abbrev  0x000005e9       0x66 .\CortexM3\ARM_GCC_541\Debug\cymetadata.o
 .debug_abbrev  0x0000064f      0x1e8 .\CortexM3\ARM_GCC_541\Debug\Cm3Start.o
 .debug_abbrev  0x00000837      0x175 .\CortexM3\ARM_GCC_541\Debug\AY1920_II_HW_05_PROJ_2.a(UART_Debug.o)
 .debug_abbrev  0x000009ac      0x10a .\CortexM3\ARM_GCC_541\Debug\AY1920_II_HW_05_PROJ_2.a(I2C_Master.o)
 .debug_abbrev  0x00000ab6       0xb6 .\CortexM3\ARM_GCC_541\Debug\AY1920_II_HW_05_PROJ_2.a(I2C_Master_INT.o)
 .debug_abbrev  0x00000b6c       0xfe .\CortexM3\ARM_GCC_541\Debug\AY1920_II_HW_05_PROJ_2.a(I2C_Master_PM.o)
 .debug_abbrev  0x00000c6a      0x13c .\CortexM3\ARM_GCC_541\Debug\AY1920_II_HW_05_PROJ_2.a(I2C_Master_MASTER.o)
 .debug_abbrev  0x00000da6      0x139 .\CortexM3\ARM_GCC_541\Debug\AY1920_II_HW_05_PROJ_2.a(UART_Debug_IntClock.o)
 .debug_abbrev  0x00000edf      0x254 .\CortexM3\ARM_GCC_541\Debug\AY1920_II_HW_05_PROJ_2.a(CyLib.o)
 .debug_abbrev  0x00001133      0x1ab .\CortexM3\ARM_GCC_541\Debug\AY1920_II_HW_05_PROJ_2.a(cyPm.o)
 .debug_abbrev  0x000012de      0x11a .\CortexM3\ARM_GCC_541\Debug\AY1920_II_HW_05_PROJ_2.a(ISR_Timer.o)
 .debug_abbrev  0x000013f8      0x173 .\CortexM3\ARM_GCC_541\Debug\AY1920_II_HW_05_PROJ_2.a(ISR_Acc.o)
 .debug_abbrev  0x0000156b       0x14 .\CortexM3\ARM_GCC_541\Debug\AY1920_II_HW_05_PROJ_2.a(CyBootAsmGnu.o)
 .debug_abbrev  0x0000157f      0x1a7 .\CortexM3\ARM_GCC_541\Debug\AY1920_II_HW_05_PROJ_2.a(CyFlash.o)
 .debug_abbrev  0x00001726      0x194 .\CortexM3\ARM_GCC_541\Debug\AY1920_II_HW_05_PROJ_2.a(CySpc.o)

.debug_line     0x00000000     0x285f
 *(.debug_line)
 .debug_line    0x00000000      0x268 .\CortexM3\ARM_GCC_541\Debug\main.o
 .debug_line    0x00000268      0x209 .\CortexM3\ARM_GCC_541\Debug\I2C_Interface.o
 .debug_line    0x00000471      0x1c5 .\CortexM3\ARM_GCC_541\Debug\InterruptRoutines.o
 .debug_line    0x00000636      0x176 .\CortexM3\ARM_GCC_541\Debug\AccelUtils.o
 .debug_line    0x000007ac      0x1f4 .\CortexM3\ARM_GCC_541\Debug\cyfitter_cfg.o
 .debug_line    0x000009a0      0x141 .\CortexM3\ARM_GCC_541\Debug\cymetadata.o
 .debug_line    0x00000ae1      0x234 .\CortexM3\ARM_GCC_541\Debug\Cm3Start.o
 .debug_line    0x00000d15      0x1fc .\CortexM3\ARM_GCC_541\Debug\AY1920_II_HW_05_PROJ_2.a(UART_Debug.o)
 .debug_line    0x00000f11       0xee .\CortexM3\ARM_GCC_541\Debug\AY1920_II_HW_05_PROJ_2.a(I2C_Master.o)
 .debug_line    0x00000fff      0x122 .\CortexM3\ARM_GCC_541\Debug\AY1920_II_HW_05_PROJ_2.a(I2C_Master_INT.o)
 .debug_line    0x00001121       0xc9 .\CortexM3\ARM_GCC_541\Debug\AY1920_II_HW_05_PROJ_2.a(I2C_Master_PM.o)
 .debug_line    0x000011ea      0x20b .\CortexM3\ARM_GCC_541\Debug\AY1920_II_HW_05_PROJ_2.a(I2C_Master_MASTER.o)
 .debug_line    0x000013f5      0x182 .\CortexM3\ARM_GCC_541\Debug\AY1920_II_HW_05_PROJ_2.a(UART_Debug_IntClock.o)
 .debug_line    0x00001577      0x816 .\CortexM3\ARM_GCC_541\Debug\AY1920_II_HW_05_PROJ_2.a(CyLib.o)
 .debug_line    0x00001d8d      0x367 .\CortexM3\ARM_GCC_541\Debug\AY1920_II_HW_05_PROJ_2.a(cyPm.o)
 .debug_line    0x000020f4      0x157 .\CortexM3\ARM_GCC_541\Debug\AY1920_II_HW_05_PROJ_2.a(ISR_Timer.o)
 .debug_line    0x0000224b      0x134 .\CortexM3\ARM_GCC_541\Debug\AY1920_II_HW_05_PROJ_2.a(ISR_Acc.o)
 .debug_line    0x0000237f       0x66 .\CortexM3\ARM_GCC_541\Debug\AY1920_II_HW_05_PROJ_2.a(CyBootAsmGnu.o)
 .debug_line    0x000023e5      0x21a .\CortexM3\ARM_GCC_541\Debug\AY1920_II_HW_05_PROJ_2.a(CyFlash.o)
 .debug_line    0x000025ff      0x260 .\CortexM3\ARM_GCC_541\Debug\AY1920_II_HW_05_PROJ_2.a(CySpc.o)

.debug_frame    0x00000000     0x1a58
 *(.debug_frame)
 .debug_frame   0x00000000       0x2c .\CortexM3\ARM_GCC_541\Debug\main.o
 .debug_frame   0x0000002c       0xfc .\CortexM3\ARM_GCC_541\Debug\I2C_Interface.o
 .debug_frame   0x00000128       0x30 .\CortexM3\ARM_GCC_541\Debug\InterruptRoutines.o
 .debug_frame   0x00000158       0x48 .\CortexM3\ARM_GCC_541\Debug\AccelUtils.o
 .debug_frame   0x000001a0       0xe4 .\CortexM3\ARM_GCC_541\Debug\cyfitter_cfg.o
 .debug_frame   0x00000284       0xb8 .\CortexM3\ARM_GCC_541\Debug\Cm3Start.o
 .debug_frame   0x0000033c      0x198 .\CortexM3\ARM_GCC_541\Debug\AY1920_II_HW_05_PROJ_2.a(UART_Debug.o)
 .debug_frame   0x000004d4       0x94 .\CortexM3\ARM_GCC_541\Debug\AY1920_II_HW_05_PROJ_2.a(I2C_Master.o)
 .debug_frame   0x00000568       0x30 .\CortexM3\ARM_GCC_541\Debug\AY1920_II_HW_05_PROJ_2.a(I2C_Master_INT.o)
 .debug_frame   0x00000598       0x74 .\CortexM3\ARM_GCC_541\Debug\AY1920_II_HW_05_PROJ_2.a(I2C_Master_PM.o)
 .debug_frame   0x0000060c      0x138 .\CortexM3\ARM_GCC_541\Debug\AY1920_II_HW_05_PROJ_2.a(I2C_Master_MASTER.o)
 .debug_frame   0x00000744       0xe0 .\CortexM3\ARM_GCC_541\Debug\AY1920_II_HW_05_PROJ_2.a(UART_Debug_IntClock.o)
 .debug_frame   0x00000824      0x738 .\CortexM3\ARM_GCC_541\Debug\AY1920_II_HW_05_PROJ_2.a(CyLib.o)
 .debug_frame   0x00000f5c      0x1f8 .\CortexM3\ARM_GCC_541\Debug\AY1920_II_HW_05_PROJ_2.a(cyPm.o)
 .debug_frame   0x00001154      0x108 .\CortexM3\ARM_GCC_541\Debug\AY1920_II_HW_05_PROJ_2.a(ISR_Timer.o)
 .debug_frame   0x0000125c      0x104 .\CortexM3\ARM_GCC_541\Debug\AY1920_II_HW_05_PROJ_2.a(ISR_Acc.o)
 .debug_frame   0x00001360      0x194 .\CortexM3\ARM_GCC_541\Debug\AY1920_II_HW_05_PROJ_2.a(CyFlash.o)
 .debug_frame   0x000014f4      0x180 .\CortexM3\ARM_GCC_541\Debug\AY1920_II_HW_05_PROJ_2.a(CySpc.o)
 .debug_frame   0x00001674       0x20 c:/program files (x86)/cypress/psoc creator/4.3/psoc creator/import/gnu/arm/5.4.1/bin/../lib/gcc/arm-none-eabi/5.4.1/../../../../arm-none-eabi/lib/armv7-m\libg_nano.a(lib_a-errno.o)
 .debug_frame   0x00001694       0x28 c:/program files (x86)/cypress/psoc creator/4.3/psoc creator/import/gnu/arm/5.4.1/bin/../lib/gcc/arm-none-eabi/5.4.1/../../../../arm-none-eabi/lib/armv7-m\libg_nano.a(lib_a-exit.o)
 .debug_frame   0x000016bc       0x2c c:/program files (x86)/cypress/psoc creator/4.3/psoc creator/import/gnu/arm/5.4.1/bin/../lib/gcc/arm-none-eabi/5.4.1/../../../../arm-none-eabi/lib/armv7-m\libg_nano.a(lib_a-init.o)
 .debug_frame   0x000016e8       0x28 c:/program files (x86)/cypress/psoc creator/4.3/psoc creator/import/gnu/arm/5.4.1/bin/../lib/gcc/arm-none-eabi/5.4.1/../../../../arm-none-eabi/lib/armv7-m\libg_nano.a(lib_a-memcpy-stub.o)
 .debug_frame   0x00001710       0x20 c:/program files (x86)/cypress/psoc creator/4.3/psoc creator/import/gnu/arm/5.4.1/bin/../lib/gcc/arm-none-eabi/5.4.1/../../../../arm-none-eabi/lib/armv7-m\libg_nano.a(lib_a-memset.o)
 .debug_frame   0x00001730       0x70 c:/program files (x86)/cypress/psoc creator/4.3/psoc creator/import/gnu/arm/5.4.1/bin/../lib/gcc/arm-none-eabi/5.4.1/../../../../arm-none-eabi/lib/armv7-m\libg_nano.a(lib_a-sprintf.o)
 .debug_frame   0x000017a0       0x90 c:/program files (x86)/cypress/psoc creator/4.3/psoc creator/import/gnu/arm/5.4.1/bin/../lib/gcc/arm-none-eabi/5.4.1/../../../../arm-none-eabi/lib/armv7-m\libg_nano.a(lib_a-nano-svfprintf.o)
 .debug_frame   0x00001830       0x60 c:/program files (x86)/cypress/psoc creator/4.3/psoc creator/import/gnu/arm/5.4.1/bin/../lib/gcc/arm-none-eabi/5.4.1/../../../../arm-none-eabi/lib/armv7-m\libg_nano.a(lib_a-nano-vfprintf_i.o)
 .debug_frame   0x00001890       0x28 c:/program files (x86)/cypress/psoc creator/4.3/psoc creator/import/gnu/arm/5.4.1/bin/../lib/gcc/arm-none-eabi/5.4.1/../../../../arm-none-eabi/lib/armv7-m\libg_nano.a(lib_a-memchr-stub.o)
 .debug_frame   0x000018b8       0x28 c:/program files (x86)/cypress/psoc creator/4.3/psoc creator/import/gnu/arm/5.4.1/bin/../lib/gcc/arm-none-eabi/5.4.1/../../../../arm-none-eabi/lib/armv7-m\libg_nano.a(lib_a-memmove.o)
 .debug_frame   0x000018e0       0x38 c:/program files (x86)/cypress/psoc creator/4.3/psoc creator/import/gnu/arm/5.4.1/bin/../lib/gcc/arm-none-eabi/5.4.1/../../../../arm-none-eabi/lib/armv7-m\libg_nano.a(lib_a-nano-freer.o)
 .debug_frame   0x00001918       0x2c c:/program files (x86)/cypress/psoc creator/4.3/psoc creator/import/gnu/arm/5.4.1/bin/../lib/gcc/arm-none-eabi/5.4.1/../../../../arm-none-eabi/lib/armv7-m\libg_nano.a(lib_a-nano-mallocr.o)
 .debug_frame   0x00001944       0x3c c:/program files (x86)/cypress/psoc creator/4.3/psoc creator/import/gnu/arm/5.4.1/bin/../lib/gcc/arm-none-eabi/5.4.1/../../../../arm-none-eabi/lib/armv7-m\libg_nano.a(lib_a-nano-reallocr.o)
 .debug_frame   0x00001980       0x2c c:/program files (x86)/cypress/psoc creator/4.3/psoc creator/import/gnu/arm/5.4.1/bin/../lib/gcc/arm-none-eabi/5.4.1/../../../../arm-none-eabi/lib/armv7-m\libg_nano.a(lib_a-sbrkr.o)
 .debug_frame   0x000019ac       0x30 c:/program files (x86)/cypress/psoc creator/4.3/psoc creator/import/gnu/arm/5.4.1/bin/../lib/gcc/arm-none-eabi/5.4.1/../../../../arm-none-eabi/lib/armv7-m\libg_nano.a(lib_a-mlock.o)
 .debug_frame   0x000019dc       0x20 c:/program files (x86)/cypress/psoc creator/4.3/psoc creator/import/gnu/arm/5.4.1/bin/../lib/gcc/arm-none-eabi/5.4.1/../../../../arm-none-eabi/lib/armv7-m\libg_nano.a(lib_a-nano-msizer.o)
 .debug_frame   0x000019fc       0x5c c:/program files (x86)/cypress/psoc creator/4.3/psoc creator/import/gnu/arm/5.4.1/bin/../lib/gcc/arm-none-eabi/5.4.1/../../../../arm-none-eabi/lib/armv7-m\libg_nano.a(lib_a-reent.o)

.debug_str      0x00000000     0x2054
 *(.debug_str)
 .debug_str     0x00000000      0x2b8 .\CortexM3\ARM_GCC_541\Debug\main.o
                                0x30e (size before relaxing)
 .debug_str     0x000002b8      0x146 .\CortexM3\ARM_GCC_541\Debug\I2C_Interface.o
                                0x39f (size before relaxing)
 .debug_str     0x000003fe       0x9e .\CortexM3\ARM_GCC_541\Debug\InterruptRoutines.o
                                0x2e7 (size before relaxing)
 .debug_str     0x0000049c       0x5f .\CortexM3\ARM_GCC_541\Debug\AccelUtils.o
                                0x277 (size before relaxing)
 .debug_str     0x000004fb      0x1b0 .\CortexM3\ARM_GCC_541\Debug\cyfitter_cfg.o
                                0x37d (size before relaxing)
 .debug_str     0x000006ab       0x75 .\CortexM3\ARM_GCC_541\Debug\cymetadata.o
                                0x21d (size before relaxing)
 .debug_str     0x00000720      0x144 .\CortexM3\ARM_GCC_541\Debug\Cm3Start.o
                                0x343 (size before relaxing)
 .debug_str     0x00000864      0x264 .\CortexM3\ARM_GCC_541\Debug\AY1920_II_HW_05_PROJ_2.a(UART_Debug.o)
                                0x455 (size before relaxing)
 .debug_str     0x00000ac8      0x13f .\CortexM3\ARM_GCC_541\Debug\AY1920_II_HW_05_PROJ_2.a(I2C_Master.o)
                                0x36e (size before relaxing)
 .debug_str     0x00000c07       0xb7 .\CortexM3\ARM_GCC_541\Debug\AY1920_II_HW_05_PROJ_2.a(I2C_Master_INT.o)
                                0x2e5 (size before relaxing)
 .debug_str     0x00000cbe       0x79 .\CortexM3\ARM_GCC_541\Debug\AY1920_II_HW_05_PROJ_2.a(I2C_Master_PM.o)
                                0x2f5 (size before relaxing)
 .debug_str     0x00000d37      0x150 .\CortexM3\ARM_GCC_541\Debug\AY1920_II_HW_05_PROJ_2.a(I2C_Master_MASTER.o)
                                0x47e (size before relaxing)
 .debug_str     0x00000e87      0x1bf .\CortexM3\ARM_GCC_541\Debug\AY1920_II_HW_05_PROJ_2.a(UART_Debug_IntClock.o)
                                0x3b7 (size before relaxing)
 .debug_str     0x00001046      0x7eb .\CortexM3\ARM_GCC_541\Debug\AY1920_II_HW_05_PROJ_2.a(CyLib.o)
                                0xa80 (size before relaxing)
 .debug_str     0x00001831      0x365 .\CortexM3\ARM_GCC_541\Debug\AY1920_II_HW_05_PROJ_2.a(cyPm.o)
                                0x76c (size before relaxing)
 .debug_str     0x00001b96      0x165 .\CortexM3\ARM_GCC_541\Debug\AY1920_II_HW_05_PROJ_2.a(ISR_Timer.o)
                                0x36e (size before relaxing)
 .debug_str     0x00001cfb       0xf2 .\CortexM3\ARM_GCC_541\Debug\AY1920_II_HW_05_PROJ_2.a(ISR_Acc.o)
                                0x2fb (size before relaxing)
 .debug_str     0x00001ded      0x1bb .\CortexM3\ARM_GCC_541\Debug\AY1920_II_HW_05_PROJ_2.a(CyFlash.o)
                                0x3f9 (size before relaxing)
 .debug_str     0x00001fa8       0xac .\CortexM3\ARM_GCC_541\Debug\AY1920_II_HW_05_PROJ_2.a(CySpc.o)
                                0x371 (size before relaxing)

.debug_loc      0x00000000     0x28b6
 *(.debug_loc)
 .debug_loc     0x00000000       0xc1 .\CortexM3\ARM_GCC_541\Debug\main.o
 .debug_loc     0x000000c1      0x328 .\CortexM3\ARM_GCC_541\Debug\I2C_Interface.o
 .debug_loc     0x000003e9       0x39 .\CortexM3\ARM_GCC_541\Debug\InterruptRoutines.o
 .debug_loc     0x00000422      0x12e .\CortexM3\ARM_GCC_541\Debug\AccelUtils.o
 .debug_loc     0x00000550      0x259 .\CortexM3\ARM_GCC_541\Debug\cyfitter_cfg.o
 .debug_loc     0x000007a9      0x144 .\CortexM3\ARM_GCC_541\Debug\Cm3Start.o
 .debug_loc     0x000008ed      0x1f7 .\CortexM3\ARM_GCC_541\Debug\AY1920_II_HW_05_PROJ_2.a(UART_Debug.o)
 .debug_loc     0x00000ae4       0x39 .\CortexM3\ARM_GCC_541\Debug\AY1920_II_HW_05_PROJ_2.a(I2C_Master.o)
 .debug_loc     0x00000b1d       0x29 .\CortexM3\ARM_GCC_541\Debug\AY1920_II_HW_05_PROJ_2.a(I2C_Master_INT.o)
 .debug_loc     0x00000b46       0x13 .\CortexM3\ARM_GCC_541\Debug\AY1920_II_HW_05_PROJ_2.a(I2C_Master_PM.o)
 .debug_loc     0x00000b59      0x52f .\CortexM3\ARM_GCC_541\Debug\AY1920_II_HW_05_PROJ_2.a(I2C_Master_MASTER.o)
 .debug_loc     0x00001088      0x12c .\CortexM3\ARM_GCC_541\Debug\AY1920_II_HW_05_PROJ_2.a(UART_Debug_IntClock.o)
 .debug_loc     0x000011b4      0xa11 .\CortexM3\ARM_GCC_541\Debug\AY1920_II_HW_05_PROJ_2.a(CyLib.o)
 .debug_loc     0x00001bc5      0x1e4 .\CortexM3\ARM_GCC_541\Debug\AY1920_II_HW_05_PROJ_2.a(cyPm.o)
 .debug_loc     0x00001da9       0x56 .\CortexM3\ARM_GCC_541\Debug\AY1920_II_HW_05_PROJ_2.a(ISR_Acc.o)
 .debug_loc     0x00001dff      0x3b2 .\CortexM3\ARM_GCC_541\Debug\AY1920_II_HW_05_PROJ_2.a(CyFlash.o)
 .debug_loc     0x000021b1      0x705 .\CortexM3\ARM_GCC_541\Debug\AY1920_II_HW_05_PROJ_2.a(CySpc.o)

.debug_macinfo
 *(.debug_macinfo)

.debug_ranges   0x00000000      0x7b8
 *(.debug_ranges)
 .debug_ranges  0x00000000       0x10 .\CortexM3\ARM_GCC_541\Debug\main.o
 .debug_ranges  0x00000010       0x58 .\CortexM3\ARM_GCC_541\Debug\I2C_Interface.o
 .debug_ranges  0x00000068       0x10 .\CortexM3\ARM_GCC_541\Debug\InterruptRoutines.o
 .debug_ranges  0x00000078       0x18 .\CortexM3\ARM_GCC_541\Debug\AccelUtils.o
 .debug_ranges  0x00000090       0x48 .\CortexM3\ARM_GCC_541\Debug\cyfitter_cfg.o
 .debug_ranges  0x000000d8       0x38 .\CortexM3\ARM_GCC_541\Debug\Cm3Start.o
 .debug_ranges  0x00000110       0x90 .\CortexM3\ARM_GCC_541\Debug\AY1920_II_HW_05_PROJ_2.a(UART_Debug.o)
 .debug_ranges  0x000001a0       0x28 .\CortexM3\ARM_GCC_541\Debug\AY1920_II_HW_05_PROJ_2.a(I2C_Master.o)
 .debug_ranges  0x000001c8       0x10 .\CortexM3\ARM_GCC_541\Debug\AY1920_II_HW_05_PROJ_2.a(I2C_Master_INT.o)
 .debug_ranges  0x000001d8       0x28 .\CortexM3\ARM_GCC_541\Debug\AY1920_II_HW_05_PROJ_2.a(I2C_Master_PM.o)
 .debug_ranges  0x00000200       0x70 .\CortexM3\ARM_GCC_541\Debug\AY1920_II_HW_05_PROJ_2.a(I2C_Master_MASTER.o)
 .debug_ranges  0x00000270       0x60 .\CortexM3\ARM_GCC_541\Debug\AY1920_II_HW_05_PROJ_2.a(UART_Debug_IntClock.o)
 .debug_ranges  0x000002d0      0x290 .\CortexM3\ARM_GCC_541\Debug\AY1920_II_HW_05_PROJ_2.a(CyLib.o)
 .debug_ranges  0x00000560       0x88 .\CortexM3\ARM_GCC_541\Debug\AY1920_II_HW_05_PROJ_2.a(cyPm.o)
 .debug_ranges  0x000005e8       0x78 .\CortexM3\ARM_GCC_541\Debug\AY1920_II_HW_05_PROJ_2.a(ISR_Timer.o)
 .debug_ranges  0x00000660       0x70 .\CortexM3\ARM_GCC_541\Debug\AY1920_II_HW_05_PROJ_2.a(ISR_Acc.o)
 .debug_ranges  0x000006d0       0x78 .\CortexM3\ARM_GCC_541\Debug\AY1920_II_HW_05_PROJ_2.a(CyFlash.o)
 .debug_ranges  0x00000748       0x70 .\CortexM3\ARM_GCC_541\Debug\AY1920_II_HW_05_PROJ_2.a(CySpc.o)

.comment        0x00000000       0x6e
 .comment       0x00000000       0x6e .\CortexM3\ARM_GCC_541\Debug\main.o
                                 0x6f (size before relaxing)
 .comment       0x0000006e       0x6f .\CortexM3\ARM_GCC_541\Debug\I2C_Interface.o
 .comment       0x0000006e       0x6f .\CortexM3\ARM_GCC_541\Debug\InterruptRoutines.o
 .comment       0x0000006e       0x6f .\CortexM3\ARM_GCC_541\Debug\AccelUtils.o
 .comment       0x0000006e       0x6f .\CortexM3\ARM_GCC_541\Debug\cyfitter_cfg.o
 .comment       0x0000006e       0x6f .\CortexM3\ARM_GCC_541\Debug\cymetadata.o
 .comment       0x0000006e       0x6f .\CortexM3\ARM_GCC_541\Debug\Cm3Start.o
 .comment       0x0000006e       0x6f .\CortexM3\ARM_GCC_541\Debug\AY1920_II_HW_05_PROJ_2.a(UART_Debug.o)
 .comment       0x0000006e       0x6f .\CortexM3\ARM_GCC_541\Debug\AY1920_II_HW_05_PROJ_2.a(I2C_Master.o)
 .comment       0x0000006e       0x6f .\CortexM3\ARM_GCC_541\Debug\AY1920_II_HW_05_PROJ_2.a(I2C_Master_INT.o)
 .comment       0x0000006e       0x6f .\CortexM3\ARM_GCC_541\Debug\AY1920_II_HW_05_PROJ_2.a(I2C_Master_PM.o)
 .comment       0x0000006e       0x6f .\CortexM3\ARM_GCC_541\Debug\AY1920_II_HW_05_PROJ_2.a(I2C_Master_MASTER.o)
 .comment       0x0000006e       0x6f .\CortexM3\ARM_GCC_541\Debug\AY1920_II_HW_05_PROJ_2.a(UART_Debug_IntClock.o)
 .comment       0x0000006e       0x6f .\CortexM3\ARM_GCC_541\Debug\AY1920_II_HW_05_PROJ_2.a(CyLib.o)
 .comment       0x0000006e       0x6f .\CortexM3\ARM_GCC_541\Debug\AY1920_II_HW_05_PROJ_2.a(cyPm.o)
 .comment       0x0000006e       0x6f .\CortexM3\ARM_GCC_541\Debug\AY1920_II_HW_05_PROJ_2.a(ISR_Timer.o)
 .comment       0x0000006e       0x6f .\CortexM3\ARM_GCC_541\Debug\AY1920_II_HW_05_PROJ_2.a(ISR_Acc.o)
 .comment       0x0000006e       0x6f .\CortexM3\ARM_GCC_541\Debug\AY1920_II_HW_05_PROJ_2.a(CyFlash.o)
 .comment       0x0000006e       0x6f .\CortexM3\ARM_GCC_541\Debug\AY1920_II_HW_05_PROJ_2.a(CySpc.o)

.debug_weaknames
 *(.debug_weaknames)

.debug_funcnames
 *(.debug_funcnames)

.debug_typenames
 *(.debug_typenames)

.debug_varnames
 *(.debug_varnames)

.note.gnu.arm.ident
 *(.note.gnu.arm.ident)

.ARM.attributes
                0x00000000       0x29
 *(.ARM.attributes)
 .ARM.attributes
                0x00000000       0x1d c:/program files (x86)/cypress/psoc creator/4.3/psoc creator/import/gnu/arm/5.4.1/bin/../lib/gcc/arm-none-eabi/5.4.1/armv7-m/crti.o
 .ARM.attributes
                0x0000001d       0x2d c:/program files (x86)/cypress/psoc creator/4.3/psoc creator/import/gnu/arm/5.4.1/bin/../lib/gcc/arm-none-eabi/5.4.1/armv7-m/crtbegin.o
 .ARM.attributes
                0x0000004a       0x1b c:/program files (x86)/cypress/psoc creator/4.3/psoc creator/import/gnu/arm/5.4.1/bin/../lib/gcc/arm-none-eabi/5.4.1/../../../../arm-none-eabi/lib/armv7-m/crt0.o
 .ARM.attributes
                0x00000065       0x33 .\CortexM3\ARM_GCC_541\Debug\main.o
 .ARM.attributes
                0x00000098       0x33 .\CortexM3\ARM_GCC_541\Debug\I2C_Interface.o
 .ARM.attributes
                0x000000cb       0x33 .\CortexM3\ARM_GCC_541\Debug\InterruptRoutines.o
 .ARM.attributes
                0x000000fe       0x33 .\CortexM3\ARM_GCC_541\Debug\AccelUtils.o
 .ARM.attributes
                0x00000131       0x33 .\CortexM3\ARM_GCC_541\Debug\cyfitter_cfg.o
 .ARM.attributes
                0x00000164       0x33 .\CortexM3\ARM_GCC_541\Debug\cymetadata.o
 .ARM.attributes
                0x00000197       0x33 .\CortexM3\ARM_GCC_541\Debug\Cm3Start.o
 .ARM.attributes
                0x000001ca       0x33 .\CortexM3\ARM_GCC_541\Debug\AY1920_II_HW_05_PROJ_2.a(UART_Debug.o)
 .ARM.attributes
                0x000001fd       0x33 .\CortexM3\ARM_GCC_541\Debug\AY1920_II_HW_05_PROJ_2.a(I2C_Master.o)
 .ARM.attributes
                0x00000230       0x33 .\CortexM3\ARM_GCC_541\Debug\AY1920_II_HW_05_PROJ_2.a(I2C_Master_INT.o)
 .ARM.attributes
                0x00000263       0x33 .\CortexM3\ARM_GCC_541\Debug\AY1920_II_HW_05_PROJ_2.a(I2C_Master_PM.o)
 .ARM.attributes
                0x00000296       0x33 .\CortexM3\ARM_GCC_541\Debug\AY1920_II_HW_05_PROJ_2.a(I2C_Master_MASTER.o)
 .ARM.attributes
                0x000002c9       0x33 .\CortexM3\ARM_GCC_541\Debug\AY1920_II_HW_05_PROJ_2.a(UART_Debug_IntClock.o)
 .ARM.attributes
                0x000002fc       0x33 .\CortexM3\ARM_GCC_541\Debug\AY1920_II_HW_05_PROJ_2.a(CyLib.o)
 .ARM.attributes
                0x0000032f       0x33 .\CortexM3\ARM_GCC_541\Debug\AY1920_II_HW_05_PROJ_2.a(cyPm.o)
 .ARM.attributes
                0x00000362       0x33 .\CortexM3\ARM_GCC_541\Debug\AY1920_II_HW_05_PROJ_2.a(ISR_Timer.o)
 .ARM.attributes
                0x00000395       0x33 .\CortexM3\ARM_GCC_541\Debug\AY1920_II_HW_05_PROJ_2.a(ISR_Acc.o)
 .ARM.attributes
                0x000003c8       0x21 .\CortexM3\ARM_GCC_541\Debug\AY1920_II_HW_05_PROJ_2.a(CyBootAsmGnu.o)
 .ARM.attributes
                0x000003e9       0x33 .\CortexM3\ARM_GCC_541\Debug\AY1920_II_HW_05_PROJ_2.a(CyFlash.o)
 .ARM.attributes
                0x0000041c       0x33 .\CortexM3\ARM_GCC_541\Debug\AY1920_II_HW_05_PROJ_2.a(CySpc.o)
 .ARM.attributes
                0x0000044f       0x1d c:/program files (x86)/cypress/psoc creator/4.3/psoc creator/import/gnu/arm/5.4.1/bin/../lib/gcc/arm-none-eabi/5.4.1/armv7-m\libgcc.a(_arm_addsubsf3.o)
 .ARM.attributes
                0x0000046c       0x1d c:/program files (x86)/cypress/psoc creator/4.3/psoc creator/import/gnu/arm/5.4.1/bin/../lib/gcc/arm-none-eabi/5.4.1/armv7-m\libgcc.a(_arm_muldivsf3.o)
 .ARM.attributes
                0x00000489       0x1d c:/program files (x86)/cypress/psoc creator/4.3/psoc creator/import/gnu/arm/5.4.1/bin/../lib/gcc/arm-none-eabi/5.4.1/armv7-m\libgcc.a(_arm_fixsfsi.o)
 .ARM.attributes
                0x000004a6       0x2d c:/program files (x86)/cypress/psoc creator/4.3/psoc creator/import/gnu/arm/5.4.1/bin/../lib/gcc/arm-none-eabi/5.4.1/../../../../arm-none-eabi/lib/armv7-m\libg_nano.a(lib_a-errno.o)
 .ARM.attributes
                0x000004d3       0x2d c:/program files (x86)/cypress/psoc creator/4.3/psoc creator/import/gnu/arm/5.4.1/bin/../lib/gcc/arm-none-eabi/5.4.1/../../../../arm-none-eabi/lib/armv7-m\libg_nano.a(lib_a-exit.o)
 .ARM.attributes
                0x00000500       0x2d c:/program files (x86)/cypress/psoc creator/4.3/psoc creator/import/gnu/arm/5.4.1/bin/../lib/gcc/arm-none-eabi/5.4.1/../../../../arm-none-eabi/lib/armv7-m\libg_nano.a(lib_a-impure.o)
 .ARM.attributes
                0x0000052d       0x2d c:/program files (x86)/cypress/psoc creator/4.3/psoc creator/import/gnu/arm/5.4.1/bin/../lib/gcc/arm-none-eabi/5.4.1/../../../../arm-none-eabi/lib/armv7-m\libg_nano.a(lib_a-init.o)
 .ARM.attributes
                0x0000055a       0x2d c:/program files (x86)/cypress/psoc creator/4.3/psoc creator/import/gnu/arm/5.4.1/bin/../lib/gcc/arm-none-eabi/5.4.1/../../../../arm-none-eabi/lib/armv7-m\libg_nano.a(lib_a-memcpy-stub.o)
 .ARM.attributes
                0x00000587       0x2d c:/program files (x86)/cypress/psoc creator/4.3/psoc creator/import/gnu/arm/5.4.1/bin/../lib/gcc/arm-none-eabi/5.4.1/../../../../arm-none-eabi/lib/armv7-m\libg_nano.a(lib_a-memset.o)
 .ARM.attributes
                0x000005b4       0x2d c:/program files (x86)/cypress/psoc creator/4.3/psoc creator/import/gnu/arm/5.4.1/bin/../lib/gcc/arm-none-eabi/5.4.1/../../../../arm-none-eabi/lib/armv7-m\libg_nano.a(lib_a-sprintf.o)
 .ARM.attributes
                0x000005e1       0x2d c:/program files (x86)/cypress/psoc creator/4.3/psoc creator/import/gnu/arm/5.4.1/bin/../lib/gcc/arm-none-eabi/5.4.1/../../../../arm-none-eabi/lib/armv7-m\libg_nano.a(lib_a-nano-svfprintf.o)
 .ARM.attributes
                0x0000060e       0x2d c:/program files (x86)/cypress/psoc creator/4.3/psoc creator/import/gnu/arm/5.4.1/bin/../lib/gcc/arm-none-eabi/5.4.1/../../../../arm-none-eabi/lib/armv7-m\libg_nano.a(lib_a-nano-vfprintf_i.o)
 .ARM.attributes
                0x0000063b       0x2d c:/program files (x86)/cypress/psoc creator/4.3/psoc creator/import/gnu/arm/5.4.1/bin/../lib/gcc/arm-none-eabi/5.4.1/../../../../arm-none-eabi/lib/armv7-m\libg_nano.a(lib_a-memchr-stub.o)
 .ARM.attributes
                0x00000668       0x2d c:/program files (x86)/cypress/psoc creator/4.3/psoc creator/import/gnu/arm/5.4.1/bin/../lib/gcc/arm-none-eabi/5.4.1/../../../../arm-none-eabi/lib/armv7-m\libg_nano.a(lib_a-memmove.o)
 .ARM.attributes
                0x00000695       0x2d c:/program files (x86)/cypress/psoc creator/4.3/psoc creator/import/gnu/arm/5.4.1/bin/../lib/gcc/arm-none-eabi/5.4.1/../../../../arm-none-eabi/lib/armv7-m\libg_nano.a(lib_a-nano-freer.o)
 .ARM.attributes
                0x000006c2       0x2d c:/program files (x86)/cypress/psoc creator/4.3/psoc creator/import/gnu/arm/5.4.1/bin/../lib/gcc/arm-none-eabi/5.4.1/../../../../arm-none-eabi/lib/armv7-m\libg_nano.a(lib_a-nano-mallocr.o)
 .ARM.attributes
                0x000006ef       0x2d c:/program files (x86)/cypress/psoc creator/4.3/psoc creator/import/gnu/arm/5.4.1/bin/../lib/gcc/arm-none-eabi/5.4.1/../../../../arm-none-eabi/lib/armv7-m\libg_nano.a(lib_a-nano-reallocr.o)
 .ARM.attributes
                0x0000071c       0x2d c:/program files (x86)/cypress/psoc creator/4.3/psoc creator/import/gnu/arm/5.4.1/bin/../lib/gcc/arm-none-eabi/5.4.1/../../../../arm-none-eabi/lib/armv7-m\libg_nano.a(lib_a-sbrkr.o)
 .ARM.attributes
                0x00000749       0x2d c:/program files (x86)/cypress/psoc creator/4.3/psoc creator/import/gnu/arm/5.4.1/bin/../lib/gcc/arm-none-eabi/5.4.1/../../../../arm-none-eabi/lib/armv7-m\libg_nano.a(lib_a-mlock.o)
 .ARM.attributes
                0x00000776       0x2d c:/program files (x86)/cypress/psoc creator/4.3/psoc creator/import/gnu/arm/5.4.1/bin/../lib/gcc/arm-none-eabi/5.4.1/../../../../arm-none-eabi/lib/armv7-m\libg_nano.a(lib_a-nano-msizer.o)
 .ARM.attributes
                0x000007a3       0x2d c:/program files (x86)/cypress/psoc creator/4.3/psoc creator/import/gnu/arm/5.4.1/bin/../lib/gcc/arm-none-eabi/5.4.1/../../../../arm-none-eabi/lib/armv7-m\libg_nano.a(lib_a-reent.o)
 .ARM.attributes
                0x000007d0       0x2d c:/program files (x86)/cypress/psoc creator/4.3/psoc creator/import/gnu/arm/5.4.1/bin/../lib/gcc/arm-none-eabi/5.4.1/armv7-m/crtend.o
 .ARM.attributes
                0x000007fd       0x1d c:/program files (x86)/cypress/psoc creator/4.3/psoc creator/import/gnu/arm/5.4.1/bin/../lib/gcc/arm-none-eabi/5.4.1/armv7-m/crtn.o

/DISCARD/
 *(.note.GNU-stack)
OUTPUT(C:\Users\Lory\Desktop\psoc_assignment_git\PSoC_5_Assignment\AY1920_II_HW_05_GUALNIERA_LORENZO\AY1920_II_HW_05_PROJ_2.cydsn\CortexM3\ARM_GCC_541\Debug\AY1920_II_HW_05_PROJ_2.elf elf32-littlearm)
